Component: ARM Compiler 5.05 update 1 (build 106) Tool: armlink [4d0efa]

==============================================================================

Section Cross References

    crc8.o(.text) refers to crc8.o(.constdata) for CRC8Table
    crc16.o(.text) refers to crc16.o(.constdata) for CRC16Table
    crc32.o(.text) refers to crc32.o(.data) for tab_gen_flag
    crc32.o(.text) refers to crc32.o(.bss) for CRC32Table
    fifo.o(.text) refers to malloc.o(i.malloc) for malloc
    fifo.o(.text) refers to malloc.o(i.free) for free
    mafilter.o(.text) refers to malloc.o(i.malloc) for malloc
    mafilter.o(.text) refers to malloc.o(i.free) for free
    mafilter_f32.o(.text) refers to printfa.o(i.__0printf) for __2printf
    mafilter_f32.o(.text) refers to malloc.o(i.malloc) for malloc
    mafilter_f32.o(.text) refers to malloc.o(i.free) for free
    mafilter_i16.o(.text) refers to malloc.o(i.malloc) for malloc
    mafilter_i16.o(.text) refers to malloc.o(i.free) for free
    mafilter_i32.o(.text) refers to malloc.o(i.malloc) for malloc
    mafilter_i32.o(.text) refers to malloc.o(i.free) for free
    mecanum.o(.text) refers to f2d.o(.text) for __aeabi_f2d
    mecanum.o(.text) refers to printfa.o(i.__0printf) for __2printf
    mecanum.o(.text) refers to memseta.o(.text) for __aeabi_memclr4
    sprotocol.o(.text) refers to memcpya.o(.text) for __aeabi_memcpy
    sprotocol.o(.text) refers to crc16.o(.text) for CRC16Append
    can1bus.o(.text) refers to canbus.o(.text) for CanBusTask
    can2bus.o(.text) refers to canbus.o(.text) for CanBusTask
    controller.o(.text) refers to encoder.o(.text) for Encoder_IsOk
    controller.o(.text) refers to mecanum.o(.text) for Mecanum_Reset
    controller.o(.text) refers to f2d.o(.text) for __aeabi_f2d
    controller.o(.text) refers to ddiv.o(.text) for __aeabi_ddiv
    controller.o(.text) refers to d2f.o(.text) for __aeabi_d2f
    controller.o(.text) refers to dflti.o(.text) for __aeabi_i2d
    controller.o(.text) refers to cdrcmple.o(.text) for __aeabi_cdrcmple
    controller.o(.text) refers to printfa.o(i.__0printf) for __2printf
    controller.o(.text) refers to canbus.o(.bss) for CM3Encoder
    controller.o(.text) refers to controller.o(.data) for workingState
    controller.o(.text) refers to inputscaner.o(.data) for inputMode
    controller.o(.text) refers to controller.o(.bss) for mecanumPosition
    controller.o(.text) refers to inputscaner.o(.bss) for chassisPositionTarget
    controller.o(.text) refers to pid.o(.text) for PID_Reset
    controller.o(.text) refers to ramp.o(.text) for Ramp_ResetCounter
    controller.o(.text) refers to motor.o(.text) for SetCMCurrent
    controller.o(.text) refers to inputscaner.o(.text) for InputTask
    controller.o(.data) refers to pid.o(.text) for PID_Calc
    controller.o(.data) refers to ramp.o(.text) for Ramp_Init
    inputscaner.o(.text) refers to mafilter_f32.o(.text) for MAFilterF32_Create
    inputscaner.o(.text) refers to ramp.o(.text) for Ramp_ResetCounter
    inputscaner.o(.text) refers to f2d.o(.text) for __aeabi_f2d
    inputscaner.o(.text) refers to cdrcmple.o(.text) for __aeabi_cdrcmple
    inputscaner.o(.text) refers to cdcmple.o(.text) for __aeabi_cdcmple
    inputscaner.o(.text) refers to dflti.o(.text) for __aeabi_i2d
    inputscaner.o(.text) refers to inputscaner.o(.data) for inputMode
    inputscaner.o(.text) refers to usart1.o(.bss) for dbus
    inputscaner.o(.text) refers to inputscaner.o(.bss) for keyboard
    inputscaner.o(.text) refers to controller.o(.data) for lastWorkingState
    inputscaner.o(.text) refers to controller.o(.bss) for mecanumPosition
    inputscaner.o(.text) refers to printfa.o(i.__0printf) for __2printf
    inputscaner.o(.text) refers to fabs.o(i.__hardfp_fabs) for __hardfp_fabs
    inputscaner.o(.text) refers to mecanum.o(.text) for Mecanum_Debug
    inputscaner.o(.text) refers to controller.o(.text) for Controller_Reset
    inputscaner.o(.text) refers to dadd.o(.text) for __aeabi_dadd
    inputscaner.o(.text) refers to sdbus.o(.text) for SDBUS_Reset
    inputscaner.o(.text) refers to dmul.o(.text) for __aeabi_dmul
    inputscaner.o(.text) refers to sdbus.o(.bss) for sdbus
    inputscaner.o(.text) refers to inputscaner.o(.conststring) for .conststring
    inputscaner.o(.text) refers to d2f.o(.text) for __aeabi_d2f
    inputscaner.o(.data) refers to ramp.o(.text) for Ramp_Init
    odometry.o(.text) refers to crc16.o(.text) for CRC16Append
    odometry.o(.text) refers to odometry.o(.bss) for odom
    odometry.o(.text) refers to controller.o(.bss) for mecanumPosition
    wireless.o(.text) refers to nrf24l01.o(.text) for NRF24L01_Rx
    wireless.o(.text) refers to stm32f4xx_gpio.o(.text) for GPIO_ToggleBits
    wireless.o(.text) refers to wireless.o(.bss) for nrf_rx_buf
    canbus.o(.text) refers to encoder.o(.text) for Encoder_Process
    canbus.o(.text) refers to canbus.o(.bss) for CM1Encoder
    canbus.o(.text) refers to canbus.o(.data) for ZGyroAngle
[...]
    _printf_longlong_hex                     0x00000000   Number         0  stubs.o ABSOLUTE
    _printf_longlong_oct                     0x00000000   Number         0  stubs.o ABSOLUTE
    _printf_ls                               0x00000000   Number         0  stubs.o ABSOLUTE
    _printf_mbtowc                           0x00000000   Number         0  stubs.o ABSOLUTE
    _printf_n                                0x00000000   Number         0  stubs.o ABSOLUTE
    _printf_o                                0x00000000   Number         0  stubs.o ABSOLUTE
    _printf_p                                0x00000000   Number         0  stubs.o ABSOLUTE
    _printf_percent                          0x00000000   Number         0  stubs.o ABSOLUTE
    _printf_pre_padding                      0x00000000   Number         0  stubs.o ABSOLUTE
    _printf_return_value                     0x00000000   Number         0  stubs.o ABSOLUTE
    _printf_s                                0x00000000   Number         0  stubs.o ABSOLUTE
    _printf_sizespec                         0x00000000   Number         0  stubs.o ABSOLUTE
    _printf_str                              0x00000000   Number         0  stubs.o ABSOLUTE
    _printf_truncate_signed                  0x00000000   Number         0  stubs.o ABSOLUTE
    _printf_truncate_unsigned                0x00000000   Number         0  stubs.o ABSOLUTE
    _printf_u                                0x00000000   Number         0  stubs.o ABSOLUTE
    _printf_wc                               0x00000000   Number         0  stubs.o ABSOLUTE
    _printf_wctomb                           0x00000000   Number         0  stubs.o ABSOLUTE
    _printf_widthprec                        0x00000000   Number         0  stubs.o ABSOLUTE
    _printf_x                                0x00000000   Number         0  stubs.o ABSOLUTE
    __cpp_initialize__aeabi_                  - Undefined Weak Reference
    __cxa_finalize                            - Undefined Weak Reference
    _clock_init                               - Undefined Weak Reference
    _microlib_exit                            - Undefined Weak Reference
    __Vectors_Size                           0x000001ac   Number         0  startup_stm32f427xx.o ABSOLUTE
    __Vectors                                0x08000000   Data           4  startup_stm32f427xx.o(RESET)
    __Vectors_End                            0x080001ac   Data           0  startup_stm32f427xx.o(RESET)
    __main                                   0x080001ad   Thumb Code     0  entry.o(.ARM.Collect$$$$00000000)
    _main_stk                                0x080001ad   Thumb Code     0  entry2.o(.ARM.Collect$$$$00000001)
    _main_scatterload                        0x080001b1   Thumb Code     0  entry5.o(.ARM.Collect$$$$00000004)
    __main_after_scatterload                 0x080001b5   Thumb Code     0  entry5.o(.ARM.Collect$$$$00000004)
    _main_clock                              0x080001b5   Thumb Code     0  entry7b.o(.ARM.Collect$$$$00000008)
    _main_cpp_init                           0x080001b5   Thumb Code     0  entry8b.o(.ARM.Collect$$$$0000000A)
    _main_init                               0x080001b5   Thumb Code     0  entry9a.o(.ARM.Collect$$$$0000000B)
    __rt_final_cpp                           0x080001bd   Thumb Code     0  entry10a.o(.ARM.Collect$$$$0000000D)
    __rt_final_exit                          0x080001bd   Thumb Code     0  entry11a.o(.ARM.Collect$$$$0000000F)
    FIFO_Create                              0x080001c1   Thumb Code    54  fifo.o(.text)
    FIFO_Init                                0x080001f7   Thumb Code    12  fifo.o(.text)
    FIFO_Flush                               0x08000203   Thumb Code     8  fifo.o(.text)
    FIFO_Push                                0x0800020b   Thumb Code    72  fifo.o(.text)
    FIFO_PushBlock                           0x08000253   Thumb Code    38  fifo.o(.text)
    FIFO_IsEmpty                             0x08000279   Thumb Code    18  fifo.o(.text)
    FIFO_Pop                                 0x0800028b   Thumb Code    34  fifo.o(.text)
    FIFO_GetUsedSpace                        0x080002ad   Thumb Code    10  fifo.o(.text)
    FIFO_PopBlock                            0x080002b7   Thumb Code    46  fifo.o(.text)
    FIFO_Preread                             0x080002e5   Thumb Code    28  fifo.o(.text)
    FIFO_PrereadBlock                        0x08000301   Thumb Code    66  fifo.o(.text)
    FIFO_IsFull                              0x08000343   Thumb Code    22  fifo.o(.text)
    FIFO_GetFreeSpace                        0x08000359   Thumb Code    14  fifo.o(.text)
    FIFO_Destroy                             0x08000367   Thumb Code    14  fifo.o(.text)
    MAFilterF32_Init                         0x08000375   Thumb Code    34  mafilter_f32.o(.text)
    MAFilterF32_Create                       0x08000397   Thumb Code   122  mafilter_f32.o(.text)
    MAFilterF32_Calc                         0x08000411   Thumb Code    94  mafilter_f32.o(.text)
    MAFilterF32_Reset                        0x0800046f   Thumb Code    58  mafilter_f32.o(.text)
    PID_Reset                                0x080004dd   Thumb Code    50  pid.o(.text)
    PID_Calc                                 0x0800050f   Thumb Code   454  pid.o(.text)
    PID_Set                                  0x080006d5   Thumb Code    14  pid.o(.text)
    PID_Set_Max                              0x080006e3   Thumb Code    26  pid.o(.text)
    Ramp_Init                                0x08000701   Thumb Code     4  ramp.o(.text)
    Ramp_Calc                                0x08000705   Thumb Code    60  ramp.o(.text)
    Ramp_SetCounter                          0x08000741   Thumb Code     4  ramp.o(.text)
    Ramp_ResetCounter                        0x08000745   Thumb Code    14  ramp.o(.text)
    Ramp_SetScale                            0x08000753   Thumb Code     4  ramp.o(.text)
    Ramp_IsOverflow                          0x08000757   Thumb Code    38  ramp.o(.text)
    Ramp_GetDir                              0x0800077d   Thumb Code     6  ramp.o(.text)
    Ramp_SetDir                              0x08000783   Thumb Code     4  ramp.o(.text)
    Mecanum_Synthesis                        0x08000789   Thumb Code   158  mecanum.o(.text)
    Mecanum_Decompose                        0x08000827   Thumb Code   154  mecanum.o(.text)
    Mecanum_Debug                            0x080008c1   Thumb Code   184  mecanum.o(.text)
    Mecanum_Reset                            0x08000979   Thumb Code    14  mecanum.o(.text)
    Can1BusTask                              0x080009c9   Thumb Code    12  can1bus.o(.text)
    Can2BusTask                              0x080009d5   Thumb Code    12  can2bus.o(.text)
    ALL_Encoder_IsOk                         0x080009e1   Thumb Code    26  controller.o(.text)
    WorkingStateSM                           0x080009fb   Thumb Code   100  controller.o(.text)
    ChassisPositionControl                   0x08000a5f   Thumb Code   840  controller.o(.text)
    ChassisSpeedControl                      0x08000da7   Thumb Code   730  controller.o(.text)
    ChassisCurrentControl                    0x08001081   Thumb Code   154  controller.o(.text)
    GimbalsPositionControl                   0x0800111b   Thumb Code    82  controller.o(.text)
    GimbalsSpeedControl                      0x0800116d   Thumb Code    82  controller.o(.text)
    GimbalsCurrentControl                    0x080011bf   Thumb Code    72  controller.o(.text)
    PID_ResetAll                             0x08001207   Thumb Code   112  controller.o(.text)
    Encoder_ResetAll                         0x08001277   Thumb Code    40  controller.o(.text)
    Ramp_ResetAll                            0x0800129f   Thumb Code   254  controller.o(.text)
    Mecanum_ResetAll                         0x0800139d   Thumb Code    34  controller.o(.text)
    Controller_Reset                         0x080013bf   Thumb Code    30  controller.o(.text)
    ChassisMotorCurrentTransmit              0x080013dd   Thumb Code    32  controller.o(.text)
    GimbalsMotorCurrentTransmit              0x080013fd   Thumb Code     2  controller.o(.text)
    ControlTask                              0x080013ff   Thumb Code   384  controller.o(.text)
    GetInputMode                             0x08001609   Thumb Code    76  inputscaner.o(.text)
    GetCtrlMode                              0x08001655   Thumb Code    76  inputscaner.o(.text)
    GetSwitchState                           0x080016a1   Thumb Code    18  inputscaner.o(.text)
    GetKeyAction                             0x080016b3   Thumb Code    18  inputscaner.o(.text)
    GetSwitchPanel                           0x080016c5   Thumb Code    26  inputscaner.o(.text)
    GetKeyboard                              0x080016df   Thumb Code   130  inputscaner.o(.text)
    MAF_CALC_Mecanum                         0x08001761   Thumb Code   152  inputscaner.o(.text)
    RAMP_CALC_Mecanum                        0x080017f9   Thumb Code    82  inputscaner.o(.text)
    symbol                                   0x0800184b   Thumb Code    80  inputscaner.o(.text)
    SIMLIAR                                  0x0800189b   Thumb Code    72  inputscaner.o(.text)
    MISSED                                   0x080018e3   Thumb Code   114  inputscaner.o(.text)
    MoveGuard                                0x08001955   Thumb Code   940  inputscaner.o(.text)
    MAP                                      0x08001d01   Thumb Code   152  inputscaner.o(.text)
    GetStickCtrlChassisPositionProgramWithSpeedSetSpeed 0x08001d99   Thumb Code   916  inputscaner.o(.text)
    GetStickCtrlChassisPositionProgram       0x0800212d   Thumb Code   458  inputscaner.o(.text)
    GetStickCtrlChassisPositionProgramWithSpeed 0x080022f7   Thumb Code     8  inputscaner.o(.text)
    GetStickCtrlChassisPosition              0x080022ff   Thumb Code   350  inputscaner.o(.text)
    GetStickCtrlChassisSpeed                 0x0800245d   Thumb Code   134  inputscaner.o(.text)
    GetStickCtrlChassisCurrent               0x080024e3   Thumb Code   134  inputscaner.o(.text)
    GetStickCtrlGimbalsPosition              0x08002569   Thumb Code    92  inputscaner.o(.text)
    GetStickCtrlGimbalsSpeed                 0x080025c5   Thumb Code    92  inputscaner.o(.text)
    GetStickCtrlGimbalsCurrent               0x08002621   Thumb Code    92  inputscaner.o(.text)
    GetKeyboardCtrlChassisPosition           0x0800267d   Thumb Code   278  inputscaner.o(.text)
    GetKeyboardCtrlChassisSpeed              0x08002793   Thumb Code   374  inputscaner.o(.text)
    GetKeyboardCtrlChassisCurrent            0x08002909   Thumb Code   278  inputscaner.o(.text)
    GetMouseCtrlGimbalsPosition              0x08002a1f   Thumb Code    96  inputscaner.o(.text)
    GetMouseCtrlGimbalsSpeed                 0x08002a7f   Thumb Code    96  inputscaner.o(.text)
    GetMouseCtrlGimbalsCurrent               0x08002adf   Thumb Code    96  inputscaner.o(.text)
    InputTask                                0x08002b3f   Thumb Code   166  inputscaner.o(.text)
    CanBusTask                               0x08002c19   Thumb Code   166  canbus.o(.text)
    BSP_Config                               0x08002ce1   Thumb Code    74  bsp.o(.text)
    CAN1_Config                              0x08002d35   Thumb Code   262  can1.o(.text)
    CAN1_TX_IRQHandler                       0x08002e3b   Thumb Code    22  can1.o(.text)
    CAN1_RX0_IRQHandler                      0x08002e51   Thumb Code    46  can1.o(.text)
    CAN2_Config                              0x08002e91   Thumb Code   266  can2.o(.text)
    CAN2_TX_IRQHandler                       0x08002f9b   Thumb Code    22  can2.o(.text)
    CAN2_RX0_IRQHandler                      0x08002fb1   Thumb Code    38  can2.o(.text)
    RC_ENC                                   0x08002fe5   Thumb Code    64  dbus.o(.text)
    RC_DEC                                   0x08003025   Thumb Code    86  dbus.o(.text)
    HC_ENC                                   0x0800307b   Thumb Code    60  dbus.o(.text)
    HC_DEC                                   0x080030b7   Thumb Code    66  dbus.o(.text)
    DBUS_ENC                                 0x080030f9   Thumb Code    26  dbus.o(.text)
    DBUS_DEC                                 0x08003113   Thumb Code    26  dbus.o(.text)
    DBUS_Reset                               0x0800312d   Thumb Code    14  dbus.o(.text)
    delay_ms                                 0x0800313b   Thumb Code    28  delay.o(.text)
    delay_us                                 0x08003157   Thumb Code    26  delay.o(.text)
    Encoder_Process                          0x08003171   Thumb Code   382  encoder.o(.text)
    Encoder_IsOk                             0x080032ef   Thumb Code    16  encoder.o(.text)
    Encoder_Reset                            0x080032ff   Thumb Code    14  encoder.o(.text)
    Encoder_Debug                            0x0800330d   Thumb Code   126  encoder.o(.text)
    Led_Config                               0x080033f9   Thumb Code   100  led.o(.text)
    SetCMCurrent                             0x08003465   Thumb Code    92  motor.o(.text)
    SetGMCurrent                             0x080034c1   Thumb Code    82  motor.o(.text)
    PWM_Config                               0x08003515   Thumb Code   408  pwm.o(.text)
    SPI1_ReadWriteByte                       0x080036bd   Thumb Code    78  spi1.o(.text)
    SPI1_Init                                0x0800370b   Thumb Code   190  spi1.o(.text)
    TIM6_Config                              0x080037d1   Thumb Code    72  timer.o(.text)
    TIM6_Start                               0x08003819   Thumb Code    30  timer.o(.text)
    TIM6_Stop                                0x08003837   Thumb Code    12  timer.o(.text)
    TIM6_DAC_IRQHandler                      0x08003843   Thumb Code    34  timer.o(.text)
    TIM2_Config                              0x08003865   Thumb Code    80  timer.o(.text)
    TIM2_Start                               0x080038b5   Thumb Code    30  timer.o(.text)
    TIM2_Stop                                0x080038d3   Thumb Code    14  timer.o(.text)
    TIM2_IRQHandler                          0x080038e1   Thumb Code    30  timer.o(.text)
    Micros                                   0x080038ff   Thumb Code     8  timer.o(.text)
    USART1_Config                            0x0800390d   Thumb Code   298  usart1.o(.text)
    USART1_IRQHandler                        0x08003a37   Thumb Code   130  usart1.o(.text)
    USART2_Config                            0x08003ad9   Thumb Code   184  usart2.o(.text)
    USART2_Print                             0x08003b91   Thumb Code    28  usart2.o(.text)
    USART2_PrintString                       0x08003bad   Thumb Code    38  usart2.o(.text)
    USART2_PrintBlock                        0x08003bd3   Thumb Code    32  usart2.o(.text)
    USART2_IRQHandler                        0x08003bf3   Thumb Code   178  usart2.o(.text)
    USART3_Config                            0x08003cbd   Thumb Code   258  usart3.o(.text)
    DMA1_Stream1_IRQHandler                  0x08003dbf   Thumb Code   130  usart3.o(.text)
    fputc                                    0x08003e41   Thumb Code    32  usart3.o(.text)
    ZGyro_RST                                0x08003eb9   Thumb Code    86  zgyro.o(.text)
    NVIC_Configuration                       0x08003f15   Thumb Code     2  nvic.o(.text)
    NVIC_Set                                 0x08003f17   Thumb Code    40  nvic.o(.text)
    SDBUS_Enc                                0x08003f41   Thumb Code     2  sdbus.o(.text)
    SDBUS_Dec                                0x08003f43   Thumb Code   232  sdbus.o(.text)
    SPID_Dec                                 0x0800402b   Thumb Code   702  sdbus.o(.text)
    SPID_MAX_Dec                             0x080042e9   Thumb Code   848  sdbus.o(.text)
    SPID_POS_Dec                             0x08004639   Thumb Code   880  sdbus.o(.text)
    SPID_POS_MAX_Dec                         0x080049a9   Thumb Code   698  sdbus.o(.text)
    SDBUS_Reset                              0x08004c63   Thumb Code    14  sdbus.o(.text)
    invSqrt                                  0x08004d09   Thumb Code    56  imu.o(.text)
    Init_Quaternion                          0x08004d41   Thumb Code   586  imu.o(.text)
    IMU_getValues                            0x08004f8b   Thumb Code   138  imu.o(.text)
    IMU_AHRSupdate                           0x08005015   Thumb Code  2030  imu.o(.text)
    IMU_getQ                                 0x08005803   Thumb Code    56  imu.o(.text)
    IMU_getYawPitchRoll                      0x0800583b   Thumb Code   626  imu.o(.text)
    GetPitchYawGxGyGz                        0x08005aad   Thumb Code   206  imu.o(.text)
    MPU6050_Init                             0x08005ba9   Thumb Code   236  mpu6050_driver.o(.text)
    MPU6050_EnableInt                        0x08005c95   Thumb Code    66  mpu6050_driver.o(.text)
    MPU6050_Initialize                       0x08005cd7   Thumb Code    20  mpu6050_driver.o(.text)
    MPU6050_ReadData                         0x08005ceb   Thumb Code    44  mpu6050_driver.o(.text)
    MPU6050_DataSave                         0x08005d17   Thumb Code   494  mpu6050_driver.o(.text)
    MPU6050_getMotion6                       0x08005f05   Thumb Code   520  mpu6050_driver.o(.text)
    MPU6050_getlastMotion6                   0x0800610d   Thumb Code    52  mpu6050_driver.o(.text)
    IIC_Delay                                0x08006149   Thumb Code    26  mpu6050_i2c.o(.text)
    IIC_GPIO_Init                            0x08006163   Thumb Code    62  mpu6050_i2c.o(.text)
    IIC_SDA_Out                              0x080061a1   Thumb Code    34  mpu6050_i2c.o(.text)
    IIC_SDA_In                               0x080061c3   Thumb Code    38  mpu6050_i2c.o(.text)
    IIC_Start                                0x080061e9   Thumb Code    56  mpu6050_i2c.o(.text)
    IIC_Stop                                 0x08006221   Thumb Code    56  mpu6050_i2c.o(.text)
    IIC_Ack                                  0x08006259   Thumb Code    62  mpu6050_i2c.o(.text)
    IIC_WaitAck                              0x08006297   Thumb Code    90  mpu6050_i2c.o(.text)
    IIC_WriteBit                             0x080062f1   Thumb Code    90  mpu6050_i2c.o(.text)
    IIC_ReadBit                              0x0800634b   Thumb Code    80  mpu6050_i2c.o(.text)
    IIC_WriteData                            0x0800639b   Thumb Code    92  mpu6050_i2c.o(.text)
    IIC_ReadData                             0x080063f7   Thumb Code   146  mpu6050_i2c.o(.text)
    MPU6050_IntConfiguration                 0x080064e5   Thumb Code   124  mpu6050_interrupt.o(.text)
    EXTI9_5_IRQHandler                       0x08006561   Thumb Code   126  mpu6050_interrupt.o(.text)
    NVIC_PriorityGroupConfig                 0x080065e9   Thumb Code    10  misc.o(.text)
    NVIC_Init                                0x080065f3   Thumb Code   106  misc.o(.text)
    NVIC_SetVectorTable                      0x0800665d   Thumb Code    14  misc.o(.text)
    NVIC_SystemLPConfig                      0x0800666b   Thumb Code    34  misc.o(.text)
    SysTick_CLKSourceConfig                  0x0800668d   Thumb Code    40  misc.o(.text)
    CAN_DeInit                               0x080066c9   Thumb Code    50  stm32f4xx_can.o(.text)
    CAN_Init                                 0x080066fb   Thumb Code   276  stm32f4xx_can.o(.text)
    CAN_FilterInit                           0x0800680f   Thumb Code   258  stm32f4xx_can.o(.text)
    CAN_StructInit                           0x08006911   Thumb Code    32  stm32f4xx_can.o(.text)
    CAN_SlaveStartBank                       0x08006931   Thumb Code    48  stm32f4xx_can.o(.text)
    CAN_DBGFreeze                            0x08006961   Thumb Code    22  stm32f4xx_can.o(.text)
    CAN_TTComModeCmd                         0x08006977   Thumb Code   118  stm32f4xx_can.o(.text)
    CAN_Transmit                             0x080069ed   Thumb Code   304  stm32f4xx_can.o(.text)
    CAN_TransmitStatus                       0x08006b1d   Thumb Code   138  stm32f4xx_can.o(.text)
    CAN_CancelTransmit                       0x08006ba7   Thumb Code    48  stm32f4xx_can.o(.text)
    CAN_Receive                              0x08006bd7   Thumb Code   240  stm32f4xx_can.o(.text)
    CAN_FIFORelease                          0x08006cc7   Thumb Code    22  stm32f4xx_can.o(.text)
    CAN_MessagePending                       0x08006cdd   Thumb Code    30  stm32f4xx_can.o(.text)
    CAN_OperatingModeRequest                 0x08006cfb   Thumb Code   162  stm32f4xx_can.o(.text)
    CAN_Sleep                                0x08006d9d   Thumb Code    30  stm32f4xx_can.o(.text)
    CAN_WakeUp                               0x08006dbb   Thumb Code    48  stm32f4xx_can.o(.text)
    CAN_GetLastErrorCode                     0x08006deb   Thumb Code    12  stm32f4xx_can.o(.text)
    CAN_GetReceiveErrorCounter               0x08006df7   Thumb Code    10  stm32f4xx_can.o(.text)
    CAN_GetLSBTransmitErrorCounter           0x08006e01   Thumb Code    12  stm32f4xx_can.o(.text)
    CAN_ITConfig                             0x08006e0d   Thumb Code    18  stm32f4xx_can.o(.text)
    CAN_GetFlagStatus                        0x08006e1f   Thumb Code   120  stm32f4xx_can.o(.text)
    CAN_ClearFlag                            0x08006e97   Thumb Code    52  stm32f4xx_can.o(.text)
    CAN_GetITStatus                          0x08006edd   Thumb Code   310  stm32f4xx_can.o(.text)
    CAN_ClearITPendingBit                    0x08007013   Thumb Code   162  stm32f4xx_can.o(.text)
    DMA_DeInit                               0x080070b9   Thumb Code   324  stm32f4xx_dma.o(.text)
    DMA_Init                                 0x080071fd   Thumb Code    82  stm32f4xx_dma.o(.text)
    DMA_StructInit                           0x0800724f   Thumb Code    34  stm32f4xx_dma.o(.text)
    DMA_Cmd                                  0x08007271   Thumb Code    22  stm32f4xx_dma.o(.text)
    DMA_PeriphIncOffsetSizeConfig            0x08007287   Thumb Code    22  stm32f4xx_dma.o(.text)
    DMA_FlowControllerConfig                 0x0800729d   Thumb Code    22  stm32f4xx_dma.o(.text)
    DMA_SetCurrDataCounter                   0x080072b3   Thumb Code     4  stm32f4xx_dma.o(.text)
    DMA_GetCurrDataCounter                   0x080072b7   Thumb Code     8  stm32f4xx_dma.o(.text)
    DMA_DoubleBufferModeConfig               0x080072bf   Thumb Code    24  stm32f4xx_dma.o(.text)
    DMA_DoubleBufferModeCmd                  0x080072d7   Thumb Code    22  stm32f4xx_dma.o(.text)
    DMA_MemoryTargetConfig                   0x080072ed   Thumb Code    10  stm32f4xx_dma.o(.text)
    DMA_GetCurrentMemoryTarget               0x080072f7   Thumb Code    20  stm32f4xx_dma.o(.text)
    DMA_GetCmdStatus                         0x0800730b   Thumb Code    20  stm32f4xx_dma.o(.text)
    DMA_GetFIFOStatus                        0x0800731f   Thumb Code    12  stm32f4xx_dma.o(.text)
    DMA_GetFlagStatus                        0x0800732b   Thumb Code    56  stm32f4xx_dma.o(.text)
    DMA_ClearFlag                            0x08007363   Thumb Code    40  stm32f4xx_dma.o(.text)
    DMA_ITConfig                             0x0800738b   Thumb Code    58  stm32f4xx_dma.o(.text)
    DMA_GetITStatus                          0x080073c5   Thumb Code    84  stm32f4xx_dma.o(.text)
    DMA_ClearITPendingBit                    0x08007419   Thumb Code    40  stm32f4xx_dma.o(.text)
    EXTI_DeInit                              0x08007461   Thumb Code    28  stm32f4xx_exti.o(.text)
    EXTI_Init                                0x0800747d   Thumb Code   142  stm32f4xx_exti.o(.text)
    EXTI_StructInit                          0x0800750b   Thumb Code    16  stm32f4xx_exti.o(.text)
    EXTI_GenerateSWInterrupt                 0x0800751b   Thumb Code    16  stm32f4xx_exti.o(.text)
    EXTI_GetFlagStatus                       0x0800752b   Thumb Code    22  stm32f4xx_exti.o(.text)
    EXTI_ClearFlag                           0x08007541   Thumb Code     8  stm32f4xx_exti.o(.text)
    EXTI_GetITStatus                         0x08007549   Thumb Code    34  stm32f4xx_exti.o(.text)
    EXTI_ClearITPendingBit                   0x0800756b   Thumb Code     8  stm32f4xx_exti.o(.text)
    GPIO_DeInit                              0x0800757d   Thumb Code   220  stm32f4xx_gpio.o(.text)
    GPIO_Init                                0x08007659   Thumb Code   144  stm32f4xx_gpio.o(.text)
    GPIO_StructInit                          0x080076e9   Thumb Code    18  stm32f4xx_gpio.o(.text)
    GPIO_PinLockConfig                       0x080076fb   Thumb Code    34  stm32f4xx_gpio.o(.text)
    GPIO_ReadInputDataBit                    0x0800771d   Thumb Code    18  stm32f4xx_gpio.o(.text)
    GPIO_ReadInputData                       0x0800772f   Thumb Code     8  stm32f4xx_gpio.o(.text)
    GPIO_ReadOutputDataBit                   0x08007737   Thumb Code    18  stm32f4xx_gpio.o(.text)
    GPIO_ReadOutputData                      0x08007749   Thumb Code     8  stm32f4xx_gpio.o(.text)
    GPIO_SetBits                             0x08007751   Thumb Code     4  stm32f4xx_gpio.o(.text)
    GPIO_ResetBits                           0x08007755   Thumb Code     4  stm32f4xx_gpio.o(.text)
    GPIO_WriteBit                            0x08007759   Thumb Code    10  stm32f4xx_gpio.o(.text)
    GPIO_Write                               0x08007763   Thumb Code     4  stm32f4xx_gpio.o(.text)
    GPIO_ToggleBits                          0x08007767   Thumb Code     8  stm32f4xx_gpio.o(.text)
    GPIO_PinAFConfig                         0x0800776f   Thumb Code    70  stm32f4xx_gpio.o(.text)
    RCC_DeInit                               0x080077d9   Thumb Code    60  stm32f4xx_rcc.o(.text)
    RCC_HSEConfig                            0x08007815   Thumb Code    14  stm32f4xx_rcc.o(.text)
    RCC_GetFlagStatus                        0x08007823   Thumb Code    60  stm32f4xx_rcc.o(.text)
    RCC_WaitForHSEStartUp                    0x0800785f   Thumb Code    56  stm32f4xx_rcc.o(.text)
    RCC_AdjustHSICalibrationValue            0x08007897   Thumb Code    20  stm32f4xx_rcc.o(.text)
    RCC_HSICmd                               0x080078ab   Thumb Code     6  stm32f4xx_rcc.o(.text)
    RCC_LSEConfig                            0x080078b1   Thumb Code    46  stm32f4xx_rcc.o(.text)
    RCC_LSICmd                               0x080078df   Thumb Code     6  stm32f4xx_rcc.o(.text)
    RCC_PLLConfig                            0x080078e5   Thumb Code    32  stm32f4xx_rcc.o(.text)
    RCC_PLLCmd                               0x08007905   Thumb Code     6  stm32f4xx_rcc.o(.text)
    RCC_PLLI2SConfig                         0x0800790b   Thumb Code    14  stm32f4xx_rcc.o(.text)
    RCC_PLLI2SCmd                            0x08007919   Thumb Code     6  stm32f4xx_rcc.o(.text)
    RCC_ClockSecuritySystemCmd               0x0800791f   Thumb Code     6  stm32f4xx_rcc.o(.text)
    RCC_MCO1Config                           0x08007925   Thumb Code    28  stm32f4xx_rcc.o(.text)
    RCC_MCO2Config                           0x08007941   Thumb Code    28  stm32f4xx_rcc.o(.text)
    RCC_SYSCLKConfig                         0x0800795d   Thumb Code    20  stm32f4xx_rcc.o(.text)
    RCC_GetSYSCLKSource                      0x08007971   Thumb Code    12  stm32f4xx_rcc.o(.text)
    RCC_HCLKConfig                           0x0800797d   Thumb Code    20  stm32f4xx_rcc.o(.text)
    RCC_PCLK1Config                          0x08007991   Thumb Code    20  stm32f4xx_rcc.o(.text)
    RCC_PCLK2Config                          0x080079a5   Thumb Code    22  stm32f4xx_rcc.o(.text)
    RCC_GetClocksFreq                        0x080079bb   Thumb Code   222  stm32f4xx_rcc.o(.text)
    RCC_RTCCLKConfig                         0x08007a99   Thumb Code    54  stm32f4xx_rcc.o(.text)
    RCC_RTCCLKCmd                            0x08007acf   Thumb Code     8  stm32f4xx_rcc.o(.text)
    RCC_BackupResetCmd                       0x08007ad7   Thumb Code     8  stm32f4xx_rcc.o(.text)
    RCC_I2SCLKConfig                         0x08007adf   Thumb Code     6  stm32f4xx_rcc.o(.text)
    RCC_AHB1PeriphClockCmd                   0x08007ae5   Thumb Code    34  stm32f4xx_rcc.o(.text)
    RCC_AHB2PeriphClockCmd                   0x08007b07   Thumb Code    34  stm32f4xx_rcc.o(.text)
    RCC_AHB3PeriphClockCmd                   0x08007b29   Thumb Code    34  stm32f4xx_rcc.o(.text)
    RCC_APB1PeriphClockCmd                   0x08007b4b   Thumb Code    34  stm32f4xx_rcc.o(.text)
    RCC_APB2PeriphClockCmd                   0x08007b6d   Thumb Code    34  stm32f4xx_rcc.o(.text)
    RCC_AHB1PeriphResetCmd                   0x08007b8f   Thumb Code    34  stm32f4xx_rcc.o(.text)
    RCC_AHB2PeriphResetCmd                   0x08007bb1   Thumb Code    72  stm32f4xx_rcc.o(.text)
    RCC_AHB3PeriphResetCmd                   0x08007bf9   Thumb Code    34  stm32f4xx_rcc.o(.text)
    RCC_APB1PeriphResetCmd                   0x08007c1b   Thumb Code    34  stm32f4xx_rcc.o(.text)
    RCC_APB2PeriphResetCmd                   0x08007c3d   Thumb Code    34  stm32f4xx_rcc.o(.text)
    RCC_AHB1PeriphClockLPModeCmd             0x08007c5f   Thumb Code    34  stm32f4xx_rcc.o(.text)
    RCC_AHB2PeriphClockLPModeCmd             0x08007c81   Thumb Code    34  stm32f4xx_rcc.o(.text)
    RCC_AHB3PeriphClockLPModeCmd             0x08007ca3   Thumb Code    34  stm32f4xx_rcc.o(.text)
    RCC_APB1PeriphClockLPModeCmd             0x08007cc5   Thumb Code    34  stm32f4xx_rcc.o(.text)
    RCC_APB2PeriphClockLPModeCmd             0x08007ce7   Thumb Code    34  stm32f4xx_rcc.o(.text)
    RCC_ITConfig                             0x08007d09   Thumb Code    34  stm32f4xx_rcc.o(.text)
    RCC_ClearFlag                            0x08007d2b   Thumb Code    18  stm32f4xx_rcc.o(.text)
    RCC_GetITStatus                          0x08007d3d   Thumb Code    22  stm32f4xx_rcc.o(.text)
    RCC_ClearITPendingBit                    0x08007d53   Thumb Code     8  stm32f4xx_rcc.o(.text)
    SPI_I2S_DeInit                           0x08007d61   Thumb Code    76  stm32f4xx_spi.o(.text)
    SPI_Init                                 0x08007dad   Thumb Code    60  stm32f4xx_spi.o(.text)
    I2S_Init                                 0x08007de9   Thumb Code   350  stm32f4xx_spi.o(.text)
    SPI_StructInit                           0x08007f47   Thumb Code    24  stm32f4xx_spi.o(.text)
    I2S_StructInit                           0x08007f5f   Thumb Code    20  stm32f4xx_spi.o(.text)
    SPI_Cmd                                  0x08007f73   Thumb Code    24  stm32f4xx_spi.o(.text)
    I2S_Cmd                                  0x08007f8b   Thumb Code    24  stm32f4xx_spi.o(.text)
    SPI_DataSizeConfig                       0x08007fa3   Thumb Code    18  stm32f4xx_spi.o(.text)
    SPI_BiDirectionalLineConfig              0x08007fb5   Thumb Code    28  stm32f4xx_spi.o(.text)
    SPI_NSSInternalSoftwareConfig            0x08007fd1   Thumb Code    30  stm32f4xx_spi.o(.text)
    SPI_SSOutputCmd                          0x08007fef   Thumb Code    24  stm32f4xx_spi.o(.text)
    SPI_TIModeCmd                            0x08008007   Thumb Code    24  stm32f4xx_spi.o(.text)
    I2S_FullDuplexConfig                     0x0800801f   Thumb Code    80  stm32f4xx_spi.o(.text)
    SPI_I2S_ReceiveData                      0x0800806f   Thumb Code     6  stm32f4xx_spi.o(.text)
    SPI_I2S_SendData                         0x08008075   Thumb Code     4  stm32f4xx_spi.o(.text)
    SPI_CalculateCRC                         0x08008079   Thumb Code    24  stm32f4xx_spi.o(.text)
    SPI_TransmitCRC                          0x08008091   Thumb Code    10  stm32f4xx_spi.o(.text)
    SPI_GetCRC                               0x0800809b   Thumb Code    16  stm32f4xx_spi.o(.text)
    SPI_GetCRCPolynomial                     0x080080ab   Thumb Code     6  stm32f4xx_spi.o(.text)
    SPI_I2S_DMACmd                           0x080080b1   Thumb Code    18  stm32f4xx_spi.o(.text)
    SPI_I2S_ITConfig                         0x080080c3   Thumb Code    32  stm32f4xx_spi.o(.text)
    SPI_I2S_GetFlagStatus                    0x080080e3   Thumb Code    18  stm32f4xx_spi.o(.text)
    SPI_I2S_ClearFlag                        0x080080f5   Thumb Code     6  stm32f4xx_spi.o(.text)
    SPI_I2S_GetITStatus                      0x080080fb   Thumb Code    52  stm32f4xx_spi.o(.text)
    SPI_I2S_ClearITPendingBit                0x0800812f   Thumb Code    42  stm32f4xx_spi.o(.text)
    SYSCFG_DeInit                            0x08008159   Thumb Code    22  stm32f4xx_syscfg.o(.text)
    SYSCFG_MemoryRemapConfig                 0x0800816f   Thumb Code     6  stm32f4xx_syscfg.o(.text)
    SYSCFG_EXTILineConfig                    0x08008175   Thumb Code    66  stm32f4xx_syscfg.o(.text)
    SYSCFG_ETH_MediaInterfaceConfig          0x080081b7   Thumb Code     6  stm32f4xx_syscfg.o(.text)
    SYSCFG_CompensationCellCmd               0x080081bd   Thumb Code     6  stm32f4xx_syscfg.o(.text)
    SYSCFG_GetCompensationCellStatus         0x080081c3   Thumb Code    22  stm32f4xx_syscfg.o(.text)
    TIM_DeInit                               0x080081e5   Thumb Code   346  stm32f4xx_tim.o(.text)
    TIM_TimeBaseInit                         0x0800833f   Thumb Code   104  stm32f4xx_tim.o(.text)
    TIM_TimeBaseStructInit                   0x080083a7   Thumb Code    18  stm32f4xx_tim.o(.text)
    TIM_PrescalerConfig                      0x080083b9   Thumb Code     6  stm32f4xx_tim.o(.text)
    TIM_CounterModeConfig                    0x080083bf   Thumb Code    18  stm32f4xx_tim.o(.text)
    TIM_SetCounter                           0x080083d1   Thumb Code     4  stm32f4xx_tim.o(.text)
    TIM_SetAutoreload                        0x080083d5   Thumb Code     4  stm32f4xx_tim.o(.text)
    TIM_GetCounter                           0x080083d9   Thumb Code     6  stm32f4xx_tim.o(.text)
    TIM_GetPrescaler                         0x080083df   Thumb Code     6  stm32f4xx_tim.o(.text)
    TIM_UpdateDisableConfig                  0x080083e5   Thumb Code    24  stm32f4xx_tim.o(.text)
    TIM_UpdateRequestConfig                  0x080083fd   Thumb Code    24  stm32f4xx_tim.o(.text)
    TIM_ARRPreloadConfig                     0x08008415   Thumb Code    24  stm32f4xx_tim.o(.text)
    TIM_SelectOnePulseMode                   0x0800842d   Thumb Code    18  stm32f4xx_tim.o(.text)
    TIM_SetClockDivision                     0x0800843f   Thumb Code    18  stm32f4xx_tim.o(.text)
    TIM_Cmd                                  0x08008451   Thumb Code    24  stm32f4xx_tim.o(.text)
    TIM_OC1Init                              0x08008469   Thumb Code   114  stm32f4xx_tim.o(.text)
    TIM_OC2Init                              0x080084db   Thumb Code   154  stm32f4xx_tim.o(.text)
    TIM_OC3Init                              0x08008575   Thumb Code   204  stm32f4xx_tim.o(.text)
    TIM_OC4Init                              0x08008641   Thumb Code   112  stm32f4xx_tim.o(.text)
    TIM_OCStructInit                         0x080086b1   Thumb Code    20  stm32f4xx_tim.o(.text)
    TIM_SelectOCxM                           0x080086c5   Thumb Code    86  stm32f4xx_tim.o(.text)
    TIM_SetCompare1                          0x0800871b   Thumb Code     4  stm32f4xx_tim.o(.text)
    TIM_SetCompare2                          0x0800871f   Thumb Code     4  stm32f4xx_tim.o(.text)
    TIM_SetCompare3                          0x08008723   Thumb Code     4  stm32f4xx_tim.o(.text)
    TIM_SetCompare4                          0x08008727   Thumb Code     4  stm32f4xx_tim.o(.text)
    TIM_ForcedOC1Config                      0x0800872b   Thumb Code    18  stm32f4xx_tim.o(.text)
    TIM_ForcedOC2Config                      0x0800873d   Thumb Code    26  stm32f4xx_tim.o(.text)
    TIM_ForcedOC3Config                      0x08008757   Thumb Code    18  stm32f4xx_tim.o(.text)
    TIM_ForcedOC4Config                      0x08008769   Thumb Code    26  stm32f4xx_tim.o(.text)
    TIM_OC1PreloadConfig                     0x08008783   Thumb Code    18  stm32f4xx_tim.o(.text)
    TIM_OC2PreloadConfig                     0x08008795   Thumb Code    26  stm32f4xx_tim.o(.text)
    TIM_OC3PreloadConfig                     0x080087af   Thumb Code    18  stm32f4xx_tim.o(.text)
    TIM_OC4PreloadConfig                     0x080087c1   Thumb Code    26  stm32f4xx_tim.o(.text)
    TIM_OC1FastConfig                        0x080087db   Thumb Code    18  stm32f4xx_tim.o(.text)
    TIM_OC2FastConfig                        0x080087ed   Thumb Code    26  stm32f4xx_tim.o(.text)
    TIM_OC3FastConfig                        0x08008807   Thumb Code    18  stm32f4xx_tim.o(.text)
    TIM_OC4FastConfig                        0x08008819   Thumb Code    26  stm32f4xx_tim.o(.text)
    TIM_ClearOC1Ref                          0x08008833   Thumb Code    18  stm32f4xx_tim.o(.text)
    TIM_ClearOC2Ref                          0x08008845   Thumb Code    24  stm32f4xx_tim.o(.text)
    TIM_ClearOC3Ref                          0x0800885d   Thumb Code    18  stm32f4xx_tim.o(.text)
    TIM_ClearOC4Ref                          0x0800886f   Thumb Code    24  stm32f4xx_tim.o(.text)
    TIM_OC1PolarityConfig                    0x08008887   Thumb Code    18  stm32f4xx_tim.o(.text)
    TIM_OC1NPolarityConfig                   0x08008899   Thumb Code    18  stm32f4xx_tim.o(.text)
    TIM_OC2PolarityConfig                    0x080088ab   Thumb Code    26  stm32f4xx_tim.o(.text)
    TIM_OC2NPolarityConfig                   0x080088c5   Thumb Code    26  stm32f4xx_tim.o(.text)
    TIM_OC3PolarityConfig                    0x080088df   Thumb Code    26  stm32f4xx_tim.o(.text)
    TIM_OC3NPolarityConfig                   0x080088f9   Thumb Code    26  stm32f4xx_tim.o(.text)
    TIM_OC4PolarityConfig                    0x08008913   Thumb Code    26  stm32f4xx_tim.o(.text)
    TIM_CCxCmd                               0x0800892d   Thumb Code    30  stm32f4xx_tim.o(.text)
    TIM_CCxNCmd                              0x0800894b   Thumb Code    30  stm32f4xx_tim.o(.text)
    TIM_SetIC4Prescaler                      0x08008969   Thumb Code    26  stm32f4xx_tim.o(.text)
    TIM_SetIC3Prescaler                      0x080089d3   Thumb Code    18  stm32f4xx_tim.o(.text)
    TIM_SetIC2Prescaler                      0x08008a2d   Thumb Code    26  stm32f4xx_tim.o(.text)
    TIM_SetIC1Prescaler                      0x08008aa1   Thumb Code    18  stm32f4xx_tim.o(.text)
    TIM_ICInit                               0x08008aed   Thumb Code   110  stm32f4xx_tim.o(.text)
    TIM_ICStructInit                         0x08008b5b   Thumb Code    18  stm32f4xx_tim.o(.text)
    TIM_PWMIConfig                           0x08008b6d   Thumb Code   124  stm32f4xx_tim.o(.text)
    TIM_GetCapture1                          0x08008be9   Thumb Code     6  stm32f4xx_tim.o(.text)
    TIM_GetCapture2                          0x08008bef   Thumb Code     6  stm32f4xx_tim.o(.text)
    TIM_GetCapture3                          0x08008bf5   Thumb Code     6  stm32f4xx_tim.o(.text)
    TIM_GetCapture4                          0x08008bfb   Thumb Code     6  stm32f4xx_tim.o(.text)
    TIM_BDTRConfig                           0x08008c01   Thumb Code    32  stm32f4xx_tim.o(.text)
    TIM_BDTRStructInit                       0x08008c21   Thumb Code    18  stm32f4xx_tim.o(.text)
    TIM_CtrlPWMOutputs                       0x08008c33   Thumb Code    30  stm32f4xx_tim.o(.text)
    TIM_SelectCOM                            0x08008c51   Thumb Code    24  stm32f4xx_tim.o(.text)
    TIM_CCPreloadControl                     0x08008c69   Thumb Code    24  stm32f4xx_tim.o(.text)
    TIM_ITConfig                             0x08008c81   Thumb Code    18  stm32f4xx_tim.o(.text)
    TIM_GenerateEvent                        0x08008c93   Thumb Code     4  stm32f4xx_tim.o(.text)
    TIM_GetFlagStatus                        0x08008c97   Thumb Code    18  stm32f4xx_tim.o(.text)
    TIM_ClearFlag                            0x08008ca9   Thumb Code     6  stm32f4xx_tim.o(.text)
    TIM_GetITStatus                          0x08008caf   Thumb Code    34  stm32f4xx_tim.o(.text)
    TIM_ClearITPendingBit                    0x08008cd1   Thumb Code     6  stm32f4xx_tim.o(.text)
    TIM_DMAConfig                            0x08008cd7   Thumb Code    10  stm32f4xx_tim.o(.text)
    TIM_DMACmd                               0x08008ce1   Thumb Code    18  stm32f4xx_tim.o(.text)
    TIM_SelectCCDMA                          0x08008cf3   Thumb Code    24  stm32f4xx_tim.o(.text)
    TIM_InternalClockConfig                  0x08008d0b   Thumb Code    12  stm32f4xx_tim.o(.text)
    TIM_SelectInputTrigger                   0x08008d17   Thumb Code    18  stm32f4xx_tim.o(.text)
    TIM_ITRxExternalClockConfig              0x08008d29   Thumb Code    24  stm32f4xx_tim.o(.text)
    TIM_TIxExternalClockConfig               0x08008d41   Thumb Code    62  stm32f4xx_tim.o(.text)
    TIM_ETRConfig                            0x08008d7f   Thumb Code    28  stm32f4xx_tim.o(.text)
    TIM_ETRClockMode1Config                  0x08008d9b   Thumb Code    54  stm32f4xx_tim.o(.text)
    TIM_ETRClockMode2Config                  0x08008dd1   Thumb Code    32  stm32f4xx_tim.o(.text)
    TIM_SelectOutputTrigger                  0x08008df1   Thumb Code    18  stm32f4xx_tim.o(.text)
    TIM_SelectSlaveMode                      0x08008e03   Thumb Code    18  stm32f4xx_tim.o(.text)
    TIM_SelectMasterSlaveMode                0x08008e15   Thumb Code    18  stm32f4xx_tim.o(.text)
    TIM_EncoderInterfaceConfig               0x08008e27   Thumb Code    66  stm32f4xx_tim.o(.text)
    TIM_SelectHallSensor                     0x08008e69   Thumb Code    24  stm32f4xx_tim.o(.text)
    TIM_RemapConfig                          0x08008e81   Thumb Code     6  stm32f4xx_tim.o(.text)
    USART_DeInit                             0x08008e89   Thumb Code   156  stm32f4xx_usart.o(.text)
    USART_Init                               0x08008f25   Thumb Code   204  stm32f4xx_usart.o(.text)
    USART_StructInit                         0x08008ff1   Thumb Code    24  stm32f4xx_usart.o(.text)
    USART_ClockInit                          0x08009009   Thumb Code    32  stm32f4xx_usart.o(.text)
    USART_ClockStructInit                    0x08009029   Thumb Code    12  stm32f4xx_usart.o(.text)
    USART_Cmd                                0x08009035   Thumb Code    24  stm32f4xx_usart.o(.text)
    USART_SetPrescaler                       0x0800904d   Thumb Code    16  stm32f4xx_usart.o(.text)
    USART_OverSampling8Cmd                   0x0800905d   Thumb Code    22  stm32f4xx_usart.o(.text)
    USART_OneBitMethodCmd                    0x08009073   Thumb Code    24  stm32f4xx_usart.o(.text)
    USART_SendData                           0x0800908b   Thumb Code     8  stm32f4xx_usart.o(.text)
    USART_ReceiveData                        0x08009093   Thumb Code    10  stm32f4xx_usart.o(.text)
    USART_SetAddress                         0x0800909d   Thumb Code    18  stm32f4xx_usart.o(.text)
    USART_ReceiverWakeUpCmd                  0x080090af   Thumb Code    24  stm32f4xx_usart.o(.text)
    USART_WakeUpConfig                       0x080090c7   Thumb Code    18  stm32f4xx_usart.o(.text)
    USART_LINBreakDetectLengthConfig         0x080090d9   Thumb Code    18  stm32f4xx_usart.o(.text)
    USART_LINCmd                             0x080090eb   Thumb Code    24  stm32f4xx_usart.o(.text)
    USART_SendBreak                          0x08009103   Thumb Code    10  stm32f4xx_usart.o(.text)
    USART_HalfDuplexCmd                      0x0800910d   Thumb Code    24  stm32f4xx_usart.o(.text)
    USART_SetGuardTime                       0x08009125   Thumb Code    16  stm32f4xx_usart.o(.text)
    USART_SmartCardCmd                       0x08009135   Thumb Code    24  stm32f4xx_usart.o(.text)
    USART_SmartCardNACKCmd                   0x0800914d   Thumb Code    24  stm32f4xx_usart.o(.text)
    USART_IrDAConfig                         0x08009165   Thumb Code    18  stm32f4xx_usart.o(.text)
    USART_IrDACmd                            0x08009177   Thumb Code    24  stm32f4xx_usart.o(.text)
    USART_DMACmd                             0x0800918f   Thumb Code    18  stm32f4xx_usart.o(.text)
    USART_ITConfig                           0x080091a1   Thumb Code    74  stm32f4xx_usart.o(.text)
    USART_GetFlagStatus                      0x080091eb   Thumb Code    26  stm32f4xx_usart.o(.text)
    USART_ClearFlag                          0x08009205   Thumb Code    18  stm32f4xx_usart.o(.text)
    USART_GetITStatus                        0x08009217   Thumb Code   110  stm32f4xx_usart.o(.text)
    USART_ClearITPendingBit                  0x08009285   Thumb Code    30  stm32f4xx_usart.o(.text)
    SystemInit                               0x08009381   Thumb Code    88  system_stm32f4xx.o(.text)
    SystemCoreClockUpdate                    0x080093d9   Thumb Code   174  system_stm32f4xx.o(.text)
    Reset_Handler                            0x080094b5   Thumb Code     8  startup_stm32f427xx.o(.text)
    NMI_Handler                              0x080094bd   Thumb Code     2  startup_stm32f427xx.o(.text)
    HardFault_Handler                        0x080094bf   Thumb Code     2  startup_stm32f427xx.o(.text)
    MemManage_Handler                        0x080094c1   Thumb Code     2  startup_stm32f427xx.o(.text)
    BusFault_Handler                         0x080094c3   Thumb Code     2  startup_stm32f427xx.o(.text)
    UsageFault_Handler                       0x080094c5   Thumb Code     2  startup_stm32f427xx.o(.text)
    SVC_Handler                              0x080094c7   Thumb Code     2  startup_stm32f427xx.o(.text)
    DebugMon_Handler                         0x080094c9   Thumb Code     2  startup_stm32f427xx.o(.text)
    PendSV_Handler                           0x080094cb   Thumb Code     2  startup_stm32f427xx.o(.text)
    SysTick_Handler                          0x080094cd   Thumb Code     2  startup_stm32f427xx.o(.text)
    ADC_IRQHandler                           0x080094cf   Thumb Code     0  startup_stm32f427xx.o(.text)
    CAN1_RX1_IRQHandler                      0x080094cf   Thumb Code     0  startup_stm32f427xx.o(.text)
    CAN1_SCE_IRQHandler                      0x080094cf   Thumb Code     0  startup_stm32f427xx.o(.text)
    CAN2_RX1_IRQHandler                      0x080094cf   Thumb Code     0  startup_stm32f427xx.o(.text)
    CAN2_SCE_IRQHandler                      0x080094cf   Thumb Code     0  startup_stm32f427xx.o(.text)
    DCMI_IRQHandler                          0x080094cf   Thumb Code     0  startup_stm32f427xx.o(.text)
    DMA1_Stream0_IRQHandler                  0x080094cf   Thumb Code     0  startup_stm32f427xx.o(.text)
    DMA1_Stream2_IRQHandler                  0x080094cf   Thumb Code     0  startup_stm32f427xx.o(.text)
    DMA1_Stream3_IRQHandler                  0x080094cf   Thumb Code     0  startup_stm32f427xx.o(.text)
    DMA1_Stream4_IRQHandler                  0x080094cf   Thumb Code     0  startup_stm32f427xx.o(.text)
    DMA1_Stream5_IRQHandler                  0x080094cf   Thumb Code     0  startup_stm32f427xx.o(.text)
    DMA1_Stream6_IRQHandler                  0x080094cf   Thumb Code     0  startup_stm32f427xx.o(.text)
    DMA1_Stream7_IRQHandler                  0x080094cf   Thumb Code     0  startup_stm32f427xx.o(.text)
    DMA2D_IRQHandler                         0x080094cf   Thumb Code     0  startup_stm32f427xx.o(.text)
    DMA2_Stream0_IRQHandler                  0x080094cf   Thumb Code     0  startup_stm32f427xx.o(.text)
    DMA2_Stream1_IRQHandler                  0x080094cf   Thumb Code     0  startup_stm32f427xx.o(.text)
    DMA2_Stream2_IRQHandler                  0x080094cf   Thumb Code     0  startup_stm32f427xx.o(.text)
    DMA2_Stream3_IRQHandler                  0x080094cf   Thumb Code     0  startup_stm32f427xx.o(.text)
    DMA2_Stream4_IRQHandler                  0x080094cf   Thumb Code     0  startup_stm32f427xx.o(.text)
    DMA2_Stream5_IRQHandler                  0x080094cf   Thumb Code     0  startup_stm32f427xx.o(.text)
    DMA2_Stream6_IRQHandler                  0x080094cf   Thumb Code     0  startup_stm32f427xx.o(.text)
    DMA2_Stream7_IRQHandler                  0x080094cf   Thumb Code     0  startup_stm32f427xx.o(.text)
    ETH_IRQHandler                           0x080094cf   Thumb Code     0  startup_stm32f427xx.o(.text)
    ETH_WKUP_IRQHandler                      0x080094cf   Thumb Code     0  startup_stm32f427xx.o(.text)
    EXTI0_IRQHandler                         0x080094cf   Thumb Code     0  startup_stm32f427xx.o(.text)
    EXTI15_10_IRQHandler                     0x080094cf   Thumb Code     0  startup_stm32f427xx.o(.text)
    EXTI1_IRQHandler                         0x080094cf   Thumb Code     0  startup_stm32f427xx.o(.text)
    EXTI2_IRQHandler                         0x080094cf   Thumb Code     0  startup_stm32f427xx.o(.text)
    EXTI3_IRQHandler                         0x080094cf   Thumb Code     0  startup_stm32f427xx.o(.text)
    EXTI4_IRQHandler                         0x080094cf   Thumb Code     0  startup_stm32f427xx.o(.text)
    FLASH_IRQHandler                         0x080094cf   Thumb Code     0  startup_stm32f427xx.o(.text)
    FMC_IRQHandler                           0x080094cf   Thumb Code     0  startup_stm32f427xx.o(.text)
    FPU_IRQHandler                           0x080094cf   Thumb Code     0  startup_stm32f427xx.o(.text)
    HASH_RNG_IRQHandler                      0x080094cf   Thumb Code     0  startup_stm32f427xx.o(.text)
    I2C1_ER_IRQHandler                       0x080094cf   Thumb Code     0  startup_stm32f427xx.o(.text)
    I2C1_EV_IRQHandler                       0x080094cf   Thumb Code     0  startup_stm32f427xx.o(.text)
    I2C2_ER_IRQHandler                       0x080094cf   Thumb Code     0  startup_stm32f427xx.o(.text)
    I2C2_EV_IRQHandler                       0x080094cf   Thumb Code     0  startup_stm32f427xx.o(.text)
    I2C3_ER_IRQHandler                       0x080094cf   Thumb Code     0  startup_stm32f427xx.o(.text)
    I2C3_EV_IRQHandler                       0x080094cf   Thumb Code     0  startup_stm32f427xx.o(.text)
    OTG_FS_IRQHandler                        0x080094cf   Thumb Code     0  startup_stm32f427xx.o(.text)
    OTG_FS_WKUP_IRQHandler                   0x080094cf   Thumb Code     0  startup_stm32f427xx.o(.text)
    OTG_HS_EP1_IN_IRQHandler                 0x080094cf   Thumb Code     0  startup_stm32f427xx.o(.text)
    OTG_HS_EP1_OUT_IRQHandler                0x080094cf   Thumb Code     0  startup_stm32f427xx.o(.text)
    OTG_HS_IRQHandler                        0x080094cf   Thumb Code     0  startup_stm32f427xx.o(.text)
    OTG_HS_WKUP_IRQHandler                   0x080094cf   Thumb Code     0  startup_stm32f427xx.o(.text)
    PVD_IRQHandler                           0x080094cf   Thumb Code     0  startup_stm32f427xx.o(.text)
    RCC_IRQHandler                           0x080094cf   Thumb Code     0  startup_stm32f427xx.o(.text)
    RTC_Alarm_IRQHandler                     0x080094cf   Thumb Code     0  startup_stm32f427xx.o(.text)
    RTC_WKUP_IRQHandler                      0x080094cf   Thumb Code     0  startup_stm32f427xx.o(.text)
    SAI1_IRQHandler                          0x080094cf   Thumb Code     0  startup_stm32f427xx.o(.text)
    SDIO_IRQHandler                          0x080094cf   Thumb Code     0  startup_stm32f427xx.o(.text)
    SPI1_IRQHandler                          0x080094cf   Thumb Code     0  startup_stm32f427xx.o(.text)
    SPI2_IRQHandler                          0x080094cf   Thumb Code     0  startup_stm32f427xx.o(.text)
    SPI3_IRQHandler                          0x080094cf   Thumb Code     0  startup_stm32f427xx.o(.text)
    SPI4_IRQHandler                          0x080094cf   Thumb Code     0  startup_stm32f427xx.o(.text)
    SPI5_IRQHandler                          0x080094cf   Thumb Code     0  startup_stm32f427xx.o(.text)
    SPI6_IRQHandler                          0x080094cf   Thumb Code     0  startup_stm32f427xx.o(.text)
    TAMP_STAMP_IRQHandler                    0x080094cf   Thumb Code     0  startup_stm32f427xx.o(.text)
    TIM1_BRK_TIM9_IRQHandler                 0x080094cf   Thumb Code     0  startup_stm32f427xx.o(.text)
    TIM1_CC_IRQHandler                       0x080094cf   Thumb Code     0  startup_stm32f427xx.o(.text)
    TIM1_TRG_COM_TIM11_IRQHandler            0x080094cf   Thumb Code     0  startup_stm32f427xx.o(.text)
    TIM1_UP_TIM10_IRQHandler                 0x080094cf   Thumb Code     0  startup_stm32f427xx.o(.text)
    TIM3_IRQHandler                          0x080094cf   Thumb Code     0  startup_stm32f427xx.o(.text)
    TIM4_IRQHandler                          0x080094cf   Thumb Code     0  startup_stm32f427xx.o(.text)
    TIM5_IRQHandler                          0x080094cf   Thumb Code     0  startup_stm32f427xx.o(.text)
    TIM7_IRQHandler                          0x080094cf   Thumb Code     0  startup_stm32f427xx.o(.text)
    TIM8_BRK_TIM12_IRQHandler                0x080094cf   Thumb Code     0  startup_stm32f427xx.o(.text)
    TIM8_CC_IRQHandler                       0x080094cf   Thumb Code     0  startup_stm32f427xx.o(.text)
    TIM8_TRG_COM_TIM14_IRQHandler            0x080094cf   Thumb Code     0  startup_stm32f427xx.o(.text)
    TIM8_UP_TIM13_IRQHandler                 0x080094cf   Thumb Code     0  startup_stm32f427xx.o(.text)
    UART4_IRQHandler                         0x080094cf   Thumb Code     0  startup_stm32f427xx.o(.text)
    UART5_IRQHandler                         0x080094cf   Thumb Code     0  startup_stm32f427xx.o(.text)
    UART7_IRQHandler                         0x080094cf   Thumb Code     0  startup_stm32f427xx.o(.text)
    UART8_IRQHandler                         0x080094cf   Thumb Code     0  startup_stm32f427xx.o(.text)
    USART3_IRQHandler                        0x080094cf   Thumb Code     0  startup_stm32f427xx.o(.text)
    USART6_IRQHandler                        0x080094cf   Thumb Code     0  startup_stm32f427xx.o(.text)
    WWDG_IRQHandler                          0x080094cf   Thumb Code     0  startup_stm32f427xx.o(.text)
    NRF24L01_Init                            0x080094d9   Thumb Code   164  nrf24l01.o(.text)
    NRF24L01_ReadBuf                         0x0800957d   Thumb Code    60  nrf24l01.o(.text)
    NRF24L01_WriteBuf                        0x080095b9   Thumb Code    60  nrf24l01.o(.text)
    NRF24L01_Check                           0x080095f5   Thumb Code    78  nrf24l01.o(.text)
    NRF24L01_WriteReg                        0x08009643   Thumb Code    40  nrf24l01.o(.text)
    NRF24L01_ReadReg                         0x0800966b   Thumb Code    38  nrf24l01.o(.text)
    NRF24L01_Tx                              0x08009691   Thumb Code   108  nrf24l01.o(.text)
    NRF24L01_Rx                              0x080096fd   Thumb Code    52  nrf24l01.o(.text)
    RX_Mode                                  0x08009731   Thumb Code    88  nrf24l01.o(.text)
    TX_Mode                                  0x08009789   Thumb Code    88  nrf24l01.o(.text)
    ShowImuData                              0x080097f9   Thumb Code   130  main.o(.text)
    ShowZGyroData                            0x0800987b   Thumb Code    34  main.o(.text)
    main                                     0x0800989d   Thumb Code    90  main.o(.text)
    main_                                    0x080098f7   Thumb Code   138  main.o(.text)
    __aeabi_memset                           0x080099fd   Thumb Code    14  memseta.o(.text)
    __aeabi_memset4                          0x080099fd   Thumb Code     0  memseta.o(.text)
    __aeabi_memset8                          0x080099fd   Thumb Code     0  memseta.o(.text)
    __aeabi_memclr                           0x08009a0b   Thumb Code     4  memseta.o(.text)
    __aeabi_memclr4                          0x08009a0b   Thumb Code     0  memseta.o(.text)
    __aeabi_memclr8                          0x08009a0b   Thumb Code     0  memseta.o(.text)
    _memset$wrapper                          0x08009a0f   Thumb Code    18  memseta.o(.text)
    __aeabi_dadd                             0x08009a21   Thumb Code   322  dadd.o(.text)
    __aeabi_dsub                             0x08009b63   Thumb Code     6  dadd.o(.text)
    __aeabi_drsub                            0x08009b69   Thumb Code     6  dadd.o(.text)
    __aeabi_dmul                             0x08009b6f   Thumb Code   228  dmul.o(.text)
    __aeabi_ddiv                             0x08009c53   Thumb Code   222  ddiv.o(.text)
    __aeabi_i2d                              0x08009d31   Thumb Code    34  dflti.o(.text)
    __aeabi_f2d                              0x08009d53   Thumb Code    38  f2d.o(.text)
    __aeabi_cdcmpeq                          0x08009d79   Thumb Code     0  cdcmple.o(.text)
    __aeabi_cdcmple                          0x08009d79   Thumb Code    48  cdcmple.o(.text)
    __aeabi_cdrcmple                         0x08009da9   Thumb Code    48  cdrcmple.o(.text)
    __aeabi_d2f                              0x08009dd9   Thumb Code    56  d2f.o(.text)
    __aeabi_uidiv                            0x08009e11   Thumb Code     0  uidiv.o(.text)
    __aeabi_uidivmod                         0x08009e11   Thumb Code    44  uidiv.o(.text)
    __aeabi_uldivmod                         0x08009e3d   Thumb Code    98  uldiv.o(.text)
    __aeabi_llsl                             0x08009e9f   Thumb Code    30  llshl.o(.text)
    _ll_shift_l                              0x08009e9f   Thumb Code     0  llshl.o(.text)
    __aeabi_lasr                             0x08009ebd   Thumb Code    36  llsshr.o(.text)
    _ll_sshift_r                             0x08009ebd   Thumb Code     0  llsshr.o(.text)
    __I$use$fp                               0x08009ee1   Thumb Code     0  iusefp.o(.text)
    _float_round                             0x08009ee1   Thumb Code    18  fepilogue.o(.text)
    _float_epilogue                          0x08009ef3   Thumb Code    92  fepilogue.o(.text)
    _double_round                            0x08009f4f   Thumb Code    30  depilogue.o(.text)
    _double_epilogue                         0x08009f6d   Thumb Code   156  depilogue.o(.text)
    _dsqrt                                   0x0800a009   Thumb Code   162  dsqrt.o(.text)
    __aeabi_d2ulz                            0x0800a0ab   Thumb Code    48  dfixul.o(.text)
    __scatterload                            0x0800a0dd   Thumb Code    28  init.o(.text)
    __scatterload_rt2                        0x0800a0dd   Thumb Code     0  init.o(.text)
    __aeabi_llsr                             0x0800a101   Thumb Code    32  llushr.o(.text)
    _ll_ushift_r                             0x0800a101   Thumb Code     0  llushr.o(.text)
    __decompress                             0x0800a121   Thumb Code     0  __dczerorl2.o(.text)
    __decompress1                            0x0800a121   Thumb Code    86  __dczerorl2.o(.text)
    __0printf                                0x0800a179   Thumb Code    22  printfa.o(i.__0printf)
    __1printf                                0x0800a179   Thumb Code     0  printfa.o(i.__0printf)
    __2printf                                0x0800a179   Thumb Code     0  printfa.o(i.__0printf)
    __c89printf                              0x0800a179   Thumb Code     0  printfa.o(i.__0printf)
    printf                                   0x0800a179   Thumb Code     0  printfa.o(i.__0printf)
    __ARM_fpclassify                         0x0800a199   Thumb Code    48  fpclassify.o(i.__ARM_fpclassify)
    __hardfp_asin                            0x0800a1c9   Thumb Code   770  asin.o(i.__hardfp_asin)
    __hardfp_atan                            0x0800a529   Thumb Code   622  atan.o(i.__hardfp_atan)
    __hardfp_atan2                           0x0800a801   Thumb Code   432  atan2.o(i.__hardfp_atan2)
    __hardfp_fabs                            0x0800a9f1   Thumb Code    20  fabs.o(i.__hardfp_fabs)
    __hardfp_sqrt                            0x0800aa05   Thumb Code   122  sqrt.o(i.__hardfp_sqrt)
    __kernel_poly                            0x0800aa7f   Thumb Code   248  poly.o(i.__kernel_poly)
    __mathlib_dbl_infnan                     0x0800ab77   Thumb Code    20  dunder.o(i.__mathlib_dbl_infnan)
    __mathlib_dbl_infnan2                    0x0800ab8b   Thumb Code    20  dunder.o(i.__mathlib_dbl_infnan2)
    __mathlib_dbl_invalid                    0x0800aba1   Thumb Code    24  dunder.o(i.__mathlib_dbl_invalid)
    __mathlib_dbl_underflow                  0x0800abc1   Thumb Code    24  dunder.o(i.__mathlib_dbl_underflow)
    __scatterload_copy                       0x0800abe1   Thumb Code    14  handlers.o(i.__scatterload_copy)
    __scatterload_null                       0x0800abef   Thumb Code     2  handlers.o(i.__scatterload_null)
    __scatterload_zeroinit                   0x0800abf1   Thumb Code    14  handlers.o(i.__scatterload_zeroinit)
    __set_errno                              0x0800ac01   Thumb Code     6  errno.o(i.__set_errno)
    atan                                     0x0800b49f   Thumb Code    16  atan.o(i.atan)
    fabs                                     0x0800b4af   Thumb Code    24  fabs.o(i.fabs)
    free                                     0x0800b4c9   Thumb Code    76  malloc.o(i.free)
    malloc                                   0x0800b519   Thumb Code    92  malloc.o(i.malloc)
    sqrt                                     0x0800b585   Thumb Code   110  sqrt.o(i.sqrt)
    TX_ADDRESS                               0x0800b5f2   Data           5  nrf24l01.o(.constdata)
    RX_ADDRESS                               0x0800b5f7   Data           5  nrf24l01.o(.constdata)
    __mathlib_zero                           0x0800b6e8   Data           8  qnan.o(.constdata)
    Region$$Table$$Base                      0x0800b748   Number         0  anon$$obj.o(Region$$Table)
    Region$$Table$$Limit                     0x0800b768   Number         0  anon$$obj.o(Region$$Table)
    ms_tick                                  0x20000000   Data           4  controller.o(.data)
    debug_tick                               0x20000004   Data           4  controller.o(.data)
    workingState                             0x20000008   Data           1  controller.o(.data)
    lastWorkingState                         0x20000009   Data           1  controller.o(.data)
    chassisPositionXPid                      0x2000000c   Data          84  controller.o(.data)
    chassisPositionYPid                      0x20000060   Data          84  controller.o(.data)
    chassisPositionZPid                      0x200000b4   Data          84  controller.o(.data)
    chassisSpeedXPid                         0x20000108   Data          84  controller.o(.data)
    chassisSpeedYPid                         0x2000015c   Data          84  controller.o(.data)
    chassisSpeedZPid                         0x200001b0   Data          84  controller.o(.data)
    chassisPositionPid1                      0x20000204   Data          84  controller.o(.data)
    chassisPositionPid2                      0x20000258   Data          84  controller.o(.data)
    chassisPositionPid3                      0x200002ac   Data          84  controller.o(.data)
    chassisPositionPid4                      0x20000300   Data          84  controller.o(.data)
    chassisSpeedPid1                         0x20000354   Data          84  controller.o(.data)
    chassisSpeedPid2                         0x200003a8   Data          84  controller.o(.data)
    chassisSpeedPid3                         0x200003fc   Data          84  controller.o(.data)
    chassisSpeedPid4                         0x20000450   Data          84  controller.o(.data)
    gimbalsPositionYawPID                    0x200004a4   Data          84  controller.o(.data)
    gimbalsPositionPitchPID                  0x200004f8   Data          84  controller.o(.data)
    gimbalsSpeedYawPID                       0x2000054c   Data          84  controller.o(.data)
    gimbalsSpeedPitchPID                     0x200005a0   Data          84  controller.o(.data)
    chassisRamp                              0x200005f4   Data          48  controller.o(.data)
    gimbalsRamp                              0x20000624   Data          48  controller.o(.data)
    chassisMotorCurrent                      0x20000654   Data           8  controller.o(.data)
    gimbalsMotorCurrent                      0x2000065c   Data           4  controller.o(.data)
    inputMode                                0x20000660   Data           1  inputscaner.o(.data)
    lastInputMode                            0x20000661   Data           1  inputscaner.o(.data)
    ctrlMode                                 0x20000662   Data           1  inputscaner.o(.data)
    lastCtrlMode                             0x20000663   Data           1  inputscaner.o(.data)
    switchPanel                              0x20000664   Data           6  inputscaner.o(.data)
    gimbalsPosition                          0x2000066a   Data           8  inputscaner.o(.data)
    gimbalsSpeed                             0x20000672   Data           8  inputscaner.o(.data)
    gimbalsCurrent                           0x2000067a   Data           8  inputscaner.o(.data)
    mafilter_x                               0x20000684   Data           4  inputscaner.o(.data)
    mafilter_y                               0x20000688   Data           4  inputscaner.o(.data)
    mafilter_z                               0x2000068c   Data           4  inputscaner.o(.data)
    mafilter_x_m                             0x20000690   Data           4  inputscaner.o(.data)
    mafilter_y_m                             0x20000694   Data           4  inputscaner.o(.data)
    mafilter_z_m                             0x20000698   Data           4  inputscaner.o(.data)
    chassisRampPOS                           0x2000069c   Data          48  inputscaner.o(.data)
    maf_i                                    0x200006cc   Data           4  inputscaner.o(.data)
    ramp_i                                   0x200006d0   Data           4  inputscaner.o(.data)
    MOVE_FLAG                                0x200006d8   Data           4  inputscaner.o(.data)
    ZGyroAngle                               0x200006dc   Data           4  canbus.o(.data)
    dbuf                                     0x200006e0   Data           4  usart1.o(.data)
    usart2_tx_fifo                           0x200006e8   Data           4  usart2.o(.data)
    usart2_rx_data                           0x200006ec   Data           1  usart2.o(.data)
    exInt                                    0x200006f0   Data           4  imu.o(.data)
    eyInt                                    0x200006f4   Data           4  imu.o(.data)
    ezInt                                    0x200006f8   Data           4  imu.o(.data)
    q0                                       0x200006fc   Data           4  imu.o(.data)
    q1                                       0x20000700   Data           4  imu.o(.data)
    q2                                       0x20000704   Data           4  imu.o(.data)
    q3                                       0x20000708   Data           4  imu.o(.data)
    lastUpdate                               0x20000730   Data           4  imu.o(.data)
    now                                      0x20000734   Data           4  imu.o(.data)
    yaw_temp                                 0x20000738   Data           4  imu.o(.data)
    pitch_temp                               0x2000073c   Data           4  imu.o(.data)
    roll_temp                                0x20000740   Data           4  imu.o(.data)
    last_yaw_temp                            0x20000744   Data           4  imu.o(.data)
    last_pitch_temp                          0x20000748   Data           4  imu.o(.data)
    last_roll_temp                           0x2000074c   Data           4  imu.o(.data)
    yaw_angle                                0x20000750   Data           4  imu.o(.data)
    pitch_angle                              0x20000754   Data           4  imu.o(.data)
    roll_angle                               0x20000758   Data           4  imu.o(.data)
    MPU6050_Lastax                           0x20000760   Data           2  mpu6050_driver.o(.data)
    MPU6050_Lastay                           0x20000762   Data           2  mpu6050_driver.o(.data)
    MPU6050_Lastaz                           0x20000764   Data           2  mpu6050_driver.o(.data)
    MPU6050_Lastgx                           0x20000766   Data           2  mpu6050_driver.o(.data)
    MPU6050_Lastgy                           0x20000768   Data           2  mpu6050_driver.o(.data)
    MPU6050_Lastgz                           0x2000076a   Data           2  mpu6050_driver.o(.data)
    imu_it_flag                              0x2000076c   Data           1  mpu6050_interrupt.o(.data)
    SystemCoreClock                          0x20000780   Data           4  system_stm32f4xx.o(.data)
    AHBPrescTable                            0x20000784   Data          16  system_stm32f4xx.o(.data)
    __stdout                                 0x20000794   Data           4  stdout.o(.data)
    __microlib_freelist                      0x20000798   Data           4  mvars.o(.data)
    __microlib_freelist_initialised          0x2000079c   Data           4  mvars.o(.data)
    mecanumPosition                          0x200007a4   Data          28  controller.o(.bss)
    mecanumSpeed                             0x200007c0   Data          28  controller.o(.bss)
    mecanumCurrent                           0x200007dc   Data          28  controller.o(.bss)
    keyboard                                 0x200007f8   Data          24  inputscaner.o(.bss)
    chassisPositionTarget                    0x20000810   Data          28  inputscaner.o(.bss)
    chassisSpeedTarget                       0x2000082c   Data          28  inputscaner.o(.bss)
    CM1Encoder                               0x20000868   Data          88  canbus.o(.bss)
    CM2Encoder                               0x200008c0   Data          88  canbus.o(.bss)
    CM3Encoder                               0x20000918   Data          88  canbus.o(.bss)
    CM4Encoder                               0x20000970   Data          88  canbus.o(.bss)
    GMYEncoder                               0x200009c8   Data          88  canbus.o(.bss)
    GMPEncoder                               0x20000a20   Data          88  canbus.o(.bss)
    can1RxMsg                                0x20000a78   Data          20  can1.o(.bss)
    can2RxMsg                                0x20000a8c   Data          20  can2.o(.bss)
    usart1_dma_rx_buf                        0x20000aa0   Data          72  usart1.o(.bss)
    dbus                                     0x20000ae8   Data          22  usart1.o(.bss)
    USART_RX_BUF                             0x20000afe   Data          12  usart3.o(.bss)
    sdbus                                    0x20000b10   Data          56  sdbus.o(.bss)
    spid                                     0x20000b48   Data          24  sdbus.o(.bss)
    mygetqval                                0x20000b60   Data          36  imu.o(.bss)
    angle                                    0x20000b94   Data          12  imu.o(.bss)
    MPU6050_Raw_Data                         0x20000ba0   Data          14  mpu6050_driver.o(.bss)
    MPU6050_Real_Data                        0x20000bae   Data          28  mpu6050_driver.o(.bss)
    ahrs                                     0x20000bca   Data          12  mpu6050_driver.o(.bss)
    mpu_buf                                  0x20000bd6   Data          20  mpu6050_driver.o(.bss)
    MPU6050_FIFO                             0x20000bea   Data         132  mpu6050_driver.o(.bss)
    __heap_base                              0x20000c70   Data           0  startup_stm32f427xx.o(HEAP)
    __heap_limit                             0x20001c70   Data           0  startup_stm32f427xx.o(HEAP)
    __initial_sp                             0x20002070   Data           0  startup_stm32f427xx.o(STACK)



==============================================================================

Memory Map of the image

  Image Entry point : 0x080001ad

  Load Region LR_IROM1 (Base: 0x08000000, Size: 0x0000bf0c, Max: 0x00200000, ABSOLUTE, COMPRESSED[0x0000b838])

    Execution Region ER_IROM1 (Base: 0x08000000, Size: 0x0000b768, Max: 0x00200000, ABSOLUTE)

    Base Addr    Size         Type   Attr      Idx    E Section Name        Object

    0x08000000   0x000001ac   Data   RO         1574    RESET               startup_stm32f427xx.o
    0x080001ac   0x00000000   Code   RO         1674  * .ARM.Collect$$$$00000000  mc_w.l(entry.o)
    0x080001ac   0x00000004   Code   RO         2023    .ARM.Collect$$$$00000001  mc_w.l(entry2.o)
    0x080001b0   0x00000004   Code   RO         2026    .ARM.Collect$$$$00000004  mc_w.l(entry5.o)
    0x080001b4   0x00000000   Code   RO         2028    .ARM.Collect$$$$00000008  mc_w.l(entry7b.o)
    0x080001b4   0x00000000   Code   RO         2030    .ARM.Collect$$$$0000000A  mc_w.l(entry8b.o)
    0x080001b4   0x00000008   Code   RO         2031    .ARM.Collect$$$$0000000B  mc_w.l(entry9a.o)
    0x080001bc   0x00000000   Code   RO         2033    .ARM.Collect$$$$0000000D  mc_w.l(entry10a.o)
    0x080001bc   0x00000000   Code   RO         2035    .ARM.Collect$$$$0000000F  mc_w.l(entry11a.o)
    0x080001bc   0x00000004   Code   RO         2024    .ARM.Collect$$$$00002712  mc_w.l(entry2.o)
    0x080001c0   0x000001b4   Code   RO           72    .text               fifo.o
    0x08000374   0x00000168   Code   RO          111    .text               mafilter_f32.o
    0x080004dc   0x00000224   Code   RO          357    .text               pid.o
    0x08000700   0x00000086   Code   RO          369    .text               ramp.o
    0x08000786   0x00000002   PAD
    0x08000788   0x00000240   Code   RO          384    .text               mecanum.o
    0x080009c8   0x0000000c   Code   RO          427    .text               can1bus.o
    0x080009d4   0x0000000c   Code   RO          451    .text               can2bus.o
    0x080009e0   0x00000c28   Code   RO          475    .text               controller.o
    0x08001608   0x00001610   Code   RO          506    .text               inputscaner.o
    0x08002c18   0x000000c8   Code   RO          607    .text               canbus.o
    0x08002ce0   0x00000054   Code   RO          638    .text               bsp.o
    0x08002d34   0x0000015c   Code   RO          662    .text               can1.o
    0x08002e90   0x00000154   Code   RO          692    .text               can2.o
    0x08002fe4   0x00000156   Code   RO          749    .text               dbus.o
    0x0800313a   0x00000036   Code   RO          773    .text               delay.o
    0x08003170   0x00000288   Code   RO          797    .text               encoder.o
    0x080033f8   0x0000006c   Code   RO          821    .text               led.o
    0x08003464   0x000000ae   Code   RO          845    .text               motor.o
    0x08003512   0x00000002   PAD
    0x08003514   0x000001a8   Code   RO          869    .text               pwm.o
    0x080036bc   0x00000114   Code   RO          917    .text               spi1.o
    0x080037d0   0x0000013c   Code   RO          941    .text               timer.o
    0x0800390c   0x000001cc   Code   RO          965    .text               usart1.o
    0x08003ad8   0x000001e4   Code   RO          996    .text               usart2.o
    0x08003cbc   0x000001fc   Code   RO         1026    .text               usart3.o
    0x08003eb8   0x0000005c   Code   RO         1056    .text               zgyro.o
    0x08003f14   0x0000002a   Code   RO         1080    .text               nvic.o
    0x08003f3e   0x00000002   PAD
    0x08003f40   0x00000dc8   Code   RO         1104    .text               sdbus.o
    0x08004d08   0x00000ea0   Code   RO         1134    .text               imu.o
    0x08005ba8   0x000005a0   Code   RO         1166    .text               mpu6050_driver.o
    0x08006148   0x0000039c   Code   RO         1201    .text               mpu6050_i2c.o
    0x080064e4   0x00000104   Code   RO         1225    .text               mpu6050_interrupt.o
    0x080065e8   0x000000e0   Code   RO         1255    .text               misc.o
    0x080066c8   0x000009f0   Code   RO         1279    .text               stm32f4xx_can.o
    0x080070b8   0x000003a8   Code   RO         1303    .text               stm32f4xx_dma.o
    0x08007460   0x0000011c   Code   RO         1327    .text               stm32f4xx_exti.o
    0x0800757c   0x0000025c   Code   RO         1375    .text               stm32f4xx_gpio.o
    0x080077d8   0x00000588   Code   RO         1423    .text               stm32f4xx_rcc.o
    0x08007d60   0x000003f8   Code   RO         1449    .text               stm32f4xx_spi.o
    0x08008158   0x0000008c   Code   RO         1473    .text               stm32f4xx_syscfg.o
    0x080081e4   0x00000ca2   Code   RO         1497    .text               stm32f4xx_tim.o
    0x08008e86   0x00000002   PAD
    0x08008e88   0x0000041a   Code   RO         1521    .text               stm32f4xx_usart.o
    0x080092a2   0x00000002   PAD
    0x080092a4   0x00000210   Code   RO         1545    .text               system_stm32f4xx.o
    0x080094b4   0x00000024   Code   RO         1575    .text               startup_stm32f427xx.o
    0x080094d8   0x00000320   Code   RO         1582    .text               nrf24l01.o
    0x080097f8   0x00000204   Code   RO         1609    .text               main.o
    0x080099fc   0x00000024   Code   RO         1679    .text               mc_w.l(memseta.o)
    0x08009a20   0x0000014e   Code   RO         1972    .text               mf_w.l(dadd.o)
    0x08009b6e   0x000000e4   Code   RO         1974    .text               mf_w.l(dmul.o)
    0x08009c52   0x000000de   Code   RO         1976    .text               mf_w.l(ddiv.o)
    0x08009d30   0x00000022   Code   RO         1980    .text               mf_w.l(dflti.o)
    0x08009d52   0x00000026   Code   RO         1982    .text               mf_w.l(f2d.o)
    0x08009d78   0x00000030   Code   RO         1984    .text               mf_w.l(cdcmple.o)
    0x08009da8   0x00000030   Code   RO         1986    .text               mf_w.l(cdrcmple.o)
    0x08009dd8   0x00000038   Code   RO         1988    .text               mf_w.l(d2f.o)
    0x08009e10   0x0000002c   Code   RO         2038    .text               mc_w.l(uidiv.o)
    0x08009e3c   0x00000062   Code   RO         2040    .text               mc_w.l(uldiv.o)
    0x08009e9e   0x0000001e   Code   RO         2042    .text               mc_w.l(llshl.o)
    0x08009ebc   0x00000024   Code   RO         2044    .text               mc_w.l(llsshr.o)
    0x08009ee0   0x00000000   Code   RO         2055    .text               mc_w.l(iusefp.o)
    0x08009ee0   0x0000006e   Code   RO         2056    .text               mf_w.l(fepilogue.o)
    0x08009f4e   0x000000ba   Code   RO         2058    .text               mf_w.l(depilogue.o)
    0x0800a008   0x000000a2   Code   RO         2060    .text               mf_w.l(dsqrt.o)
    0x0800a0aa   0x00000030   Code   RO         2062    .text               mf_w.l(dfixul.o)
    0x0800a0da   0x00000002   PAD
    0x0800a0dc   0x00000024   Code   RO         2064    .text               mc_w.l(init.o)
    0x0800a100   0x00000020   Code   RO         2066    .text               mc_w.l(llushr.o)
    0x0800a120   0x00000056   Code   RO         2076    .text               mc_w.l(__dczerorl2.o)
    0x0800a176   0x00000002   PAD
    0x0800a178   0x00000020   Code   RO         1916    i.__0printf         mc_w.l(printfa.o)
    0x0800a198   0x00000030   Code   RO         2018    i.__ARM_fpclassify  m_wm.l(fpclassify.o)
    0x0800a1c8   0x00000360   Code   RO         1630    i.__hardfp_asin     m_wm.l(asin.o)
    0x0800a528   0x000002d8   Code   RO         1990    i.__hardfp_atan     m_wm.l(atan.o)
    0x0800a800   0x000001f0   Code   RO         1644    i.__hardfp_atan2    m_wm.l(atan2.o)
    0x0800a9f0   0x00000014   Code   RO         1656    i.__hardfp_fabs     m_wm.l(fabs.o)
    0x0800aa04   0x0000007a   Code   RO         1662    i.__hardfp_sqrt     m_wm.l(sqrt.o)
    0x0800aa7e   0x000000f8   Code   RO         2020    i.__kernel_poly     m_wm.l(poly.o)
    0x0800ab76   0x00000014   Code   RO         2005    i.__mathlib_dbl_infnan  m_wm.l(dunder.o)
    0x0800ab8a   0x00000014   Code   RO         2006    i.__mathlib_dbl_infnan2  m_wm.l(dunder.o)
    0x0800ab9e   0x00000002   PAD
    0x0800aba0   0x00000020   Code   RO         2007    i.__mathlib_dbl_invalid  m_wm.l(dunder.o)
    0x0800abc0   0x00000020   Code   RO         2010    i.__mathlib_dbl_underflow  m_wm.l(dunder.o)
    0x0800abe0   0x0000000e   Code   RO         2070    i.__scatterload_copy  mc_w.l(handlers.o)
    0x0800abee   0x00000002   Code   RO         2071    i.__scatterload_null  mc_w.l(handlers.o)
    0x0800abf0   0x0000000e   Code   RO         2072    i.__scatterload_zeroinit  mc_w.l(handlers.o)
    0x0800abfe   0x00000002   PAD
    0x0800ac00   0x0000000c   Code   RO         2050    i.__set_errno       mc_w.l(errno.o)
    0x0800ac0c   0x00000164   Code   RO         1923    i._fp_digits        mc_w.l(printfa.o)
    0x0800ad70   0x000006dc   Code   RO         1924    i._printf_core      mc_w.l(printfa.o)
    0x0800b44c   0x00000024   Code   RO         1925    i._printf_post_padding  mc_w.l(printfa.o)
    0x0800b470   0x0000002e   Code   RO         1926    i._printf_pre_padding  mc_w.l(printfa.o)
    0x0800b49e   0x00000010   Code   RO         1992    i.atan              m_wm.l(atan.o)
    0x0800b4ae   0x00000018   Code   RO         1658    i.fabs              m_wm.l(fabs.o)
    0x0800b4c6   0x00000002   PAD
    0x0800b4c8   0x00000050   Code   RO         1944    i.free              mc_w.l(malloc.o)
    0x0800b518   0x0000006c   Code   RO         1945    i.malloc            mc_w.l(malloc.o)
    0x0800b584   0x0000006e   Code   RO         1664    i.sqrt              m_wm.l(sqrt.o)
    0x0800b5f2   0x0000000a   Data   RO         1583    .constdata          nrf24l01.o
    0x0800b5fc   0x00000004   PAD
    0x0800b600   0x00000050   Data   RO         1633    .constdata          m_wm.l(asin.o)
    0x0800b650   0x00000098   Data   RO         1993    .constdata          m_wm.l(atan.o)
    0x0800b6e8   0x00000008   Data   RO         2022    .constdata          m_wm.l(qnan.o)
    0x0800b6f0   0x00000055   Data   RO          508    .conststring        inputscaner.o
    0x0800b745   0x00000003   PAD
    0x0800b748   0x00000020   Data   RO         2068    Region$$Table       anon$$obj.o


    Execution Region RW_IRAM1 (Base: 0x20000000, Size: 0x00002070, Max: 0x00030000, ABSOLUTE, COMPRESSED[0x000000d0])

    Base Addr    Size         Type   Attr      Idx    E Section Name        Object

    0x20000000   0x00000660   Data   RW          477    .data               controller.o
    0x20000660   0x0000007c   Data   RW          509    .data               inputscaner.o
    0x200006dc   0x00000004   Data   RW          609    .data               canbus.o
    0x200006e0   0x00000008   Data   RW          967    .data               usart1.o
    0x200006e8   0x00000005   Data   RW          997    .data               usart2.o
    0x200006ed   0x00000003   PAD
    0x200006f0   0x00000070   Data   RW         1136    .data               imu.o
    0x20000760   0x0000000c   Data   RW         1168    .data               mpu6050_driver.o
    0x2000076c   0x00000001   Data   RW         1226    .data               mpu6050_interrupt.o
    0x2000076d   0x00000010   Data   RW         1424    .data               stm32f4xx_rcc.o
    0x2000077d   0x00000003   PAD
    0x20000780   0x00000014   Data   RW         1546    .data               system_stm32f4xx.o
    0x20000794   0x00000004   Data   RW         2037    .data               mc_w.l(stdout.o)
    0x20000798   0x00000004   Data   RW         2046    .data               mc_w.l(mvars.o)
    0x2000079c   0x00000004   Data   RW         2047    .data               mc_w.l(mvars.o)
    0x200007a0   0x00000004   Data   RW         2051    .data               mc_w.l(errno.o)
    0x200007a4   0x00000054   Zero   RW          476    .bss                controller.o
    0x200007f8   0x00000070   Zero   RW          507    .bss                inputscaner.o
    0x20000868   0x00000210   Zero   RW          608    .bss                canbus.o
    0x20000a78   0x00000014   Zero   RW          663    .bss                can1.o
    0x20000a8c   0x00000014   Zero   RW          693    .bss                can2.o
    0x20000aa0   0x0000005e   Zero   RW          966    .bss                usart1.o
    0x20000afe   0x0000000c   Zero   RW         1027    .bss                usart3.o
    0x20000b0a   0x00000006   PAD
    0x20000b10   0x00000050   Zero   RW         1105    .bss                sdbus.o
    0x20000b60   0x00000040   Zero   RW         1135    .bss                imu.o
    0x20000ba0   0x000000ce   Zero   RW         1167    .bss                mpu6050_driver.o
    0x20000c6e   0x00000002   PAD
    0x20000c70   0x00001000   Zero   RW         1573    HEAP                startup_stm32f427xx.o
    0x20001c70   0x00000400   Zero   RW         1572    STACK               startup_stm32f427xx.o


==============================================================================

Image component sizes


      Code (inc. data)   RO Data    RW Data    ZI Data      Debug   Object Name

        84         10          0          0          0        509   bsp.o
       348         18          0          0         20       1205   can1.o
        12          0          0          0          0        758   can1bus.o
       340         14          0          0         20       1205   can2.o
        12          0          0          0          0        758   can2bus.o
       200         34          0          4        528       1272   canbus.o
      3112        616          0       1632         84       6362   controller.o
         0          0          0          0          0       4504   crc8.o
       342          0          0          0          0       2051   dbus.o
        54          0          0          0          0        792   delay.o
       648        110          0          0          0       1807   encoder.o
       436          0          0          0          0       4760   fifo.o
      3744        302          0        112         64       4633   imu.o
      5648        730         85        124        112      11258   inputscaner.o
       108          8          0          0          0        521   led.o
       360         52          0          0          0     292025   mafilter_f32.o
       516        124          0          0          0       1107   main.o
       576         66          0          0          0       2698   mecanum.o
       224         20          0          0          0       1789   misc.o
       174          0          0          0          0       1308   motor.o
      1440        228          0         12        206       6737   mpu6050_driver.o
       924         92          0          0          0       3716   mpu6050_i2c.o
       260         10          0          1          0       1096   mpu6050_interrupt.o
       800         24         10          0          0       3569   nrf24l01.o
        42          0          0          0          0        854   nvic.o
       548          4          0          0          0       1737   pid.o
       424         16          0          0          0        733   pwm.o
       134          0          0          0          0       2158   ramp.o
      3528        456          0          0         80       3371   sdbus.o
       276          8          0          0          0        967   spi1.o
        36          8        428          0       5120        820   startup_stm32f427xx.o
      2544         38          0          0          0       7936   stm32f4xx_can.o
       936         32          0          0          0       6265   stm32f4xx_dma.o
       284         10          0          0          0       2267   stm32f4xx_exti.o
       604         36          0          0          0       4033   stm32f4xx_gpio.o
      1416         48          0         16          0      10911   stm32f4xx_rcc.o
      1016         22          0          0          0       6745   stm32f4xx_spi.o
       140         12          0          0          0       1667   stm32f4xx_syscfg.o
      3234         60          0          0          0      22264   stm32f4xx_tim.o
      1050         26          0          0          0       7740   stm32f4xx_usart.o
       528         46          0         20          0       1807   system_stm32f4xx.o
       316          6          0          0          0       1663   timer.o
       460         32          0          8         94       1500   usart1.o
       484         24          0          5          0       1960   usart2.o
       508         88          0          0         12       1637   usart3.o
        92          6          0          0          0        552   zgyro.o

    ----------------------------------------------------------------------
     38972       3436        562       1940       6348     446027   Object Totals
         0          0         32          0          0          0   (incl. Generated)
        10          0          7          6          8          0   (incl. Padding)

    ----------------------------------------------------------------------

      Code (inc. data)   RO Data    RW Data    ZI Data      Debug   Library Member Name

       864         94         80          0          0        280   asin.o
       744        106        152          0          0        352   atan.o
       496         64          0          0          0        192   atan2.o
       104         16          0          0          0        496   dunder.o
        44          0          0          0          0        248   fabs.o
        48          0          0          0          0        124   fpclassify.o
       248          0          0          0          0        152   poly.o
         0          0          8          0          0          0   qnan.o
       232          0          0          0          0        296   sqrt.o
        86          0          0          0          0          0   __dczerorl2.o
         0          0          0          0          0          0   entry.o
         0          0          0          0          0          0   entry10a.o
         0          0          0          0          0          0   entry11a.o
         8          4          0          0          0          0   entry2.o
         4          0          0          0          0          0   entry5.o
         0          0          0          0          0          0   entry7b.o
         0          0          0          0          0          0   entry8b.o
         8          4          0          0          0          0   entry9a.o
        12          6          0          4          0         68   errno.o
        30          0          0          0          0          0   handlers.o
        36          8          0          0          0         68   init.o
         0          0          0          0          0          0   iusefp.o
        30          0          0          0          0         68   llshl.o
        36          0          0          0          0         68   llsshr.o
        32          0          0          0          0         68   llushr.o
       188         20          0          0          0        160   malloc.o
        36          0          0          0          0        108   memseta.o
         0          0          0          8          0          0   mvars.o
      2226         90          0          0          0        444   printfa.o
         0          0          0          4          0          0   stdout.o
        44          0          0          0          0         80   uidiv.o
        98          0          0          0          0         92   uldiv.o
        48          0          0          0          0         68   cdcmple.o
        48          0          0          0          0         68   cdrcmple.o
        56          0          0          0          0         88   d2f.o
       334          0          0          0          0        148   dadd.o
       222          0          0          0          0        100   ddiv.o
       186          0          0          0          0        176   depilogue.o
        48          0          0          0          0         68   dfixul.o
        34          0          0          0          0         76   dflti.o
       228          0          0          0          0         96   dmul.o
       162          0          0          0          0        100   dsqrt.o
        38          0          0          0          0         68   f2d.o
       110          0          0          0          0        168   fepilogue.o

    ----------------------------------------------------------------------
      7178        412        240         16          0       4588   Library Totals
        10          0          0          0          0          0   (incl. Padding)

    ----------------------------------------------------------------------

      Code (inc. data)   RO Data    RW Data    ZI Data      Debug   Library Name

      2780        280        240          0          0       2140   m_wm.l
      2874        132          0         16          0       1224   mc_w.l
      1514          0          0          0          0       1224   mf_w.l

    ----------------------------------------------------------------------
      7178        412        240         16          0       4588   Library Totals

    ----------------------------------------------------------------------

==============================================================================


      Code (inc. data)   RO Data    RW Data    ZI Data      Debug   

     46150       3848        802       1956       6348     440151   Grand Totals
     46150       3848        802        208       6348     440151   ELF Image Totals (compressed)
     46150       3848        802        208          0          0   ROM Totals

==============================================================================

    Total RO  Size (Code + RO Data)                46952 (  45.85kB)
    Total RW  Size (RW Data + ZI Data)              8304 (   8.11kB)
    Total ROM Size (Code + RO Data + RW Data)      47160 (  46.05kB)

==============================================================================

