Component: ARM Compiler 5.06 update 3 (build 300) Tool: armlink [4d35c9]

==============================================================================

Section Cross References

    crc8.o(.text) refers to crc8.o(.constdata) for CRC8Table
    crc16.o(.text) refers to crc16.o(.constdata) for CRC16Table
    crc32.o(.text) refers to crc32.o(.data) for tab_gen_flag
    crc32.o(.text) refers to crc32.o(.bss) for CRC32Table
    fifo.o(.text) refers to malloc.o(i.malloc) for malloc
    fifo.o(.text) refers to malloc.o(i.free) for free
    mafilter.o(.text) refers to malloc.o(i.malloc) for malloc
    mafilter.o(.text) refers to malloc.o(i.free) for free
    mafilter_f32.o(.text) refers to malloc.o(i.malloc) for malloc
    mafilter_f32.o(.text) refers to malloc.o(i.free) for free
    mafilter_i16.o(.text) refers to malloc.o(i.malloc) for malloc
    mafilter_i16.o(.text) refers to malloc.o(i.free) for free
    mafilter_i32.o(.text) refers to malloc.o(i.malloc) for malloc
    mafilter_i32.o(.text) refers to malloc.o(i.free) for free
    sprotocol.o(.text) refers to memcpya.o(.text) for __aeabi_memcpy
    sprotocol.o(.text) refers to crc16.o(.text) for CRC16Append
    can1bus.o(.text) refers to canbus.o(.text) for CanBusTask
    can2bus.o(.text) refers to canbus.o(.text) for CanBusTask
    controller.o(.text) refers to encoder.o(.text) for Encoder_IsOk
    controller.o(.text) refers to mecanum.o(.text) for Mecanum_Synthesis
    controller.o(.text) refers to pid.o(.text) for PID_Reset
    controller.o(.text) refers to ramp.o(.text) for Ramp_ResetCounter
    controller.o(.text) refers to motor.o(.text) for SetCMCurrent
    controller.o(.text) refers to controller.o(.data) for workingState
    controller.o(.text) refers to inputscaner.o(.data) for inputMode
    controller.o(.text) refers to canbus.o(.bss) for CM1Encoder
    controller.o(.text) refers to controller.o(.bss) for mecanumPosition
    controller.o(.text) refers to inputscaner.o(.bss) for chassisPosition
    controller.o(.data) refers to pid.o(.text) for PID_Calc
    controller.o(.data) refers to ramp.o(.text) for Ramp_Init
    inputscaner.o(.text) refers to inputscaner.o(.data) for inputMode
    inputscaner.o(.text) refers to usart1.o(.bss) for dbus
    inputscaner.o(.text) refers to inputscaner.o(.bss) for keyboard
    inputscaner.o(.text) refers to mafilter_f32.o(.text) for MAFilterF32_Create
    odometry.o(.text) refers to crc16.o(.text) for CRC16Append
    odometry.o(.text) refers to usart3.o(.text) for USART3_PrintBlock
    odometry.o(.text) refers to odometry.o(.bss) for odom
    odometry.o(.text) refers to controller.o(.bss) for mecanumPosition
    wireless.o(.text) refers to nrf24l01.o(.text) for NRF24L01_Rx
    wireless.o(.text) refers to stm32f4xx_gpio.o(.text) for GPIO_ToggleBits
    wireless.o(.text) refers to wireless.o(.bss) for nrf_rx_buf
    bsp.o(.text) refers to misc.o(.text) for NVIC_PriorityGroupConfig
    bsp.o(.text) refers to led.o(.text) for Led_Config
    bsp.o(.text) refers to pwm.o(.text) for PWM_Config
    bsp.o(.text) refers to can1.o(.text) for CAN1_Config
    bsp.o(.text) refers to can2.o(.text) for CAN2_Config
    bsp.o(.text) refers to usart1.o(.text) for USART1_Config
    bsp.o(.text) refers to usart2.o(.text) for USART2_Config
    bsp.o(.text) refers to usart3.o(.text) for USART3_Config
    bsp.o(.text) refers to timer.o(.text) for TIM2_Config
    bsp.o(.text) refers to stm32f4xx_gpio.o(.text) for GPIO_ResetBits
    can1.o(.text) refers to stm32f4xx_rcc.o(.text) for RCC_AHB1PeriphClockCmd
    can1.o(.text) refers to stm32f4xx_gpio.o(.text) for GPIO_PinAFConfig
    can1.o(.text) refers to misc.o(.text) for NVIC_Init
    can1.o(.text) refers to stm32f4xx_can.o(.text) for CAN_DeInit
    can1.o(.text) refers to can1bus.o(.text) for Can1BusTask
    can1.o(.text) refers to can1.o(.bss) for can1RxMsg
    can2.o(.text) refers to stm32f4xx_rcc.o(.text) for RCC_AHB1PeriphClockCmd
    can2.o(.text) refers to stm32f4xx_gpio.o(.text) for GPIO_PinAFConfig
    can2.o(.text) refers to misc.o(.text) for NVIC_Init
    can2.o(.text) refers to stm32f4xx_can.o(.text) for CAN_DeInit
    can2.o(.text) refers to can2bus.o(.text) for Can2BusTask
    can2.o(.text) refers to can2.o(.bss) for can2RxMsg
    chip.o(.text) refers to stm32f4xx_rcc.o(.text) for RCC_AHB1PeriphClockCmd
    chip.o(.text) refers to stm32f4xx_gpio.o(.text) for GPIO_Init
    chip.o(.text) refers to stm32f4xx_tim.o(.text) for TIM_TimeBaseInit
    chip.o(.text) refers to misc.o(.text) for NVIC_Init
    chip.o(.text) refers to stm32f4xx_usart.o(.text) for USART_Init
    chip.o(.text) refers to stm32f4xx_can.o(.text) for CAN_Init
    chip.o(.text) refers to stm32f4xx_dma.o(.text) for DMA_Init
    chip.o(.text) refers to stm32f4xx_exti.o(.text) for EXTI_Init
    encoder.o(.text) refers to memseta.o(.text) for __aeabi_memclr
    led.o(.text) refers to stm32f4xx_rcc.o(.text) for RCC_AHB1PeriphClockCmd
    led.o(.text) refers to stm32f4xx_gpio.o(.text) for GPIO_Init
[...]
    mz                                       0x2000041c   Data           4  imu.o(.data)
    yaw_count                                0x2000044c   Data           4  imu.o(.data)
    .data                                    0x20000450   Section       12  mpu6050_driver.o(.data)
    .data                                    0x2000045c   Section        1  mpu6050_interrupt.o(.data)
    .data                                    0x2000045d   Section       16  stm32f4xx_rcc.o(.data)
    APBAHBPrescTable                         0x2000045d   Data          16  stm32f4xx_rcc.o(.data)
    .data                                    0x20000470   Section       20  system_stm32f4xx.o(.data)
    .data                                    0x20000484   Section        4  stdout.o(.data)
    .data                                    0x20000488   Section        4  mvars.o(.data)
    .data                                    0x2000048c   Section        4  mvars.o(.data)
    .data                                    0x20000490   Section        4  errno.o(.data)
    _errno                                   0x20000490   Data           4  errno.o(.data)
    .bss                                     0x20000494   Section       84  controller.o(.bss)
    .bss                                     0x200004e8   Section       60  inputscaner.o(.bss)
    .bss                                     0x20000524   Section      528  canbus.o(.bss)
    .bss                                     0x20000734   Section       20  can1.o(.bss)
    .bss                                     0x20000748   Section       20  can2.o(.bss)
    .bss                                     0x2000075c   Section       94  usart1.o(.bss)
    .bss                                     0x200007bc   Section       64  imu.o(.bss)
    q                                        0x200007e0   Data          16  imu.o(.bss)
    .bss                                     0x200007fc   Section      206  mpu6050_driver.o(.bss)
    HEAP                                     0x200008d0   Section     4096  startup_stm32f427xx.o(HEAP)
    STACK                                    0x200018d0   Section     1024  startup_stm32f427xx.o(STACK)

    Global Symbols

    Symbol Name                              Value     Ov Type        Size  Object(Section)

    BuildAttributes$$THM_ISAv4$E$P$D$K$B$S$7EM$VFPi3$EXTD16$VFPS$VFMA$PE$A:L22UL41UL21$X:L11$S22US41US21$IEEE1$IW$USESV6$~STKCKD$USESV7$~SHL$OTIME$ROPI$IEEEX$EBA8$MICROLIB$REQ8$PRES8$EABIv2 0x00000000   Number         0  anon$$obj.o ABSOLUTE
    __ARM_use_no_argv                        0x00000000   Number         0  main.o ABSOLUTE
    _printf_a                                0x00000000   Number         0  stubs.o ABSOLUTE
    _printf_c                                0x00000000   Number         0  stubs.o ABSOLUTE
    _printf_charcount                        0x00000000   Number         0  stubs.o ABSOLUTE
    _printf_d                                0x00000000   Number         0  stubs.o ABSOLUTE
    _printf_e                                0x00000000   Number         0  stubs.o ABSOLUTE
    _printf_f                                0x00000000   Number         0  stubs.o ABSOLUTE
    _printf_flags                            0x00000000   Number         0  stubs.o ABSOLUTE
    _printf_fp_dec                           0x00000000   Number         0  stubs.o ABSOLUTE
    _printf_fp_hex                           0x00000000   Number         0  stubs.o ABSOLUTE
    _printf_g                                0x00000000   Number         0  stubs.o ABSOLUTE
    _printf_i                                0x00000000   Number         0  stubs.o ABSOLUTE
    _printf_int_dec                          0x00000000   Number         0  stubs.o ABSOLUTE
    _printf_l                                0x00000000   Number         0  stubs.o ABSOLUTE
    _printf_lc                               0x00000000   Number         0  stubs.o ABSOLUTE
    _printf_ll                               0x00000000   Number         0  stubs.o ABSOLUTE
    _printf_lld                              0x00000000   Number         0  stubs.o ABSOLUTE
    _printf_lli                              0x00000000   Number         0  stubs.o ABSOLUTE
    _printf_llo                              0x00000000   Number         0  stubs.o ABSOLUTE
    _printf_llu                              0x00000000   Number         0  stubs.o ABSOLUTE
    _printf_llx                              0x00000000   Number         0  stubs.o ABSOLUTE
    _printf_longlong_dec                     0x00000000   Number         0  stubs.o ABSOLUTE
    _printf_longlong_hex                     0x00000000   Number         0  stubs.o ABSOLUTE
    _printf_longlong_oct                     0x00000000   Number         0  stubs.o ABSOLUTE
    _printf_ls                               0x00000000   Number         0  stubs.o ABSOLUTE
    _printf_mbtowc                           0x00000000   Number         0  stubs.o ABSOLUTE
    _printf_n                                0x00000000   Number         0  stubs.o ABSOLUTE
    _printf_o                                0x00000000   Number         0  stubs.o ABSOLUTE
    _printf_p                                0x00000000   Number         0  stubs.o ABSOLUTE
    _printf_percent                          0x00000000   Number         0  stubs.o ABSOLUTE
    _printf_pre_padding                      0x00000000   Number         0  stubs.o ABSOLUTE
    _printf_return_value                     0x00000000   Number         0  stubs.o ABSOLUTE
    _printf_s                                0x00000000   Number         0  stubs.o ABSOLUTE
    _printf_sizespec                         0x00000000   Number         0  stubs.o ABSOLUTE
    _printf_str                              0x00000000   Number         0  stubs.o ABSOLUTE
    _printf_truncate_signed                  0x00000000   Number         0  stubs.o ABSOLUTE
    _printf_truncate_unsigned                0x00000000   Number         0  stubs.o ABSOLUTE
    _printf_u                                0x00000000   Number         0  stubs.o ABSOLUTE
    _printf_wc                               0x00000000   Number         0  stubs.o ABSOLUTE
    _printf_wctomb                           0x00000000   Number         0  stubs.o ABSOLUTE
    _printf_widthprec                        0x00000000   Number         0  stubs.o ABSOLUTE
    _printf_x                                0x00000000   Number         0  stubs.o ABSOLUTE
    __cpp_initialize__aeabi_                  - Undefined Weak Reference
    __cxa_finalize                            - Undefined Weak Reference
    _clock_init                               - Undefined Weak Reference
    _microlib_exit                            - Undefined Weak Reference
    __Vectors_Size                           0x000001ac   Number         0  startup_stm32f427xx.o ABSOLUTE
    __Vectors                                0x08000000   Data           4  startup_stm32f427xx.o(RESET)
    __Vectors_End                            0x080001ac   Data           0  startup_stm32f427xx.o(RESET)
    __main                                   0x080001ad   Thumb Code     0  entry.o(.ARM.Collect$$$$00000000)
    _main_stk                                0x080001ad   Thumb Code     0  entry2.o(.ARM.Collect$$$$00000001)
    _main_scatterload                        0x080001b1   Thumb Code     0  entry5.o(.ARM.Collect$$$$00000004)
    __main_after_scatterload                 0x080001b5   Thumb Code     0  entry5.o(.ARM.Collect$$$$00000004)
    _main_clock                              0x080001b5   Thumb Code     0  entry7b.o(.ARM.Collect$$$$00000008)
    _main_cpp_init                           0x080001b5   Thumb Code     0  entry8b.o(.ARM.Collect$$$$0000000A)
    _main_init                               0x080001b5   Thumb Code     0  entry9a.o(.ARM.Collect$$$$0000000B)
    __rt_final_cpp                           0x080001bd   Thumb Code     0  entry10a.o(.ARM.Collect$$$$0000000D)
    __rt_final_exit                          0x080001bd   Thumb Code     0  entry11a.o(.ARM.Collect$$$$0000000F)
    FIFO_Create                              0x080001c1   Thumb Code    54  fifo.o(.text)
    FIFO_Init                                0x080001f7   Thumb Code    12  fifo.o(.text)
    FIFO_Flush                               0x08000203   Thumb Code     8  fifo.o(.text)
    FIFO_Push                                0x0800020b   Thumb Code    72  fifo.o(.text)
    FIFO_PushBlock                           0x08000253   Thumb Code    38  fifo.o(.text)
    FIFO_IsEmpty                             0x08000279   Thumb Code    18  fifo.o(.text)
    FIFO_Pop                                 0x0800028b   Thumb Code    34  fifo.o(.text)
    FIFO_GetUsedSpace                        0x080002ad   Thumb Code    10  fifo.o(.text)
    FIFO_PopBlock                            0x080002b7   Thumb Code    46  fifo.o(.text)
    FIFO_Preread                             0x080002e5   Thumb Code    28  fifo.o(.text)
    FIFO_PrereadBlock                        0x08000301   Thumb Code    66  fifo.o(.text)
    FIFO_IsFull                              0x08000343   Thumb Code    22  fifo.o(.text)
    FIFO_GetFreeSpace                        0x08000359   Thumb Code    14  fifo.o(.text)
    FIFO_Destroy                             0x08000367   Thumb Code    14  fifo.o(.text)
    MAFilterF32_Init                         0x08000375   Thumb Code    34  mafilter_f32.o(.text)
    MAFilterF32_Create                       0x08000397   Thumb Code   110  mafilter_f32.o(.text)
    MAFilterF32_Calc                         0x08000405   Thumb Code    94  mafilter_f32.o(.text)
    MAFilterF32_Reset                        0x08000463   Thumb Code    58  mafilter_f32.o(.text)
    PID_Reset                                0x080004a1   Thumb Code    50  pid.o(.text)
    PID_Calc                                 0x080004d3   Thumb Code   390  pid.o(.text)
    Ramp_Init                                0x0800065d   Thumb Code     4  ramp.o(.text)
    Ramp_Calc                                0x08000661   Thumb Code    60  ramp.o(.text)
    Ramp_SetCounter                          0x0800069d   Thumb Code     4  ramp.o(.text)
    Ramp_ResetCounter                        0x080006a1   Thumb Code    14  ramp.o(.text)
    Ramp_SetScale                            0x080006af   Thumb Code     4  ramp.o(.text)
    Ramp_IsOverflow                          0x080006b3   Thumb Code    38  ramp.o(.text)
    Ramp_GetDir                              0x080006d9   Thumb Code     6  ramp.o(.text)
    Ramp_SetDir                              0x080006df   Thumb Code     4  ramp.o(.text)
    Mecanum_Synthesis                        0x080006e5   Thumb Code   158  mecanum.o(.text)
    Mecanum_Decompose                        0x08000783   Thumb Code   154  mecanum.o(.text)
    Can1BusTask                              0x08000825   Thumb Code    12  can1bus.o(.text)
    Can2BusTask                              0x08000831   Thumb Code    12  can2bus.o(.text)
    WorkingStateSM                           0x0800083d   Thumb Code   152  controller.o(.text)
    ChassisPositionControl                   0x080008d5   Thumb Code   142  controller.o(.text)
    ChassisSpeedControl                      0x08000963   Thumb Code   134  controller.o(.text)
    ChassisCurrentControl                    0x080009e9   Thumb Code   150  controller.o(.text)
    GimbalsPositionControl                   0x08000a7f   Thumb Code    82  controller.o(.text)
    GimbalsSpeedControl                      0x08000ad1   Thumb Code    82  controller.o(.text)
    GimbalsCurrentControl                    0x08000b23   Thumb Code    72  controller.o(.text)
    PID_ResetAll                             0x08000b6b   Thumb Code    64  controller.o(.text)
    Encoder_ResetAll                         0x08000bab   Thumb Code    40  controller.o(.text)
    Ramp_ResetAll                            0x08000bd3   Thumb Code    16  controller.o(.text)
    Controller_Reset                         0x08000be3   Thumb Code    16  controller.o(.text)
    ChassisMotorCurrentTransmit              0x08000bf3   Thumb Code    32  controller.o(.text)
    GimbalsMotorCurrentTransmit              0x08000c13   Thumb Code   154  controller.o(.text)
    ControlTask                              0x08000cad   Thumb Code   180  controller.o(.text)
    GetInputMode                             0x08000d71   Thumb Code    62  inputscaner.o(.text)
    GetCtrlMode                              0x08000daf   Thumb Code    62  inputscaner.o(.text)
    GetSwitchState                           0x08000ded   Thumb Code    18  inputscaner.o(.text)
    GetKeyAction                             0x08000dff   Thumb Code    18  inputscaner.o(.text)
    GetSwitchPanel                           0x08000e11   Thumb Code    26  inputscaner.o(.text)
    GetKeyboard                              0x08000e2b   Thumb Code   130  inputscaner.o(.text)
    GetStickCtrlChassisPosition              0x08000ead   Thumb Code   142  inputscaner.o(.text)
    GetStickCtrlChassisSpeed                 0x08000f3b   Thumb Code   142  inputscaner.o(.text)
    GetStickCtrlChassisCurrent               0x08000fc9   Thumb Code   142  inputscaner.o(.text)
    GetStickCtrlGimbalsPosition              0x08001057   Thumb Code    96  inputscaner.o(.text)
    GetStickCtrlGimbalsSpeed                 0x080010b7   Thumb Code    96  inputscaner.o(.text)
    GetStickCtrlGimbalsCurrent               0x08001117   Thumb Code   170  inputscaner.o(.text)
    GetKeyboardCtrlChassisPosition           0x080011c1   Thumb Code   290  inputscaner.o(.text)
    GetKeyboardCtrlChassisSpeed              0x080012e3   Thumb Code   290  inputscaner.o(.text)
    GetKeyboardCtrlChassisCurrent            0x08001405   Thumb Code   290  inputscaner.o(.text)
    GetMouseCtrlGimbalsPosition              0x08001527   Thumb Code   100  inputscaner.o(.text)
    GetMouseCtrlGimbalsSpeed                 0x0800158b   Thumb Code   170  inputscaner.o(.text)
    GetMouseCtrlGimbalsCurrent               0x08001635   Thumb Code   100  inputscaner.o(.text)
    InputTask                                0x08001699   Thumb Code   144  inputscaner.o(.text)
    CanBusTask                               0x08001741   Thumb Code     6  canbus.o(.text)
    BSP_Config                               0x08001749   Thumb Code    74  bsp.o(.text)
    CAN1_Config                              0x0800179d   Thumb Code   262  can1.o(.text)
    CAN1_TX_IRQHandler                       0x080018a3   Thumb Code    22  can1.o(.text)
    CAN1_RX0_IRQHandler                      0x080018b9   Thumb Code    46  can1.o(.text)
    CAN2_Config                              0x080018f9   Thumb Code   264  can2.o(.text)
    CAN2_TX_IRQHandler                       0x08001a01   Thumb Code    22  can2.o(.text)
    CAN2_RX0_IRQHandler                      0x08001a17   Thumb Code    38  can2.o(.text)
    RC_ENC                                   0x08001a49   Thumb Code    64  dbus.o(.text)
    RC_DEC                                   0x08001a89   Thumb Code    86  dbus.o(.text)
    HC_ENC                                   0x08001adf   Thumb Code    60  dbus.o(.text)
    HC_DEC                                   0x08001b1b   Thumb Code    66  dbus.o(.text)
    DBUS_ENC                                 0x08001b5d   Thumb Code    26  dbus.o(.text)
    DBUS_DEC                                 0x08001b77   Thumb Code    26  dbus.o(.text)
    delay_ms                                 0x08001b91   Thumb Code    28  delay.o(.text)
    delay_us                                 0x08001bad   Thumb Code    26  delay.o(.text)
    Encoder_Process                          0x08001bc9   Thumb Code   384  encoder.o(.text)
    Encoder_IsOk                             0x08001d49   Thumb Code    16  encoder.o(.text)
    Encoder_Reset                            0x08001d59   Thumb Code    14  encoder.o(.text)
    Led_Config                               0x08001d7d   Thumb Code   100  led.o(.text)
    SetCMCurrent                             0x08001de9   Thumb Code    92  motor.o(.text)
    SetGMCurrent                             0x08001e45   Thumb Code    82  motor.o(.text)
    PWM_Config                               0x08001e99   Thumb Code   408  pwm.o(.text)
    SPI1_ReadWriteByte                       0x08002041   Thumb Code    78  spi1.o(.text)
    SPI1_Init                                0x0800208f   Thumb Code   190  spi1.o(.text)
    TIM6_Config                              0x08002155   Thumb Code    72  timer.o(.text)
    TIM6_Start                               0x0800219d   Thumb Code    30  timer.o(.text)
    TIM6_Stop                                0x080021bb   Thumb Code    12  timer.o(.text)
    TIM6_DAC_IRQHandler                      0x080021c7   Thumb Code    34  timer.o(.text)
    TIM2_Config                              0x080021e9   Thumb Code    80  timer.o(.text)
    TIM2_Start                               0x08002239   Thumb Code    30  timer.o(.text)
    TIM2_Stop                                0x08002257   Thumb Code    14  timer.o(.text)
    TIM2_IRQHandler                          0x08002265   Thumb Code    30  timer.o(.text)
    Micros                                   0x08002283   Thumb Code     8  timer.o(.text)
    USART1_Config                            0x08002291   Thumb Code   298  usart1.o(.text)
    USART1_IRQHandler                        0x080023bb   Thumb Code   134  usart1.o(.text)
    USART2_Config                            0x08002461   Thumb Code   184  usart2.o(.text)
    USART2_Print                             0x08002519   Thumb Code    28  usart2.o(.text)
    USART2_PrintString                       0x08002535   Thumb Code    38  usart2.o(.text)
    USART2_PrintBlock                        0x0800255b   Thumb Code    32  usart2.o(.text)
    USART2_IRQHandler                        0x0800257b   Thumb Code   178  usart2.o(.text)
    USART3_Config                            0x08002645   Thumb Code   190  usart3.o(.text)
    USART3_Print                             0x08002703   Thumb Code    28  usart3.o(.text)
    USART3_PrintString                       0x0800271f   Thumb Code    46  usart3.o(.text)
    USART3_PrintBlock                        0x0800274d   Thumb Code    32  usart3.o(.text)
    fputc                                    0x0800276d   Thumb Code    32  usart3.o(.text)
    USART3_IRQHandler                        0x0800278d   Thumb Code    84  usart3.o(.text)
    ZGyro_RST                                0x080027f1   Thumb Code    86  zgyro.o(.text)
    invSqrt                                  0x0800284d   Thumb Code    56  imu.o(.text)
    Init_Quaternion                          0x08002885   Thumb Code   586  imu.o(.text)
    IMU_getValues                            0x08002acf   Thumb Code   138  imu.o(.text)
    IMU_AHRSupdate                           0x08002b59   Thumb Code  2030  imu.o(.text)
    IMU_getQ                                 0x08003347   Thumb Code    56  imu.o(.text)
    IMU_getYawPitchRoll                      0x0800337f   Thumb Code   626  imu.o(.text)
    GetPitchYawGxGyGz                        0x080035f1   Thumb Code   206  imu.o(.text)
    MPU6050_Init                             0x080036ed   Thumb Code   236  mpu6050_driver.o(.text)
    MPU6050_EnableInt                        0x080037d9   Thumb Code    66  mpu6050_driver.o(.text)
    MPU6050_Initialize                       0x0800381b   Thumb Code    20  mpu6050_driver.o(.text)
    MPU6050_ReadData                         0x0800382f   Thumb Code    44  mpu6050_driver.o(.text)
    MPU6050_DataSave                         0x0800385b   Thumb Code   494  mpu6050_driver.o(.text)
    MPU6050_getMotion6                       0x08003a49   Thumb Code   520  mpu6050_driver.o(.text)
    MPU6050_getlastMotion6                   0x08003c51   Thumb Code    52  mpu6050_driver.o(.text)
    IIC_Delay                                0x08003c8d   Thumb Code    26  mpu6050_i2c.o(.text)
    IIC_GPIO_Init                            0x08003ca7   Thumb Code    62  mpu6050_i2c.o(.text)
    IIC_SDA_Out                              0x08003ce5   Thumb Code    34  mpu6050_i2c.o(.text)
    IIC_SDA_In                               0x08003d07   Thumb Code    38  mpu6050_i2c.o(.text)
    IIC_Start                                0x08003d2d   Thumb Code    56  mpu6050_i2c.o(.text)
    IIC_Stop                                 0x08003d65   Thumb Code    56  mpu6050_i2c.o(.text)
    IIC_Ack                                  0x08003d9d   Thumb Code    62  mpu6050_i2c.o(.text)
    IIC_WaitAck                              0x08003ddb   Thumb Code    90  mpu6050_i2c.o(.text)
    IIC_WriteBit                             0x08003e35   Thumb Code    90  mpu6050_i2c.o(.text)
    IIC_ReadBit                              0x08003e8f   Thumb Code    80  mpu6050_i2c.o(.text)
    IIC_WriteData                            0x08003edf   Thumb Code    92  mpu6050_i2c.o(.text)
    IIC_ReadData                             0x08003f3b   Thumb Code   146  mpu6050_i2c.o(.text)
    MPU6050_IntConfiguration                 0x08004029   Thumb Code   124  mpu6050_interrupt.o(.text)
    EXTI9_5_IRQHandler                       0x080040a5   Thumb Code   126  mpu6050_interrupt.o(.text)
    NVIC_PriorityGroupConfig                 0x0800412d   Thumb Code    10  misc.o(.text)
    NVIC_Init                                0x08004137   Thumb Code   106  misc.o(.text)
    NVIC_SetVectorTable                      0x080041a1   Thumb Code    14  misc.o(.text)
    NVIC_SystemLPConfig                      0x080041af   Thumb Code    34  misc.o(.text)
    SysTick_CLKSourceConfig                  0x080041d1   Thumb Code    40  misc.o(.text)
    CAN_DeInit                               0x0800420d   Thumb Code    50  stm32f4xx_can.o(.text)
    CAN_Init                                 0x0800423f   Thumb Code   276  stm32f4xx_can.o(.text)
    CAN_FilterInit                           0x08004353   Thumb Code   258  stm32f4xx_can.o(.text)
    CAN_StructInit                           0x08004455   Thumb Code    32  stm32f4xx_can.o(.text)
    CAN_SlaveStartBank                       0x08004475   Thumb Code    48  stm32f4xx_can.o(.text)
    CAN_DBGFreeze                            0x080044a5   Thumb Code    22  stm32f4xx_can.o(.text)
    CAN_TTComModeCmd                         0x080044bb   Thumb Code   118  stm32f4xx_can.o(.text)
    CAN_Transmit                             0x08004531   Thumb Code   304  stm32f4xx_can.o(.text)
    CAN_TransmitStatus                       0x08004661   Thumb Code   138  stm32f4xx_can.o(.text)
    CAN_CancelTransmit                       0x080046eb   Thumb Code    48  stm32f4xx_can.o(.text)
    CAN_Receive                              0x0800471b   Thumb Code   240  stm32f4xx_can.o(.text)
    CAN_FIFORelease                          0x0800480b   Thumb Code    22  stm32f4xx_can.o(.text)
    CAN_MessagePending                       0x08004821   Thumb Code    30  stm32f4xx_can.o(.text)
    CAN_OperatingModeRequest                 0x0800483f   Thumb Code   162  stm32f4xx_can.o(.text)
    CAN_Sleep                                0x080048e1   Thumb Code    30  stm32f4xx_can.o(.text)
    CAN_WakeUp                               0x080048ff   Thumb Code    48  stm32f4xx_can.o(.text)
    CAN_GetLastErrorCode                     0x0800492f   Thumb Code    12  stm32f4xx_can.o(.text)
    CAN_GetReceiveErrorCounter               0x0800493b   Thumb Code    10  stm32f4xx_can.o(.text)
    CAN_GetLSBTransmitErrorCounter           0x08004945   Thumb Code    12  stm32f4xx_can.o(.text)
    CAN_ITConfig                             0x08004951   Thumb Code    18  stm32f4xx_can.o(.text)
    CAN_GetFlagStatus                        0x08004963   Thumb Code   120  stm32f4xx_can.o(.text)
    CAN_ClearFlag                            0x080049db   Thumb Code    52  stm32f4xx_can.o(.text)
    CAN_GetITStatus                          0x08004a21   Thumb Code   310  stm32f4xx_can.o(.text)
    CAN_ClearITPendingBit                    0x08004b57   Thumb Code   162  stm32f4xx_can.o(.text)
    DMA_DeInit                               0x08004bfd   Thumb Code   324  stm32f4xx_dma.o(.text)
    DMA_Init                                 0x08004d41   Thumb Code    82  stm32f4xx_dma.o(.text)
    DMA_StructInit                           0x08004d93   Thumb Code    34  stm32f4xx_dma.o(.text)
    DMA_Cmd                                  0x08004db5   Thumb Code    22  stm32f4xx_dma.o(.text)
    DMA_PeriphIncOffsetSizeConfig            0x08004dcb   Thumb Code    22  stm32f4xx_dma.o(.text)
    DMA_FlowControllerConfig                 0x08004de1   Thumb Code    22  stm32f4xx_dma.o(.text)
    DMA_SetCurrDataCounter                   0x08004df7   Thumb Code     4  stm32f4xx_dma.o(.text)
    DMA_GetCurrDataCounter                   0x08004dfb   Thumb Code     8  stm32f4xx_dma.o(.text)
    DMA_DoubleBufferModeConfig               0x08004e03   Thumb Code    24  stm32f4xx_dma.o(.text)
    DMA_DoubleBufferModeCmd                  0x08004e1b   Thumb Code    22  stm32f4xx_dma.o(.text)
    DMA_MemoryTargetConfig                   0x08004e31   Thumb Code    10  stm32f4xx_dma.o(.text)
    DMA_GetCurrentMemoryTarget               0x08004e3b   Thumb Code    20  stm32f4xx_dma.o(.text)
    DMA_GetCmdStatus                         0x08004e4f   Thumb Code    20  stm32f4xx_dma.o(.text)
    DMA_GetFIFOStatus                        0x08004e63   Thumb Code    12  stm32f4xx_dma.o(.text)
    DMA_GetFlagStatus                        0x08004e6f   Thumb Code    56  stm32f4xx_dma.o(.text)
    DMA_ClearFlag                            0x08004ea7   Thumb Code    40  stm32f4xx_dma.o(.text)
    DMA_ITConfig                             0x08004ecf   Thumb Code    58  stm32f4xx_dma.o(.text)
    DMA_GetITStatus                          0x08004f09   Thumb Code    84  stm32f4xx_dma.o(.text)
    DMA_ClearITPendingBit                    0x08004f5d   Thumb Code    40  stm32f4xx_dma.o(.text)
    EXTI_DeInit                              0x08004fa5   Thumb Code    28  stm32f4xx_exti.o(.text)
    EXTI_Init                                0x08004fc1   Thumb Code   142  stm32f4xx_exti.o(.text)
    EXTI_StructInit                          0x0800504f   Thumb Code    16  stm32f4xx_exti.o(.text)
    EXTI_GenerateSWInterrupt                 0x0800505f   Thumb Code    16  stm32f4xx_exti.o(.text)
    EXTI_GetFlagStatus                       0x0800506f   Thumb Code    22  stm32f4xx_exti.o(.text)
    EXTI_ClearFlag                           0x08005085   Thumb Code     8  stm32f4xx_exti.o(.text)
    EXTI_GetITStatus                         0x0800508d   Thumb Code    34  stm32f4xx_exti.o(.text)
    EXTI_ClearITPendingBit                   0x080050af   Thumb Code     8  stm32f4xx_exti.o(.text)
    GPIO_DeInit                              0x080050c1   Thumb Code   220  stm32f4xx_gpio.o(.text)
    GPIO_Init                                0x0800519d   Thumb Code   144  stm32f4xx_gpio.o(.text)
    GPIO_StructInit                          0x0800522d   Thumb Code    18  stm32f4xx_gpio.o(.text)
    GPIO_PinLockConfig                       0x0800523f   Thumb Code    34  stm32f4xx_gpio.o(.text)
    GPIO_ReadInputDataBit                    0x08005261   Thumb Code    18  stm32f4xx_gpio.o(.text)
    GPIO_ReadInputData                       0x08005273   Thumb Code     8  stm32f4xx_gpio.o(.text)
    GPIO_ReadOutputDataBit                   0x0800527b   Thumb Code    18  stm32f4xx_gpio.o(.text)
    GPIO_ReadOutputData                      0x0800528d   Thumb Code     8  stm32f4xx_gpio.o(.text)
    GPIO_SetBits                             0x08005295   Thumb Code     4  stm32f4xx_gpio.o(.text)
    GPIO_ResetBits                           0x08005299   Thumb Code     4  stm32f4xx_gpio.o(.text)
    GPIO_WriteBit                            0x0800529d   Thumb Code    10  stm32f4xx_gpio.o(.text)
    GPIO_Write                               0x080052a7   Thumb Code     4  stm32f4xx_gpio.o(.text)
    GPIO_ToggleBits                          0x080052ab   Thumb Code     8  stm32f4xx_gpio.o(.text)
    GPIO_PinAFConfig                         0x080052b3   Thumb Code    70  stm32f4xx_gpio.o(.text)
    RCC_DeInit                               0x0800531d   Thumb Code    60  stm32f4xx_rcc.o(.text)
    RCC_HSEConfig                            0x08005359   Thumb Code    14  stm32f4xx_rcc.o(.text)
    RCC_GetFlagStatus                        0x08005367   Thumb Code    60  stm32f4xx_rcc.o(.text)
    RCC_WaitForHSEStartUp                    0x080053a3   Thumb Code    56  stm32f4xx_rcc.o(.text)
    RCC_AdjustHSICalibrationValue            0x080053db   Thumb Code    20  stm32f4xx_rcc.o(.text)
    RCC_HSICmd                               0x080053ef   Thumb Code     6  stm32f4xx_rcc.o(.text)
    RCC_LSEConfig                            0x080053f5   Thumb Code    46  stm32f4xx_rcc.o(.text)
    RCC_LSICmd                               0x08005423   Thumb Code     6  stm32f4xx_rcc.o(.text)
    RCC_PLLConfig                            0x08005429   Thumb Code    32  stm32f4xx_rcc.o(.text)
    RCC_PLLCmd                               0x08005449   Thumb Code     6  stm32f4xx_rcc.o(.text)
    RCC_PLLI2SConfig                         0x0800544f   Thumb Code    14  stm32f4xx_rcc.o(.text)
    RCC_PLLI2SCmd                            0x0800545d   Thumb Code     6  stm32f4xx_rcc.o(.text)
    RCC_ClockSecuritySystemCmd               0x08005463   Thumb Code     6  stm32f4xx_rcc.o(.text)
    RCC_MCO1Config                           0x08005469   Thumb Code    28  stm32f4xx_rcc.o(.text)
    RCC_MCO2Config                           0x08005485   Thumb Code    28  stm32f4xx_rcc.o(.text)
    RCC_SYSCLKConfig                         0x080054a1   Thumb Code    20  stm32f4xx_rcc.o(.text)
    RCC_GetSYSCLKSource                      0x080054b5   Thumb Code    12  stm32f4xx_rcc.o(.text)
    RCC_HCLKConfig                           0x080054c1   Thumb Code    20  stm32f4xx_rcc.o(.text)
    RCC_PCLK1Config                          0x080054d5   Thumb Code    20  stm32f4xx_rcc.o(.text)
    RCC_PCLK2Config                          0x080054e9   Thumb Code    22  stm32f4xx_rcc.o(.text)
    RCC_GetClocksFreq                        0x080054ff   Thumb Code   222  stm32f4xx_rcc.o(.text)
    RCC_RTCCLKConfig                         0x080055dd   Thumb Code    54  stm32f4xx_rcc.o(.text)
    RCC_RTCCLKCmd                            0x08005613   Thumb Code     8  stm32f4xx_rcc.o(.text)
    RCC_BackupResetCmd                       0x0800561b   Thumb Code     8  stm32f4xx_rcc.o(.text)
    RCC_I2SCLKConfig                         0x08005623   Thumb Code     6  stm32f4xx_rcc.o(.text)
    RCC_AHB1PeriphClockCmd                   0x08005629   Thumb Code    34  stm32f4xx_rcc.o(.text)
    RCC_AHB2PeriphClockCmd                   0x0800564b   Thumb Code    34  stm32f4xx_rcc.o(.text)
    RCC_AHB3PeriphClockCmd                   0x0800566d   Thumb Code    34  stm32f4xx_rcc.o(.text)
    RCC_APB1PeriphClockCmd                   0x0800568f   Thumb Code    34  stm32f4xx_rcc.o(.text)
    RCC_APB2PeriphClockCmd                   0x080056b1   Thumb Code    34  stm32f4xx_rcc.o(.text)
    RCC_AHB1PeriphResetCmd                   0x080056d3   Thumb Code    34  stm32f4xx_rcc.o(.text)
    RCC_AHB2PeriphResetCmd                   0x080056f5   Thumb Code    72  stm32f4xx_rcc.o(.text)
    RCC_AHB3PeriphResetCmd                   0x0800573d   Thumb Code    34  stm32f4xx_rcc.o(.text)
    RCC_APB1PeriphResetCmd                   0x0800575f   Thumb Code    34  stm32f4xx_rcc.o(.text)
    RCC_APB2PeriphResetCmd                   0x08005781   Thumb Code    34  stm32f4xx_rcc.o(.text)
    RCC_AHB1PeriphClockLPModeCmd             0x080057a3   Thumb Code    34  stm32f4xx_rcc.o(.text)
    RCC_AHB2PeriphClockLPModeCmd             0x080057c5   Thumb Code    34  stm32f4xx_rcc.o(.text)
    RCC_AHB3PeriphClockLPModeCmd             0x080057e7   Thumb Code    34  stm32f4xx_rcc.o(.text)
    RCC_APB1PeriphClockLPModeCmd             0x08005809   Thumb Code    34  stm32f4xx_rcc.o(.text)
    RCC_APB2PeriphClockLPModeCmd             0x0800582b   Thumb Code    34  stm32f4xx_rcc.o(.text)
    RCC_ITConfig                             0x0800584d   Thumb Code    34  stm32f4xx_rcc.o(.text)
    RCC_ClearFlag                            0x0800586f   Thumb Code    18  stm32f4xx_rcc.o(.text)
    RCC_GetITStatus                          0x08005881   Thumb Code    22  stm32f4xx_rcc.o(.text)
    RCC_ClearITPendingBit                    0x08005897   Thumb Code     8  stm32f4xx_rcc.o(.text)
    SPI_I2S_DeInit                           0x080058a5   Thumb Code    76  stm32f4xx_spi.o(.text)
    SPI_Init                                 0x080058f1   Thumb Code    60  stm32f4xx_spi.o(.text)
    I2S_Init                                 0x0800592d   Thumb Code   350  stm32f4xx_spi.o(.text)
    SPI_StructInit                           0x08005a8b   Thumb Code    24  stm32f4xx_spi.o(.text)
    I2S_StructInit                           0x08005aa3   Thumb Code    20  stm32f4xx_spi.o(.text)
    SPI_Cmd                                  0x08005ab7   Thumb Code    24  stm32f4xx_spi.o(.text)
    I2S_Cmd                                  0x08005acf   Thumb Code    24  stm32f4xx_spi.o(.text)
    SPI_DataSizeConfig                       0x08005ae7   Thumb Code    18  stm32f4xx_spi.o(.text)
    SPI_BiDirectionalLineConfig              0x08005af9   Thumb Code    28  stm32f4xx_spi.o(.text)
    SPI_NSSInternalSoftwareConfig            0x08005b15   Thumb Code    30  stm32f4xx_spi.o(.text)
    SPI_SSOutputCmd                          0x08005b33   Thumb Code    24  stm32f4xx_spi.o(.text)
    SPI_TIModeCmd                            0x08005b4b   Thumb Code    24  stm32f4xx_spi.o(.text)
    I2S_FullDuplexConfig                     0x08005b63   Thumb Code    80  stm32f4xx_spi.o(.text)
    SPI_I2S_ReceiveData                      0x08005bb3   Thumb Code     6  stm32f4xx_spi.o(.text)
    SPI_I2S_SendData                         0x08005bb9   Thumb Code     4  stm32f4xx_spi.o(.text)
    SPI_CalculateCRC                         0x08005bbd   Thumb Code    24  stm32f4xx_spi.o(.text)
    SPI_TransmitCRC                          0x08005bd5   Thumb Code    10  stm32f4xx_spi.o(.text)
    SPI_GetCRC                               0x08005bdf   Thumb Code    16  stm32f4xx_spi.o(.text)
    SPI_GetCRCPolynomial                     0x08005bef   Thumb Code     6  stm32f4xx_spi.o(.text)
    SPI_I2S_DMACmd                           0x08005bf5   Thumb Code    18  stm32f4xx_spi.o(.text)
    SPI_I2S_ITConfig                         0x08005c07   Thumb Code    32  stm32f4xx_spi.o(.text)
    SPI_I2S_GetFlagStatus                    0x08005c27   Thumb Code    18  stm32f4xx_spi.o(.text)
    SPI_I2S_ClearFlag                        0x08005c39   Thumb Code     6  stm32f4xx_spi.o(.text)
    SPI_I2S_GetITStatus                      0x08005c3f   Thumb Code    52  stm32f4xx_spi.o(.text)
    SPI_I2S_ClearITPendingBit                0x08005c73   Thumb Code    42  stm32f4xx_spi.o(.text)
    SYSCFG_DeInit                            0x08005c9d   Thumb Code    22  stm32f4xx_syscfg.o(.text)
    SYSCFG_MemoryRemapConfig                 0x08005cb3   Thumb Code     6  stm32f4xx_syscfg.o(.text)
    SYSCFG_EXTILineConfig                    0x08005cb9   Thumb Code    66  stm32f4xx_syscfg.o(.text)
    SYSCFG_ETH_MediaInterfaceConfig          0x08005cfb   Thumb Code     6  stm32f4xx_syscfg.o(.text)
    SYSCFG_CompensationCellCmd               0x08005d01   Thumb Code     6  stm32f4xx_syscfg.o(.text)
    SYSCFG_GetCompensationCellStatus         0x08005d07   Thumb Code    22  stm32f4xx_syscfg.o(.text)
    TIM_DeInit                               0x08005d29   Thumb Code   346  stm32f4xx_tim.o(.text)
    TIM_TimeBaseInit                         0x08005e83   Thumb Code   104  stm32f4xx_tim.o(.text)
    TIM_TimeBaseStructInit                   0x08005eeb   Thumb Code    18  stm32f4xx_tim.o(.text)
    TIM_PrescalerConfig                      0x08005efd   Thumb Code     6  stm32f4xx_tim.o(.text)
    TIM_CounterModeConfig                    0x08005f03   Thumb Code    18  stm32f4xx_tim.o(.text)
    TIM_SetCounter                           0x08005f15   Thumb Code     4  stm32f4xx_tim.o(.text)
    TIM_SetAutoreload                        0x08005f19   Thumb Code     4  stm32f4xx_tim.o(.text)
    TIM_GetCounter                           0x08005f1d   Thumb Code     6  stm32f4xx_tim.o(.text)
    TIM_GetPrescaler                         0x08005f23   Thumb Code     6  stm32f4xx_tim.o(.text)
    TIM_UpdateDisableConfig                  0x08005f29   Thumb Code    24  stm32f4xx_tim.o(.text)
    TIM_UpdateRequestConfig                  0x08005f41   Thumb Code    24  stm32f4xx_tim.o(.text)
    TIM_ARRPreloadConfig                     0x08005f59   Thumb Code    24  stm32f4xx_tim.o(.text)
    TIM_SelectOnePulseMode                   0x08005f71   Thumb Code    18  stm32f4xx_tim.o(.text)
    TIM_SetClockDivision                     0x08005f83   Thumb Code    18  stm32f4xx_tim.o(.text)
    TIM_Cmd                                  0x08005f95   Thumb Code    24  stm32f4xx_tim.o(.text)
    TIM_OC1Init                              0x08005fad   Thumb Code   114  stm32f4xx_tim.o(.text)
    TIM_OC2Init                              0x0800601f   Thumb Code   154  stm32f4xx_tim.o(.text)
    TIM_OC3Init                              0x080060b9   Thumb Code   204  stm32f4xx_tim.o(.text)
    TIM_OC4Init                              0x08006185   Thumb Code   112  stm32f4xx_tim.o(.text)
    TIM_OCStructInit                         0x080061f5   Thumb Code    20  stm32f4xx_tim.o(.text)
    TIM_SelectOCxM                           0x08006209   Thumb Code    86  stm32f4xx_tim.o(.text)
    TIM_SetCompare1                          0x0800625f   Thumb Code     4  stm32f4xx_tim.o(.text)
    TIM_SetCompare2                          0x08006263   Thumb Code     4  stm32f4xx_tim.o(.text)
    TIM_SetCompare3                          0x08006267   Thumb Code     4  stm32f4xx_tim.o(.text)
    TIM_SetCompare4                          0x0800626b   Thumb Code     4  stm32f4xx_tim.o(.text)
    TIM_ForcedOC1Config                      0x0800626f   Thumb Code    18  stm32f4xx_tim.o(.text)
    TIM_ForcedOC2Config                      0x08006281   Thumb Code    26  stm32f4xx_tim.o(.text)
    TIM_ForcedOC3Config                      0x0800629b   Thumb Code    18  stm32f4xx_tim.o(.text)
    TIM_ForcedOC4Config                      0x080062ad   Thumb Code    26  stm32f4xx_tim.o(.text)
    TIM_OC1PreloadConfig                     0x080062c7   Thumb Code    18  stm32f4xx_tim.o(.text)
    TIM_OC2PreloadConfig                     0x080062d9   Thumb Code    26  stm32f4xx_tim.o(.text)
    TIM_OC3PreloadConfig                     0x080062f3   Thumb Code    18  stm32f4xx_tim.o(.text)
    TIM_OC4PreloadConfig                     0x08006305   Thumb Code    26  stm32f4xx_tim.o(.text)
    TIM_OC1FastConfig                        0x0800631f   Thumb Code    18  stm32f4xx_tim.o(.text)
    TIM_OC2FastConfig                        0x08006331   Thumb Code    26  stm32f4xx_tim.o(.text)
    TIM_OC3FastConfig                        0x0800634b   Thumb Code    18  stm32f4xx_tim.o(.text)
    TIM_OC4FastConfig                        0x0800635d   Thumb Code    26  stm32f4xx_tim.o(.text)
    TIM_ClearOC1Ref                          0x08006377   Thumb Code    18  stm32f4xx_tim.o(.text)
    TIM_ClearOC2Ref                          0x08006389   Thumb Code    24  stm32f4xx_tim.o(.text)
    TIM_ClearOC3Ref                          0x080063a1   Thumb Code    18  stm32f4xx_tim.o(.text)
    TIM_ClearOC4Ref                          0x080063b3   Thumb Code    24  stm32f4xx_tim.o(.text)
    TIM_OC1PolarityConfig                    0x080063cb   Thumb Code    18  stm32f4xx_tim.o(.text)
    TIM_OC1NPolarityConfig                   0x080063dd   Thumb Code    18  stm32f4xx_tim.o(.text)
    TIM_OC2PolarityConfig                    0x080063ef   Thumb Code    26  stm32f4xx_tim.o(.text)
    TIM_OC2NPolarityConfig                   0x08006409   Thumb Code    26  stm32f4xx_tim.o(.text)
    TIM_OC3PolarityConfig                    0x08006423   Thumb Code    26  stm32f4xx_tim.o(.text)
    TIM_OC3NPolarityConfig                   0x0800643d   Thumb Code    26  stm32f4xx_tim.o(.text)
    TIM_OC4PolarityConfig                    0x08006457   Thumb Code    26  stm32f4xx_tim.o(.text)
    TIM_CCxCmd                               0x08006471   Thumb Code    30  stm32f4xx_tim.o(.text)
    TIM_CCxNCmd                              0x0800648f   Thumb Code    30  stm32f4xx_tim.o(.text)
    TIM_SetIC4Prescaler                      0x080064ad   Thumb Code    26  stm32f4xx_tim.o(.text)
    TIM_SetIC3Prescaler                      0x08006517   Thumb Code    18  stm32f4xx_tim.o(.text)
    TIM_SetIC2Prescaler                      0x08006571   Thumb Code    26  stm32f4xx_tim.o(.text)
    TIM_SetIC1Prescaler                      0x080065e5   Thumb Code    18  stm32f4xx_tim.o(.text)
    TIM_ICInit                               0x08006631   Thumb Code   110  stm32f4xx_tim.o(.text)
    TIM_ICStructInit                         0x0800669f   Thumb Code    18  stm32f4xx_tim.o(.text)
    TIM_PWMIConfig                           0x080066b1   Thumb Code   124  stm32f4xx_tim.o(.text)
    TIM_GetCapture1                          0x0800672d   Thumb Code     6  stm32f4xx_tim.o(.text)
    TIM_GetCapture2                          0x08006733   Thumb Code     6  stm32f4xx_tim.o(.text)
    TIM_GetCapture3                          0x08006739   Thumb Code     6  stm32f4xx_tim.o(.text)
    TIM_GetCapture4                          0x0800673f   Thumb Code     6  stm32f4xx_tim.o(.text)
    TIM_BDTRConfig                           0x08006745   Thumb Code    32  stm32f4xx_tim.o(.text)
    TIM_BDTRStructInit                       0x08006765   Thumb Code    18  stm32f4xx_tim.o(.text)
    TIM_CtrlPWMOutputs                       0x08006777   Thumb Code    30  stm32f4xx_tim.o(.text)
    TIM_SelectCOM                            0x08006795   Thumb Code    24  stm32f4xx_tim.o(.text)
    TIM_CCPreloadControl                     0x080067ad   Thumb Code    24  stm32f4xx_tim.o(.text)
    TIM_ITConfig                             0x080067c5   Thumb Code    18  stm32f4xx_tim.o(.text)
    TIM_GenerateEvent                        0x080067d7   Thumb Code     4  stm32f4xx_tim.o(.text)
    TIM_GetFlagStatus                        0x080067db   Thumb Code    18  stm32f4xx_tim.o(.text)
    TIM_ClearFlag                            0x080067ed   Thumb Code     6  stm32f4xx_tim.o(.text)
    TIM_GetITStatus                          0x080067f3   Thumb Code    34  stm32f4xx_tim.o(.text)
    TIM_ClearITPendingBit                    0x08006815   Thumb Code     6  stm32f4xx_tim.o(.text)
    TIM_DMAConfig                            0x0800681b   Thumb Code    10  stm32f4xx_tim.o(.text)
    TIM_DMACmd                               0x08006825   Thumb Code    18  stm32f4xx_tim.o(.text)
    TIM_SelectCCDMA                          0x08006837   Thumb Code    24  stm32f4xx_tim.o(.text)
    TIM_InternalClockConfig                  0x0800684f   Thumb Code    12  stm32f4xx_tim.o(.text)
    TIM_SelectInputTrigger                   0x0800685b   Thumb Code    18  stm32f4xx_tim.o(.text)
    TIM_ITRxExternalClockConfig              0x0800686d   Thumb Code    24  stm32f4xx_tim.o(.text)
    TIM_TIxExternalClockConfig               0x08006885   Thumb Code    62  stm32f4xx_tim.o(.text)
    TIM_ETRConfig                            0x080068c3   Thumb Code    28  stm32f4xx_tim.o(.text)
    TIM_ETRClockMode1Config                  0x080068df   Thumb Code    54  stm32f4xx_tim.o(.text)
    TIM_ETRClockMode2Config                  0x08006915   Thumb Code    32  stm32f4xx_tim.o(.text)
    TIM_SelectOutputTrigger                  0x08006935   Thumb Code    18  stm32f4xx_tim.o(.text)
    TIM_SelectSlaveMode                      0x08006947   Thumb Code    18  stm32f4xx_tim.o(.text)
    TIM_SelectMasterSlaveMode                0x08006959   Thumb Code    18  stm32f4xx_tim.o(.text)
    TIM_EncoderInterfaceConfig               0x0800696b   Thumb Code    66  stm32f4xx_tim.o(.text)
    TIM_SelectHallSensor                     0x080069ad   Thumb Code    24  stm32f4xx_tim.o(.text)
    TIM_RemapConfig                          0x080069c5   Thumb Code     6  stm32f4xx_tim.o(.text)
    USART_DeInit                             0x080069cd   Thumb Code   156  stm32f4xx_usart.o(.text)
    USART_Init                               0x08006a69   Thumb Code   204  stm32f4xx_usart.o(.text)
    USART_StructInit                         0x08006b35   Thumb Code    24  stm32f4xx_usart.o(.text)
    USART_ClockInit                          0x08006b4d   Thumb Code    32  stm32f4xx_usart.o(.text)
    USART_ClockStructInit                    0x08006b6d   Thumb Code    12  stm32f4xx_usart.o(.text)
    USART_Cmd                                0x08006b79   Thumb Code    24  stm32f4xx_usart.o(.text)
    USART_SetPrescaler                       0x08006b91   Thumb Code    16  stm32f4xx_usart.o(.text)
    USART_OverSampling8Cmd                   0x08006ba1   Thumb Code    22  stm32f4xx_usart.o(.text)
    USART_OneBitMethodCmd                    0x08006bb7   Thumb Code    24  stm32f4xx_usart.o(.text)
    USART_SendData                           0x08006bcf   Thumb Code     8  stm32f4xx_usart.o(.text)
    USART_ReceiveData                        0x08006bd7   Thumb Code    10  stm32f4xx_usart.o(.text)
    USART_SetAddress                         0x08006be1   Thumb Code    18  stm32f4xx_usart.o(.text)
    USART_ReceiverWakeUpCmd                  0x08006bf3   Thumb Code    24  stm32f4xx_usart.o(.text)
    USART_WakeUpConfig                       0x08006c0b   Thumb Code    18  stm32f4xx_usart.o(.text)
    USART_LINBreakDetectLengthConfig         0x08006c1d   Thumb Code    18  stm32f4xx_usart.o(.text)
    USART_LINCmd                             0x08006c2f   Thumb Code    24  stm32f4xx_usart.o(.text)
    USART_SendBreak                          0x08006c47   Thumb Code    10  stm32f4xx_usart.o(.text)
    USART_HalfDuplexCmd                      0x08006c51   Thumb Code    24  stm32f4xx_usart.o(.text)
    USART_SetGuardTime                       0x08006c69   Thumb Code    16  stm32f4xx_usart.o(.text)
    USART_SmartCardCmd                       0x08006c79   Thumb Code    24  stm32f4xx_usart.o(.text)
    USART_SmartCardNACKCmd                   0x08006c91   Thumb Code    24  stm32f4xx_usart.o(.text)
    USART_IrDAConfig                         0x08006ca9   Thumb Code    18  stm32f4xx_usart.o(.text)
    USART_IrDACmd                            0x08006cbb   Thumb Code    24  stm32f4xx_usart.o(.text)
    USART_DMACmd                             0x08006cd3   Thumb Code    18  stm32f4xx_usart.o(.text)
    USART_ITConfig                           0x08006ce5   Thumb Code    74  stm32f4xx_usart.o(.text)
    USART_GetFlagStatus                      0x08006d2f   Thumb Code    26  stm32f4xx_usart.o(.text)
    USART_ClearFlag                          0x08006d49   Thumb Code    18  stm32f4xx_usart.o(.text)
    USART_GetITStatus                        0x08006d5b   Thumb Code   110  stm32f4xx_usart.o(.text)
    USART_ClearITPendingBit                  0x08006dc9   Thumb Code    30  stm32f4xx_usart.o(.text)
    SystemInit                               0x08006ec5   Thumb Code    88  system_stm32f4xx.o(.text)
    SystemCoreClockUpdate                    0x08006f1d   Thumb Code   174  system_stm32f4xx.o(.text)
    Reset_Handler                            0x08006ff9   Thumb Code     8  startup_stm32f427xx.o(.text)
    NMI_Handler                              0x08007001   Thumb Code     2  startup_stm32f427xx.o(.text)
    HardFault_Handler                        0x08007003   Thumb Code     2  startup_stm32f427xx.o(.text)
    MemManage_Handler                        0x08007005   Thumb Code     2  startup_stm32f427xx.o(.text)
    BusFault_Handler                         0x08007007   Thumb Code     2  startup_stm32f427xx.o(.text)
    UsageFault_Handler                       0x08007009   Thumb Code     2  startup_stm32f427xx.o(.text)
    SVC_Handler                              0x0800700b   Thumb Code     2  startup_stm32f427xx.o(.text)
    DebugMon_Handler                         0x0800700d   Thumb Code     2  startup_stm32f427xx.o(.text)
    PendSV_Handler                           0x0800700f   Thumb Code     2  startup_stm32f427xx.o(.text)
    SysTick_Handler                          0x08007011   Thumb Code     2  startup_stm32f427xx.o(.text)
    ADC_IRQHandler                           0x08007013   Thumb Code     0  startup_stm32f427xx.o(.text)
    CAN1_RX1_IRQHandler                      0x08007013   Thumb Code     0  startup_stm32f427xx.o(.text)
    CAN1_SCE_IRQHandler                      0x08007013   Thumb Code     0  startup_stm32f427xx.o(.text)
    CAN2_RX1_IRQHandler                      0x08007013   Thumb Code     0  startup_stm32f427xx.o(.text)
    CAN2_SCE_IRQHandler                      0x08007013   Thumb Code     0  startup_stm32f427xx.o(.text)
    DCMI_IRQHandler                          0x08007013   Thumb Code     0  startup_stm32f427xx.o(.text)
    DMA1_Stream0_IRQHandler                  0x08007013   Thumb Code     0  startup_stm32f427xx.o(.text)
    DMA1_Stream1_IRQHandler                  0x08007013   Thumb Code     0  startup_stm32f427xx.o(.text)
    DMA1_Stream2_IRQHandler                  0x08007013   Thumb Code     0  startup_stm32f427xx.o(.text)
    DMA1_Stream3_IRQHandler                  0x08007013   Thumb Code     0  startup_stm32f427xx.o(.text)
    DMA1_Stream4_IRQHandler                  0x08007013   Thumb Code     0  startup_stm32f427xx.o(.text)
    DMA1_Stream5_IRQHandler                  0x08007013   Thumb Code     0  startup_stm32f427xx.o(.text)
    DMA1_Stream6_IRQHandler                  0x08007013   Thumb Code     0  startup_stm32f427xx.o(.text)
    DMA1_Stream7_IRQHandler                  0x08007013   Thumb Code     0  startup_stm32f427xx.o(.text)
    DMA2D_IRQHandler                         0x08007013   Thumb Code     0  startup_stm32f427xx.o(.text)
    DMA2_Stream0_IRQHandler                  0x08007013   Thumb Code     0  startup_stm32f427xx.o(.text)
    DMA2_Stream1_IRQHandler                  0x08007013   Thumb Code     0  startup_stm32f427xx.o(.text)
    DMA2_Stream2_IRQHandler                  0x08007013   Thumb Code     0  startup_stm32f427xx.o(.text)
    DMA2_Stream3_IRQHandler                  0x08007013   Thumb Code     0  startup_stm32f427xx.o(.text)
    DMA2_Stream4_IRQHandler                  0x08007013   Thumb Code     0  startup_stm32f427xx.o(.text)
    DMA2_Stream5_IRQHandler                  0x08007013   Thumb Code     0  startup_stm32f427xx.o(.text)
    DMA2_Stream6_IRQHandler                  0x08007013   Thumb Code     0  startup_stm32f427xx.o(.text)
    DMA2_Stream7_IRQHandler                  0x08007013   Thumb Code     0  startup_stm32f427xx.o(.text)
    ETH_IRQHandler                           0x08007013   Thumb Code     0  startup_stm32f427xx.o(.text)
    ETH_WKUP_IRQHandler                      0x08007013   Thumb Code     0  startup_stm32f427xx.o(.text)
    EXTI0_IRQHandler                         0x08007013   Thumb Code     0  startup_stm32f427xx.o(.text)
    EXTI15_10_IRQHandler                     0x08007013   Thumb Code     0  startup_stm32f427xx.o(.text)
    EXTI1_IRQHandler                         0x08007013   Thumb Code     0  startup_stm32f427xx.o(.text)
    EXTI2_IRQHandler                         0x08007013   Thumb Code     0  startup_stm32f427xx.o(.text)
    EXTI3_IRQHandler                         0x08007013   Thumb Code     0  startup_stm32f427xx.o(.text)
    EXTI4_IRQHandler                         0x08007013   Thumb Code     0  startup_stm32f427xx.o(.text)
    FLASH_IRQHandler                         0x08007013   Thumb Code     0  startup_stm32f427xx.o(.text)
    FMC_IRQHandler                           0x08007013   Thumb Code     0  startup_stm32f427xx.o(.text)
    FPU_IRQHandler                           0x08007013   Thumb Code     0  startup_stm32f427xx.o(.text)
    HASH_RNG_IRQHandler                      0x08007013   Thumb Code     0  startup_stm32f427xx.o(.text)
    I2C1_ER_IRQHandler                       0x08007013   Thumb Code     0  startup_stm32f427xx.o(.text)
    I2C1_EV_IRQHandler                       0x08007013   Thumb Code     0  startup_stm32f427xx.o(.text)
    I2C2_ER_IRQHandler                       0x08007013   Thumb Code     0  startup_stm32f427xx.o(.text)
    I2C2_EV_IRQHandler                       0x08007013   Thumb Code     0  startup_stm32f427xx.o(.text)
    I2C3_ER_IRQHandler                       0x08007013   Thumb Code     0  startup_stm32f427xx.o(.text)
    I2C3_EV_IRQHandler                       0x08007013   Thumb Code     0  startup_stm32f427xx.o(.text)
    OTG_FS_IRQHandler                        0x08007013   Thumb Code     0  startup_stm32f427xx.o(.text)
    OTG_FS_WKUP_IRQHandler                   0x08007013   Thumb Code     0  startup_stm32f427xx.o(.text)
    OTG_HS_EP1_IN_IRQHandler                 0x08007013   Thumb Code     0  startup_stm32f427xx.o(.text)
    OTG_HS_EP1_OUT_IRQHandler                0x08007013   Thumb Code     0  startup_stm32f427xx.o(.text)
    OTG_HS_IRQHandler                        0x08007013   Thumb Code     0  startup_stm32f427xx.o(.text)
    OTG_HS_WKUP_IRQHandler                   0x08007013   Thumb Code     0  startup_stm32f427xx.o(.text)
    PVD_IRQHandler                           0x08007013   Thumb Code     0  startup_stm32f427xx.o(.text)
    RCC_IRQHandler                           0x08007013   Thumb Code     0  startup_stm32f427xx.o(.text)
    RTC_Alarm_IRQHandler                     0x08007013   Thumb Code     0  startup_stm32f427xx.o(.text)
    RTC_WKUP_IRQHandler                      0x08007013   Thumb Code     0  startup_stm32f427xx.o(.text)
    SAI1_IRQHandler                          0x08007013   Thumb Code     0  startup_stm32f427xx.o(.text)
    SDIO_IRQHandler                          0x08007013   Thumb Code     0  startup_stm32f427xx.o(.text)
    SPI1_IRQHandler                          0x08007013   Thumb Code     0  startup_stm32f427xx.o(.text)
    SPI2_IRQHandler                          0x08007013   Thumb Code     0  startup_stm32f427xx.o(.text)
    SPI3_IRQHandler                          0x08007013   Thumb Code     0  startup_stm32f427xx.o(.text)
    SPI4_IRQHandler                          0x08007013   Thumb Code     0  startup_stm32f427xx.o(.text)
    SPI5_IRQHandler                          0x08007013   Thumb Code     0  startup_stm32f427xx.o(.text)
    SPI6_IRQHandler                          0x08007013   Thumb Code     0  startup_stm32f427xx.o(.text)
    TAMP_STAMP_IRQHandler                    0x08007013   Thumb Code     0  startup_stm32f427xx.o(.text)
    TIM1_BRK_TIM9_IRQHandler                 0x08007013   Thumb Code     0  startup_stm32f427xx.o(.text)
    TIM1_CC_IRQHandler                       0x08007013   Thumb Code     0  startup_stm32f427xx.o(.text)
    TIM1_TRG_COM_TIM11_IRQHandler            0x08007013   Thumb Code     0  startup_stm32f427xx.o(.text)
    TIM1_UP_TIM10_IRQHandler                 0x08007013   Thumb Code     0  startup_stm32f427xx.o(.text)
    TIM3_IRQHandler                          0x08007013   Thumb Code     0  startup_stm32f427xx.o(.text)
    TIM4_IRQHandler                          0x08007013   Thumb Code     0  startup_stm32f427xx.o(.text)
    TIM5_IRQHandler                          0x08007013   Thumb Code     0  startup_stm32f427xx.o(.text)
    TIM7_IRQHandler                          0x08007013   Thumb Code     0  startup_stm32f427xx.o(.text)
    TIM8_BRK_TIM12_IRQHandler                0x08007013   Thumb Code     0  startup_stm32f427xx.o(.text)
    TIM8_CC_IRQHandler                       0x08007013   Thumb Code     0  startup_stm32f427xx.o(.text)
    TIM8_TRG_COM_TIM14_IRQHandler            0x08007013   Thumb Code     0  startup_stm32f427xx.o(.text)
    TIM8_UP_TIM13_IRQHandler                 0x08007013   Thumb Code     0  startup_stm32f427xx.o(.text)
    UART4_IRQHandler                         0x08007013   Thumb Code     0  startup_stm32f427xx.o(.text)
    UART5_IRQHandler                         0x08007013   Thumb Code     0  startup_stm32f427xx.o(.text)
    UART7_IRQHandler                         0x08007013   Thumb Code     0  startup_stm32f427xx.o(.text)
    UART8_IRQHandler                         0x08007013   Thumb Code     0  startup_stm32f427xx.o(.text)
    USART6_IRQHandler                        0x08007013   Thumb Code     0  startup_stm32f427xx.o(.text)
    WWDG_IRQHandler                          0x08007013   Thumb Code     0  startup_stm32f427xx.o(.text)
    NRF24L01_Init                            0x0800701d   Thumb Code   164  nrf24l01.o(.text)
    NRF24L01_ReadBuf                         0x080070c1   Thumb Code    60  nrf24l01.o(.text)
    NRF24L01_WriteBuf                        0x080070fd   Thumb Code    60  nrf24l01.o(.text)
    NRF24L01_Check                           0x08007139   Thumb Code    78  nrf24l01.o(.text)
    NRF24L01_WriteReg                        0x08007187   Thumb Code    40  nrf24l01.o(.text)
    NRF24L01_ReadReg                         0x080071af   Thumb Code    38  nrf24l01.o(.text)
    NRF24L01_Tx                              0x080071d5   Thumb Code   108  nrf24l01.o(.text)
    NRF24L01_Rx                              0x08007241   Thumb Code    52  nrf24l01.o(.text)
    RX_Mode                                  0x08007275   Thumb Code    88  nrf24l01.o(.text)
    TX_Mode                                  0x080072cd   Thumb Code    88  nrf24l01.o(.text)
    ShowImuData                              0x0800733d   Thumb Code   130  main.o(.text)
    ShowZGyroData                            0x080073bf   Thumb Code    34  main.o(.text)
    main                                     0x080073e1   Thumb Code   138  main.o(.text)
    __aeabi_memset                           0x080074cd   Thumb Code    14  memseta.o(.text)
    __aeabi_memset4                          0x080074cd   Thumb Code     0  memseta.o(.text)
    __aeabi_memset8                          0x080074cd   Thumb Code     0  memseta.o(.text)
    __aeabi_memclr                           0x080074db   Thumb Code     4  memseta.o(.text)
    __aeabi_memclr4                          0x080074db   Thumb Code     0  memseta.o(.text)
    __aeabi_memclr8                          0x080074db   Thumb Code     0  memseta.o(.text)
    _memset$wrapper                          0x080074df   Thumb Code    18  memseta.o(.text)
    strlen                                   0x080074f1   Thumb Code    14  strlen.o(.text)
    __aeabi_dmul                             0x080074ff   Thumb Code   228  dmul.o(.text)
    __aeabi_ddiv                             0x080075e3   Thumb Code   222  ddiv.o(.text)
    __aeabi_i2d                              0x080076c1   Thumb Code    34  dflti.o(.text)
    __aeabi_f2d                              0x080076e3   Thumb Code    38  f2d.o(.text)
    __aeabi_cdrcmple                         0x08007709   Thumb Code    48  cdrcmple.o(.text)
    __aeabi_d2f                              0x08007739   Thumb Code    56  d2f.o(.text)
    __aeabi_uidiv                            0x08007771   Thumb Code     0  uidiv.o(.text)
    __aeabi_uidivmod                         0x08007771   Thumb Code    44  uidiv.o(.text)
    __aeabi_uldivmod                         0x0800779d   Thumb Code    98  uldiv.o(.text)
    __I$use$fp                               0x080077ff   Thumb Code     0  iusefp.o(.text)
    _float_round                             0x080077ff   Thumb Code    18  fepilogue.o(.text)
    _float_epilogue                          0x08007811   Thumb Code    92  fepilogue.o(.text)
    _double_round                            0x0800786d   Thumb Code    30  depilogue.o(.text)
    _double_epilogue                         0x0800788b   Thumb Code   156  depilogue.o(.text)
    __aeabi_dadd                             0x08007927   Thumb Code   322  dadd.o(.text)
    __aeabi_dsub                             0x08007a69   Thumb Code     6  dadd.o(.text)
    __aeabi_drsub                            0x08007a6f   Thumb Code     6  dadd.o(.text)
    _dsqrt                                   0x08007a75   Thumb Code   162  dsqrt.o(.text)
    __aeabi_d2ulz                            0x08007b17   Thumb Code    48  dfixul.o(.text)
    __scatterload                            0x08007b49   Thumb Code    28  init.o(.text)
    __scatterload_rt2                        0x08007b49   Thumb Code     0  init.o(.text)
    __aeabi_llsl                             0x08007b6d   Thumb Code    30  llshl.o(.text)
    _ll_shift_l                              0x08007b6d   Thumb Code     0  llshl.o(.text)
    __aeabi_llsr                             0x08007b8b   Thumb Code    32  llushr.o(.text)
    _ll_ushift_r                             0x08007b8b   Thumb Code     0  llushr.o(.text)
    __aeabi_lasr                             0x08007bab   Thumb Code    36  llsshr.o(.text)
    _ll_sshift_r                             0x08007bab   Thumb Code     0  llsshr.o(.text)
    __decompress                             0x08007bcf   Thumb Code     0  __dczerorl2.o(.text)
    __decompress1                            0x08007bcf   Thumb Code    86  __dczerorl2.o(.text)
    __0printf                                0x08007c25   Thumb Code    22  printfa.o(i.__0printf)
    __1printf                                0x08007c25   Thumb Code     0  printfa.o(i.__0printf)
    __2printf                                0x08007c25   Thumb Code     0  printfa.o(i.__0printf)
    __c89printf                              0x08007c25   Thumb Code     0  printfa.o(i.__0printf)
    printf                                   0x08007c25   Thumb Code     0  printfa.o(i.__0printf)
    __ARM_fpclassify                         0x08007c45   Thumb Code    48  fpclassify.o(i.__ARM_fpclassify)
    __hardfp_asin                            0x08007c79   Thumb Code   770  asin.o(i.__hardfp_asin)
    __hardfp_atan                            0x08007fd9   Thumb Code   622  atan.o(i.__hardfp_atan)
    __hardfp_atan2                           0x080082b1   Thumb Code   432  atan2.o(i.__hardfp_atan2)
    __hardfp_fabs                            0x080084a1   Thumb Code    20  fabs.o(i.__hardfp_fabs)
    __hardfp_sqrt                            0x080084b5   Thumb Code   122  sqrt.o(i.__hardfp_sqrt)
    __kernel_poly                            0x0800852f   Thumb Code   248  poly.o(i.__kernel_poly)
    __mathlib_dbl_infnan                     0x08008627   Thumb Code    20  dunder.o(i.__mathlib_dbl_infnan)
    __mathlib_dbl_infnan2                    0x0800863b   Thumb Code    20  dunder.o(i.__mathlib_dbl_infnan2)
    __mathlib_dbl_invalid                    0x08008651   Thumb Code    24  dunder.o(i.__mathlib_dbl_invalid)
    __mathlib_dbl_underflow                  0x08008671   Thumb Code    24  dunder.o(i.__mathlib_dbl_underflow)
    __scatterload_copy                       0x08008691   Thumb Code    14  handlers.o(i.__scatterload_copy)
    __scatterload_null                       0x0800869f   Thumb Code     2  handlers.o(i.__scatterload_null)
    __scatterload_zeroinit                   0x080086a1   Thumb Code    14  handlers.o(i.__scatterload_zeroinit)
    __set_errno                              0x080086b1   Thumb Code     6  errno.o(i.__set_errno)
    atan                                     0x08008f6f   Thumb Code    16  atan.o(i.atan)
    fabs                                     0x08008f7f   Thumb Code    24  fabs.o(i.fabs)
    free                                     0x08008f99   Thumb Code    76  malloc.o(i.free)
    malloc                                   0x08008fe9   Thumb Code    92  malloc.o(i.malloc)
    sqrt                                     0x08009055   Thumb Code   110  sqrt.o(i.sqrt)
    TX_ADDRESS                               0x080090c2   Data           5  nrf24l01.o(.constdata)
    RX_ADDRESS                               0x080090c7   Data           5  nrf24l01.o(.constdata)
    __mathlib_zero                           0x080091b8   Data           8  qnan.o(.constdata)
    Region$$Table$$Base                      0x080091c0   Number         0  anon$$obj.o(Region$$Table)
    Region$$Table$$Limit                     0x080091e0   Number         0  anon$$obj.o(Region$$Table)
    workingState                             0x20000000   Data           1  controller.o(.data)
    lastWorkingState                         0x20000001   Data           1  controller.o(.data)
    chassisPositionXPid                      0x20000004   Data          80  controller.o(.data)
    chassisPositionYPid                      0x20000054   Data          80  controller.o(.data)
    chassisPositionZPid                      0x200000a4   Data          80  controller.o(.data)
    chassisSpeedXPid                         0x200000f4   Data          80  controller.o(.data)
    chassisSpeedYPid                         0x20000144   Data          80  controller.o(.data)
    chassisSpeedZPid                         0x20000194   Data          80  controller.o(.data)
    gimbalsPositionYawPID                    0x200001e4   Data          80  controller.o(.data)
    gimbalsPositionPitchPID                  0x20000234   Data          80  controller.o(.data)
    gimbalsSpeedYawPID                       0x20000284   Data          80  controller.o(.data)
    gimbalsSpeedPitchPID                     0x200002d4   Data          80  controller.o(.data)
    chassisRamp                              0x20000324   Data          48  controller.o(.data)
    gimbalsRamp                              0x20000354   Data          48  controller.o(.data)
    chassisMotorCurrent                      0x20000384   Data           8  controller.o(.data)
    gimbalsMotorCurrent                      0x2000038c   Data           4  controller.o(.data)
    inputMode                                0x20000394   Data           1  inputscaner.o(.data)
    lastInputMode                            0x20000395   Data           1  inputscaner.o(.data)
    ctrlMode                                 0x20000396   Data           1  inputscaner.o(.data)
    lastCtrlMode                             0x20000397   Data           1  inputscaner.o(.data)
    switchPanel                              0x20000398   Data           6  inputscaner.o(.data)
    gimbalsPosition                          0x2000039e   Data           8  inputscaner.o(.data)
    gimbalsSpeed                             0x200003a6   Data           8  inputscaner.o(.data)
    gimbalsCurrent                           0x200003ae   Data           8  inputscaner.o(.data)
    mafilter_x                               0x200003b8   Data           4  inputscaner.o(.data)
    mafilter_y                               0x200003bc   Data           4  inputscaner.o(.data)
    mafilter_z                               0x200003c0   Data           4  inputscaner.o(.data)
    ZGyroAngle                               0x200003c4   Data           4  canbus.o(.data)
    dbuf                                     0x200003c8   Data           4  usart1.o(.data)
    usart2_tx_fifo                           0x200003d0   Data           4  usart2.o(.data)
    usart2_rx_data                           0x200003d4   Data           1  usart2.o(.data)
    usart3_tx_fifo                           0x200003d8   Data           4  usart3.o(.data)
    usart3_rx_data                           0x200003dc   Data           1  usart3.o(.data)
    exInt                                    0x200003e0   Data           4  imu.o(.data)
    eyInt                                    0x200003e4   Data           4  imu.o(.data)
    ezInt                                    0x200003e8   Data           4  imu.o(.data)
    q0                                       0x200003ec   Data           4  imu.o(.data)
    q1                                       0x200003f0   Data           4  imu.o(.data)
    q2                                       0x200003f4   Data           4  imu.o(.data)
    q3                                       0x200003f8   Data           4  imu.o(.data)
    lastUpdate                               0x20000420   Data           4  imu.o(.data)
    now                                      0x20000424   Data           4  imu.o(.data)
    yaw_temp                                 0x20000428   Data           4  imu.o(.data)
    pitch_temp                               0x2000042c   Data           4  imu.o(.data)
    roll_temp                                0x20000430   Data           4  imu.o(.data)
    last_yaw_temp                            0x20000434   Data           4  imu.o(.data)
    last_pitch_temp                          0x20000438   Data           4  imu.o(.data)
    last_roll_temp                           0x2000043c   Data           4  imu.o(.data)
    yaw_angle                                0x20000440   Data           4  imu.o(.data)
    pitch_angle                              0x20000444   Data           4  imu.o(.data)
    roll_angle                               0x20000448   Data           4  imu.o(.data)
    MPU6050_Lastax                           0x20000450   Data           2  mpu6050_driver.o(.data)
    MPU6050_Lastay                           0x20000452   Data           2  mpu6050_driver.o(.data)
    MPU6050_Lastaz                           0x20000454   Data           2  mpu6050_driver.o(.data)
    MPU6050_Lastgx                           0x20000456   Data           2  mpu6050_driver.o(.data)
    MPU6050_Lastgy                           0x20000458   Data           2  mpu6050_driver.o(.data)
    MPU6050_Lastgz                           0x2000045a   Data           2  mpu6050_driver.o(.data)
    imu_it_flag                              0x2000045c   Data           1  mpu6050_interrupt.o(.data)
    SystemCoreClock                          0x20000470   Data           4  system_stm32f4xx.o(.data)
    AHBPrescTable                            0x20000474   Data          16  system_stm32f4xx.o(.data)
    __stdout                                 0x20000484   Data           4  stdout.o(.data)
    __microlib_freelist                      0x20000488   Data           4  mvars.o(.data)
    __microlib_freelist_initialised          0x2000048c   Data           4  mvars.o(.data)
    mecanumPosition                          0x20000494   Data          28  controller.o(.bss)
    mecanumSpeed                             0x200004b0   Data          28  controller.o(.bss)
    mecanumCurrent                           0x200004cc   Data          28  controller.o(.bss)
    keyboard                                 0x200004e8   Data          24  inputscaner.o(.bss)
    chassisPosition                          0x20000500   Data          12  inputscaner.o(.bss)
    chassisSpeed                             0x2000050c   Data          12  inputscaner.o(.bss)
    chassisCurrent                           0x20000518   Data          12  inputscaner.o(.bss)
    CM1Encoder                               0x20000524   Data          88  canbus.o(.bss)
    CM2Encoder                               0x2000057c   Data          88  canbus.o(.bss)
    CM3Encoder                               0x200005d4   Data          88  canbus.o(.bss)
    CM4Encoder                               0x2000062c   Data          88  canbus.o(.bss)
    GMYEncoder                               0x20000684   Data          88  canbus.o(.bss)
    GMPEncoder                               0x200006dc   Data          88  canbus.o(.bss)
    can1RxMsg                                0x20000734   Data          20  can1.o(.bss)
    can2RxMsg                                0x20000748   Data          20  can2.o(.bss)
    usart1_dma_rx_buf                        0x2000075c   Data          72  usart1.o(.bss)
    dbus                                     0x200007a4   Data          22  usart1.o(.bss)
    mygetqval                                0x200007bc   Data          36  imu.o(.bss)
    angle                                    0x200007f0   Data          12  imu.o(.bss)
    MPU6050_Raw_Data                         0x200007fc   Data          14  mpu6050_driver.o(.bss)
    MPU6050_Real_Data                        0x2000080a   Data          28  mpu6050_driver.o(.bss)
    ahrs                                     0x20000826   Data          12  mpu6050_driver.o(.bss)
    mpu_buf                                  0x20000832   Data          20  mpu6050_driver.o(.bss)
    MPU6050_FIFO                             0x20000846   Data         132  mpu6050_driver.o(.bss)
    __heap_base                              0x200008d0   Data           0  startup_stm32f427xx.o(HEAP)
    __heap_limit                             0x200018d0   Data           0  startup_stm32f427xx.o(HEAP)
    __initial_sp                             0x20001cd0   Data           0  startup_stm32f427xx.o(STACK)



==============================================================================

Memory Map of the image

  Image Entry point : 0x080001ad

  Load Region LR_IROM1 (Base: 0x08000000, Size: 0x00009674, Max: 0x00200000, ABSOLUTE, COMPRESSED[0x00009258])

    Execution Region ER_IROM1 (Base: 0x08000000, Size: 0x000091e0, Max: 0x00200000, ABSOLUTE)

    Base Addr    Size         Type   Attr      Idx    E Section Name        Object

    0x08000000   0x000001ac   Data   RO         1478    RESET               startup_stm32f427xx.o
    0x080001ac   0x00000000   Code   RO         1578  * .ARM.Collect$$$$00000000  mc_w.l(entry.o)
    0x080001ac   0x00000004   Code   RO         1925    .ARM.Collect$$$$00000001  mc_w.l(entry2.o)
    0x080001b0   0x00000004   Code   RO         1928    .ARM.Collect$$$$00000004  mc_w.l(entry5.o)
    0x080001b4   0x00000000   Code   RO         1930    .ARM.Collect$$$$00000008  mc_w.l(entry7b.o)
    0x080001b4   0x00000000   Code   RO         1932    .ARM.Collect$$$$0000000A  mc_w.l(entry8b.o)
    0x080001b4   0x00000008   Code   RO         1933    .ARM.Collect$$$$0000000B  mc_w.l(entry9a.o)
    0x080001bc   0x00000000   Code   RO         1935    .ARM.Collect$$$$0000000D  mc_w.l(entry10a.o)
    0x080001bc   0x00000000   Code   RO         1937    .ARM.Collect$$$$0000000F  mc_w.l(entry11a.o)
    0x080001bc   0x00000004   Code   RO         1926    .ARM.Collect$$$$00002712  mc_w.l(entry2.o)
    0x080001c0   0x000001b4   Code   RO           72    .text               fifo.o
    0x08000374   0x0000012c   Code   RO          108    .text               mafilter_f32.o
    0x080004a0   0x000001bc   Code   RO          153    .text               pid.o
    0x0800065c   0x00000086   Code   RO          168    .text               ramp.o
    0x080006e2   0x00000002   PAD
    0x080006e4   0x00000140   Code   RO          183    .text               mecanum.o
    0x08000824   0x0000000c   Code   RO          223    .text               can1bus.o
    0x08000830   0x0000000c   Code   RO          427    .text               can2bus.o
    0x0800083c   0x00000534   Code   RO          451    .text               controller.o
    0x08000d70   0x000009d0   Code   RO          482    .text               inputscaner.o
    0x08001740   0x00000006   Code   RO          577    .text               canbus.o
    0x08001746   0x00000002   PAD
    0x08001748   0x00000054   Code   RO          608    .text               bsp.o
    0x0800179c   0x0000015c   Code   RO          632    .text               can1.o
    0x080018f8   0x00000150   Code   RO          662    .text               can2.o
    0x08001a48   0x00000148   Code   RO          716    .text               dbus.o
    0x08001b90   0x00000036   Code   RO          731    .text               delay.o
    0x08001bc6   0x00000002   PAD
    0x08001bc8   0x000001b4   Code   RO          755    .text               encoder.o
    0x08001d7c   0x0000006c   Code   RO          779    .text               led.o
    0x08001de8   0x000000ae   Code   RO          803    .text               motor.o
    0x08001e96   0x00000002   PAD
    0x08001e98   0x000001a8   Code   RO          827    .text               pwm.o
    0x08002040   0x00000114   Code   RO          875    .text               spi1.o
    0x08002154   0x0000013c   Code   RO          899    .text               timer.o
    0x08002290   0x000001d0   Code   RO          923    .text               usart1.o
    0x08002460   0x000001e4   Code   RO          954    .text               usart2.o
    0x08002644   0x000001ac   Code   RO          984    .text               usart3.o
    0x080027f0   0x0000005c   Code   RO         1014    .text               zgyro.o
    0x0800284c   0x00000ea0   Code   RO         1038    .text               imu.o
    0x080036ec   0x000005a0   Code   RO         1070    .text               mpu6050_driver.o
    0x08003c8c   0x0000039c   Code   RO         1105    .text               mpu6050_i2c.o
    0x08004028   0x00000104   Code   RO         1129    .text               mpu6050_interrupt.o
    0x0800412c   0x000000e0   Code   RO         1159    .text               misc.o
    0x0800420c   0x000009f0   Code   RO         1183    .text               stm32f4xx_can.o
    0x08004bfc   0x000003a8   Code   RO         1207    .text               stm32f4xx_dma.o
    0x08004fa4   0x0000011c   Code   RO         1231    .text               stm32f4xx_exti.o
    0x080050c0   0x0000025c   Code   RO         1279    .text               stm32f4xx_gpio.o
    0x0800531c   0x00000588   Code   RO         1327    .text               stm32f4xx_rcc.o
    0x080058a4   0x000003f8   Code   RO         1353    .text               stm32f4xx_spi.o
    0x08005c9c   0x0000008c   Code   RO         1377    .text               stm32f4xx_syscfg.o
    0x08005d28   0x00000ca2   Code   RO         1401    .text               stm32f4xx_tim.o
    0x080069ca   0x00000002   PAD
    0x080069cc   0x0000041a   Code   RO         1425    .text               stm32f4xx_usart.o
    0x08006de6   0x00000002   PAD
    0x08006de8   0x00000210   Code   RO         1449    .text               system_stm32f4xx.o
    0x08006ff8   0x00000024   Code   RO         1479    .text               startup_stm32f427xx.o
    0x0800701c   0x00000320   Code   RO         1486    .text               nrf24l01.o
    0x0800733c   0x00000190   Code   RO         1513    .text               main.o
    0x080074cc   0x00000024   Code   RO         1583    .text               mc_w.l(memseta.o)
    0x080074f0   0x0000000e   Code   RO         1585    .text               mc_w.l(strlen.o)
    0x080074fe   0x000000e4   Code   RO         1878    .text               mf_w.l(dmul.o)
    0x080075e2   0x000000de   Code   RO         1880    .text               mf_w.l(ddiv.o)
    0x080076c0   0x00000022   Code   RO         1884    .text               mf_w.l(dflti.o)
    0x080076e2   0x00000026   Code   RO         1886    .text               mf_w.l(f2d.o)
    0x08007708   0x00000030   Code   RO         1888    .text               mf_w.l(cdrcmple.o)
    0x08007738   0x00000038   Code   RO         1890    .text               mf_w.l(d2f.o)
    0x08007770   0x0000002c   Code   RO         1940    .text               mc_w.l(uidiv.o)
    0x0800779c   0x00000062   Code   RO         1942    .text               mc_w.l(uldiv.o)
    0x080077fe   0x00000000   Code   RO         1953    .text               mc_w.l(iusefp.o)
    0x080077fe   0x0000006e   Code   RO         1954    .text               mf_w.l(fepilogue.o)
    0x0800786c   0x000000ba   Code   RO         1956    .text               mf_w.l(depilogue.o)
    0x08007926   0x0000014e   Code   RO         1958    .text               mf_w.l(dadd.o)
    0x08007a74   0x000000a2   Code   RO         1960    .text               mf_w.l(dsqrt.o)
    0x08007b16   0x00000030   Code   RO         1962    .text               mf_w.l(dfixul.o)
    0x08007b46   0x00000002   PAD
    0x08007b48   0x00000024   Code   RO         1966    .text               mc_w.l(init.o)
    0x08007b6c   0x0000001e   Code   RO         1968    .text               mc_w.l(llshl.o)
    0x08007b8a   0x00000020   Code   RO         1970    .text               mc_w.l(llushr.o)
    0x08007baa   0x00000024   Code   RO         1972    .text               mc_w.l(llsshr.o)
    0x08007bce   0x00000056   Code   RO         1982    .text               mc_w.l(__dczerorl2.o)
    0x08007c24   0x00000020   Code   RO         1822    i.__0printf         mc_w.l(printfa.o)
    0x08007c44   0x00000030   Code   RO         1920    i.__ARM_fpclassify  m_wm.l(fpclassify.o)
    0x08007c74   0x00000004   PAD
    0x08007c78   0x00000360   Code   RO         1534    i.__hardfp_asin     m_wm.l(asin.o)
    0x08007fd8   0x000002d8   Code   RO         1892    i.__hardfp_atan     m_wm.l(atan.o)
    0x080082b0   0x000001f0   Code   RO         1548    i.__hardfp_atan2    m_wm.l(atan2.o)
    0x080084a0   0x00000014   Code   RO         1560    i.__hardfp_fabs     m_wm.l(fabs.o)
    0x080084b4   0x0000007a   Code   RO         1566    i.__hardfp_sqrt     m_wm.l(sqrt.o)
    0x0800852e   0x000000f8   Code   RO         1922    i.__kernel_poly     m_wm.l(poly.o)
    0x08008626   0x00000014   Code   RO         1907    i.__mathlib_dbl_infnan  m_wm.l(dunder.o)
    0x0800863a   0x00000014   Code   RO         1908    i.__mathlib_dbl_infnan2  m_wm.l(dunder.o)
    0x0800864e   0x00000002   PAD
    0x08008650   0x00000020   Code   RO         1909    i.__mathlib_dbl_invalid  m_wm.l(dunder.o)
    0x08008670   0x00000020   Code   RO         1912    i.__mathlib_dbl_underflow  m_wm.l(dunder.o)
    0x08008690   0x0000000e   Code   RO         1976    i.__scatterload_copy  mc_w.l(handlers.o)
    0x0800869e   0x00000002   Code   RO         1977    i.__scatterload_null  mc_w.l(handlers.o)
    0x080086a0   0x0000000e   Code   RO         1978    i.__scatterload_zeroinit  mc_w.l(handlers.o)
    0x080086ae   0x00000002   PAD
    0x080086b0   0x0000000c   Code   RO         1948    i.__set_errno       mc_w.l(errno.o)
    0x080086bc   0x00000184   Code   RO         1829    i._fp_digits        mc_w.l(printfa.o)
    0x08008840   0x000006dc   Code   RO         1830    i._printf_core      mc_w.l(printfa.o)
    0x08008f1c   0x00000024   Code   RO         1831    i._printf_post_padding  mc_w.l(printfa.o)
    0x08008f40   0x0000002e   Code   RO         1832    i._printf_pre_padding  mc_w.l(printfa.o)
    0x08008f6e   0x00000010   Code   RO         1894    i.atan              m_wm.l(atan.o)
    0x08008f7e   0x00000018   Code   RO         1562    i.fabs              m_wm.l(fabs.o)
    0x08008f96   0x00000002   PAD
    0x08008f98   0x00000050   Code   RO         1850    i.free              mc_w.l(malloc.o)
    0x08008fe8   0x0000006c   Code   RO         1851    i.malloc            mc_w.l(malloc.o)
    0x08009054   0x0000006e   Code   RO         1568    i.sqrt              m_wm.l(sqrt.o)
    0x080090c2   0x0000000a   Data   RO         1487    .constdata          nrf24l01.o
    0x080090cc   0x00000004   PAD
    0x080090d0   0x00000050   Data   RO         1537    .constdata          m_wm.l(asin.o)
    0x08009120   0x00000098   Data   RO         1895    .constdata          m_wm.l(atan.o)
    0x080091b8   0x00000008   Data   RO         1924    .constdata          m_wm.l(qnan.o)
    0x080091c0   0x00000020   Data   RO         1974    Region$$Table       anon$$obj.o


    Execution Region RW_IRAM1 (Base: 0x20000000, Size: 0x00001cd0, Max: 0x00030000, ABSOLUTE, COMPRESSED[0x00000078])

    Base Addr    Size         Type   Attr      Idx    E Section Name        Object

    0x20000000   0x00000394   Data   RW          453    .data               controller.o
    0x20000394   0x00000030   Data   RW          484    .data               inputscaner.o
    0x200003c4   0x00000004   Data   RW          579    .data               canbus.o
    0x200003c8   0x00000008   Data   RW          925    .data               usart1.o
    0x200003d0   0x00000005   Data   RW          955    .data               usart2.o
    0x200003d5   0x00000003   PAD
    0x200003d8   0x00000005   Data   RW          985    .data               usart3.o
    0x200003dd   0x00000003   PAD
    0x200003e0   0x00000070   Data   RW         1040    .data               imu.o
    0x20000450   0x0000000c   Data   RW         1072    .data               mpu6050_driver.o
    0x2000045c   0x00000001   Data   RW         1130    .data               mpu6050_interrupt.o
    0x2000045d   0x00000010   Data   RW         1328    .data               stm32f4xx_rcc.o
    0x2000046d   0x00000003   PAD
    0x20000470   0x00000014   Data   RW         1450    .data               system_stm32f4xx.o
    0x20000484   0x00000004   Data   RW         1939    .data               mc_w.l(stdout.o)
    0x20000488   0x00000004   Data   RW         1944    .data               mc_w.l(mvars.o)
    0x2000048c   0x00000004   Data   RW         1945    .data               mc_w.l(mvars.o)
    0x20000490   0x00000004   Data   RW         1949    .data               mc_w.l(errno.o)
    0x20000494   0x00000054   Zero   RW          452    .bss                controller.o
    0x200004e8   0x0000003c   Zero   RW          483    .bss                inputscaner.o
    0x20000524   0x00000210   Zero   RW          578    .bss                canbus.o
    0x20000734   0x00000014   Zero   RW          633    .bss                can1.o
    0x20000748   0x00000014   Zero   RW          663    .bss                can2.o
    0x2000075c   0x0000005e   Zero   RW          924    .bss                usart1.o
    0x200007ba   0x00000002   PAD
    0x200007bc   0x00000040   Zero   RW         1039    .bss                imu.o
    0x200007fc   0x000000ce   Zero   RW         1071    .bss                mpu6050_driver.o
    0x200008ca   0x00000006   PAD
    0x200008d0   0x00001000   Zero   RW         1477    HEAP                startup_stm32f427xx.o
    0x200018d0   0x00000400   Zero   RW         1476    STACK               startup_stm32f427xx.o


==============================================================================

Image component sizes


      Code (inc. data)   RO Data    RW Data    ZI Data      Debug   Object Name

        84         10          0          0          0        529   bsp.o
       348         18          0          0         20       1249   can1.o
        12          0          0          0          0     289446   can1bus.o
       336         12          0          0         20       1245   can2.o
        12          0          0          0          0        810   can2bus.o
         6          0          0          4        528       1252   canbus.o
      1332        150          0        916         84       4869   controller.o
         0          0          0          0          0       4508   crc8.o
       328          0          0          0          0       1856   dbus.o
        54          0          0          0          0        812   delay.o
       436         22          0          0          0       1645   encoder.o
       436          0          0          0          0       5040   fifo.o
      3744        302          0        112         64       4745   imu.o
      2512        164          0         48         60       7215   inputscaner.o
       108          8          0          0          0        541   led.o
       300          4          0          0          0       2513   mafilter_f32.o
       400         98          0          0          0        973   main.o
       320          8          0          0          0       1434   mecanum.o
       224         20          0          0          0       1829   misc.o
       174          0          0          0          0       1428   motor.o
      1440        228          0         12        206       6929   mpu6050_driver.o
       924         92          0          0          0       3856   mpu6050_i2c.o
       260         10          0          1          0       1136   mpu6050_interrupt.o
       800         24         10          0          0       3749   nrf24l01.o
       444          4          0          0          0       2153   pid.o
       424         16          0          0          0        753   pwm.o
       134          0          0          0          0       3206   ramp.o
       276          8          0          0          0        995   spi1.o
        36          8        428          0       5120        840   startup_stm32f427xx.o
      2544         38          0          0          0       8152   stm32f4xx_can.o
       936         32          0          0          0       6405   stm32f4xx_dma.o
       284         10          0          0          0       2331   stm32f4xx_exti.o
       604         36          0          0          0       4137   stm32f4xx_gpio.o
      1416         48          0         16          0      11067   stm32f4xx_rcc.o
      1016         22          0          0          0       6849   stm32f4xx_spi.o
       140         12          0          0          0       1687   stm32f4xx_syscfg.o
      3234         60          0          0          0      23020   stm32f4xx_tim.o
      1050         26          0          0          0       7868   stm32f4xx_usart.o
       528         46          0         20          0       1867   system_stm32f4xx.o
       316          6          0          0          0       1683   timer.o
       464         32          0          8         94       1564   usart1.o
       484         24          0          5          0       2064   usart2.o
       428         16          0          5          0       2294   usart3.o
        92          6          0          0          0        572   zgyro.o

    ----------------------------------------------------------------------
     29452       1620        474       1156       6204     439116   Object Totals
         0          0         32          0          0          0   (incl. Generated)
        12          0          4          9          8          0   (incl. Padding)

    ----------------------------------------------------------------------

      Code (inc. data)   RO Data    RW Data    ZI Data      Debug   Library Member Name

       864         94         80          0          0        280   asin.o
       744        106        152          0          0        352   atan.o
       496         64          0          0          0        192   atan2.o
       104         16          0          0          0        496   dunder.o
        44          0          0          0          0        248   fabs.o
        48          0          0          0          0        124   fpclassify.o
       248          0          0          0          0        152   poly.o
         0          0          8          0          0          0   qnan.o
       232          0          0          0          0        296   sqrt.o
        86          0          0          0          0          0   __dczerorl2.o
         0          0          0          0          0          0   entry.o
         0          0          0          0          0          0   entry10a.o
         0          0          0          0          0          0   entry11a.o
         8          4          0          0          0          0   entry2.o
         4          0          0          0          0          0   entry5.o
         0          0          0          0          0          0   entry7b.o
         0          0          0          0          0          0   entry8b.o
         8          4          0          0          0          0   entry9a.o
        12          6          0          4          0         68   errno.o
        30          0          0          0          0          0   handlers.o
        36          8          0          0          0         68   init.o
         0          0          0          0          0          0   iusefp.o
        30          0          0          0          0         68   llshl.o
        36          0          0          0          0         68   llsshr.o
        32          0          0          0          0         68   llushr.o
       188         20          0          0          0        160   malloc.o
        36          0          0          0          0        108   memseta.o
         0          0          0          8          0          0   mvars.o
      2258         90          0          0          0        452   printfa.o
         0          0          0          4          0          0   stdout.o
        14          0          0          0          0         68   strlen.o
        44          0          0          0          0         80   uidiv.o
        98          0          0          0          0         92   uldiv.o
        48          0          0          0          0         68   cdrcmple.o
        56          0          0          0          0         88   d2f.o
       334          0          0          0          0        148   dadd.o
       222          0          0          0          0        100   ddiv.o
       186          0          0          0          0        176   depilogue.o
        48          0          0          0          0         68   dfixul.o
        34          0          0          0          0         76   dflti.o
       228          0          0          0          0         96   dmul.o
       162          0          0          0          0        100   dsqrt.o
        38          0          0          0          0         68   f2d.o
       110          0          0          0          0        168   fepilogue.o

    ----------------------------------------------------------------------
      7178        412        240         16          0       4596   Library Totals
        12          0          0          0          0          0   (incl. Padding)

    ----------------------------------------------------------------------

      Code (inc. data)   RO Data    RW Data    ZI Data      Debug   Library Name

      2780        280        240          0          0       2140   m_wm.l
      2920        132          0         16          0       1300   mc_w.l
      1466          0          0          0          0       1156   mf_w.l

    ----------------------------------------------------------------------
      7178        412        240         16          0       4596   Library Totals

    ----------------------------------------------------------------------

==============================================================================


      Code (inc. data)   RO Data    RW Data    ZI Data      Debug   

     36630       2032        714       1172       6204     433848   Grand Totals
     36630       2032        714        120       6204     433848   ELF Image Totals (compressed)
     36630       2032        714        120          0          0   ROM Totals

==============================================================================

    Total RO  Size (Code + RO Data)                37344 (  36.47kB)
    Total RW  Size (RW Data + ZI Data)              7376 (   7.20kB)
    Total ROM Size (Code + RO Data + RW Data)      37464 (  36.59kB)

==============================================================================

